Component: ARM Compiler 5.06 update 4 (build 422) Tool: armlink [4d35d2]

==============================================================================

Section Cross References

    applications.o(i.led1_thread_entry) refers to led.o(i.led_init) for led_init
    applications.o(i.led1_thread_entry) refers to led.o(i.led_on) for led_on
    applications.o(i.led1_thread_entry) refers to thread.o(i.rt_thread_delay) for rt_thread_delay
    applications.o(i.led1_thread_entry) refers to led.o(i.led_off) for led_off
    applications.o(i.led2_thread_entry) refers to led.o(i.led_init) for led_init
    applications.o(i.led2_thread_entry) refers to led.o(i.led_on) for led_on
    applications.o(i.led2_thread_entry) refers to thread.o(i.rt_thread_delay) for rt_thread_delay
    applications.o(i.led2_thread_entry) refers to led.o(i.led_off) for led_off
    applications.o(i.led3_thread_entry) refers to led.o(i.led_init) for led_init
    applications.o(i.led3_thread_entry) refers to led.o(i.led_on) for led_on
    applications.o(i.led3_thread_entry) refers to thread.o(i.rt_thread_delay) for rt_thread_delay
    applications.o(i.led3_thread_entry) refers to led.o(i.led_off) for led_off
    applications.o(i.rt_application_init) refers to thread.o(i.rt_thread_init) for rt_thread_init
    applications.o(i.rt_application_init) refers to thread.o(i.rt_thread_startup) for rt_thread_startup
    applications.o(i.rt_application_init) refers to thread.o(i.rt_thread_detach) for rt_thread_detach
    applications.o(i.rt_application_init) refers to thread.o(i.rt_thread_create) for rt_thread_create
    applications.o(i.rt_application_init) refers to thread.o(i.rt_thread_delete) for rt_thread_delete
    applications.o(i.rt_application_init) refers to applications.o(.bss) for led1_stack
    applications.o(i.rt_application_init) refers to applications.o(i.led1_thread_entry) for led1_thread_entry
    applications.o(i.rt_application_init) refers to applications.o(i.led2_thread_entry) for led2_thread_entry
    applications.o(i.rt_application_init) refers to applications.o(i.led3_thread_entry) for led3_thread_entry
    applications.o(i.rt_application_init) refers to applications.o(.data) for led3_thread
    startup.o(i.assert_failed) refers to kservice.o(i.rt_kprintf) for rt_kprintf
    startup.o(i.main) refers to context_rvds.o(.text) for rt_hw_interrupt_disable
    startup.o(i.main) refers to startup.o(i.rtthread_startup) for rtthread_startup
    startup.o(i.rtthread_startup) refers to board.o(i.rt_hw_board_init) for rt_hw_board_init
    startup.o(i.rtthread_startup) refers to kservice.o(i.rt_show_version) for rt_show_version
    startup.o(i.rtthread_startup) refers to mem.o(i.rt_system_heap_init) for rt_system_heap_init
    startup.o(i.rtthread_startup) refers to scheduler.o(i.rt_system_scheduler_init) for rt_system_scheduler_init
    startup.o(i.rtthread_startup) refers to timer.o(i.rt_system_timer_init) for rt_system_timer_init
    startup.o(i.rtthread_startup) refers to timer.o(i.rt_system_timer_thread_init) for rt_system_timer_thread_init
    startup.o(i.rtthread_startup) refers to applications.o(i.rt_application_init) for rt_application_init
    startup.o(i.rtthread_startup) refers to idle.o(i.rt_thread_idle_init) for rt_thread_idle_init
    startup.o(i.rtthread_startup) refers to shell.o(i.finsh_system_init) for finsh_system_init
    startup.o(i.rtthread_startup) refers to scheduler.o(i.rt_system_scheduler_start) for rt_system_scheduler_start
    board.o(i.NVIC_Configuration) refers to gd32f10x_misc.o(i.NVIC_VectTableSet) for NVIC_VectTableSet
    board.o(i.SysTick_Handler) refers to irq.o(i.rt_interrupt_enter) for rt_interrupt_enter
    board.o(i.SysTick_Handler) refers to clock.o(i.rt_tick_increase) for rt_tick_increase
    board.o(i.SysTick_Handler) refers to irq.o(i.rt_interrupt_leave) for rt_interrupt_leave
    board.o(i.SystemClock_Config) refers to gd32f10x_rcc.o(i.RCC_DeInit) for RCC_DeInit
    board.o(i.SystemClock_Config) refers to gd32f10x_rcc.o(i.RCC_HSI_Enable) for RCC_HSI_Enable
    board.o(i.SystemClock_Config) refers to gd32f10x_rcc.o(i.RCC_GetBitState) for RCC_GetBitState
    board.o(i.SystemClock_Config) refers to gd32f10x_rcc.o(i.RCC_PLLConfig) for RCC_PLLConfig
    board.o(i.SystemClock_Config) refers to gd32f10x_rcc.o(i.RCC_PLL_Enable) for RCC_PLL_Enable
    board.o(i.SystemClock_Config) refers to gd32f10x_rcc.o(i.RCC_CK_SYSConfig) for RCC_CK_SYSConfig
    board.o(i.SystemClock_Config) refers to gd32f10x_rcc.o(i.RCC_GetCK_SYSSource) for RCC_GetCK_SYSSource
    board.o(i.SystemClock_Config) refers to gd32f10x_rcc.o(i.RCC_AHBConfig) for RCC_AHBConfig
    board.o(i.SystemClock_Config) refers to gd32f10x_rcc.o(i.RCC_APB1Config) for RCC_APB1Config
    board.o(i.SystemClock_Config) refers to gd32f10x_rcc.o(i.RCC_APB2Config) for RCC_APB2Config
    board.o(i.rt_hw_board_init) refers to board.o(i.SystemClock_Config) for SystemClock_Config
[...]
    __user_perproc_libspace                  0x08000741   Thumb Code     0  libspace.o(.text)
    __user_perthread_libspace                0x08000741   Thumb Code     0  libspace.o(.text)
    __rt_ctype_table                         0x08000749   Thumb Code    16  rt_ctype_table.o(.text)
    _strtoul                                 0x08000759   Thumb Code   158  _strtoul.o(.text)
    __user_setup_stackheap                   0x080007f7   Thumb Code    74  sys_stackheap_outer.o(.text)
    __rt_locale                              0x08000841   Thumb Code     8  rt_locale_intlibspace.o(.text)
    _chval                                   0x08000849   Thumb Code    28  _chval.o(.text)
    exit                                     0x08000865   Thumb Code    18  exit.o(.text)
    _sys_exit                                0x08000879   Thumb Code     8  sys_exit.o(.text)
    __I$use$semihosting                      0x08000885   Thumb Code     0  use_no_semi.o(.text)
    __use_no_semihosting_swi                 0x08000885   Thumb Code     2  use_no_semi.o(.text)
    __semihosting_library_function           0x08000887   Thumb Code     0  indicate_semi.o(.text)
    DMA1_Channel3_IRQHandler                 0x08000889   Thumb Code    18  usart.o(i.DMA1_Channel3_IRQHandler)
    DMA1_Channel5_IRQHandler                 0x080008a1   Thumb Code    18  usart.o(i.DMA1_Channel5_IRQHandler)
    DMA1_Channel6_IRQHandler                 0x080008b9   Thumb Code    18  usart.o(i.DMA1_Channel6_IRQHandler)
    DMA_ClearBitState                        0x080008d1   Thumb Code    18  gd32f10x_dma.o(i.DMA_ClearBitState)
    DMA_DeInit                               0x08000995   Thumb Code   324  gd32f10x_dma.o(i.DMA_DeInit)
    DMA_Enable                               0x08000ae1   Thumb Code    24  gd32f10x_dma.o(i.DMA_Enable)
    DMA_GetCurrDataCounter                   0x08000af9   Thumb Code     8  gd32f10x_dma.o(i.DMA_GetCurrDataCounter)
    DMA_INTConfig                            0x08000b01   Thumb Code    18  gd32f10x_dma.o(i.DMA_INTConfig)
    DMA_Init                                 0x08000b13   Thumb Code    60  gd32f10x_dma.o(i.DMA_Init)
    DMA_SetCurrDataCounter                   0x08000b4f   Thumb Code     4  gd32f10x_dma.o(i.DMA_SetCurrDataCounter)
    GPIO_Init                                0x08000be5   Thumb Code   278  gd32f10x_gpio.o(i.GPIO_Init)
    GPIO_PinRemapConfig                      0x08000cfd   Thumb Code   138  gd32f10x_gpio.o(i.GPIO_PinRemapConfig)
    GPIO_ResetBits                           0x08000d8d   Thumb Code     4  gd32f10x_gpio.o(i.GPIO_ResetBits)
    GPIO_SetBits                             0x08000d91   Thumb Code     4  gd32f10x_gpio.o(i.GPIO_SetBits)
    NVIC_Configuration                       0x08000d95   Thumb Code    14  board.o(i.NVIC_Configuration)
    NVIC_Init                                0x08000dc5   Thumb Code   192  gd32f10x_misc.o(i.NVIC_Init)
    NVIC_VectTableSet                        0x08000e91   Thumb Code    12  gd32f10x_misc.o(i.NVIC_VectTableSet)
    OP_add_byte                              0x08000ea5   Thumb Code    42  finsh_ops.o(i.OP_add_byte)
    OP_add_dword                             0x08000ed5   Thumb Code    42  finsh_ops.o(i.OP_add_dword)
    OP_add_word                              0x08000f05   Thumb Code    44  finsh_ops.o(i.OP_add_word)
    OP_and_byte                              0x08000f35   Thumb Code    42  finsh_ops.o(i.OP_and_byte)
    OP_and_dword                             0x08000f65   Thumb Code    42  finsh_ops.o(i.OP_and_dword)
    OP_and_word                              0x08000f95   Thumb Code    42  finsh_ops.o(i.OP_and_word)
    OP_bw_byte                               0x08000fc5   Thumb Code    20  finsh_ops.o(i.OP_bw_byte)
    OP_bw_dword                              0x08000fdd   Thumb Code    20  finsh_ops.o(i.OP_bw_dword)
    OP_bw_word                               0x08000ff5   Thumb Code    20  finsh_ops.o(i.OP_bw_word)
    OP_call                                  0x0800100d   Thumb Code   898  finsh_ops.o(i.OP_call)
    OP_div_byte                              0x08001399   Thumb Code    44  finsh_ops.o(i.OP_div_byte)
    OP_div_dword                             0x080013c9   Thumb Code    44  finsh_ops.o(i.OP_div_dword)
    OP_div_word                              0x080013f9   Thumb Code    46  finsh_ops.o(i.OP_div_word)
    OP_ld_byte                               0x0800142d   Thumb Code    34  finsh_ops.o(i.OP_ld_byte)
    OP_ld_dword                              0x08001459   Thumb Code    64  finsh_ops.o(i.OP_ld_dword)
    OP_ld_value_byte                         0x080014a1   Thumb Code    66  finsh_ops.o(i.OP_ld_value_byte)
    OP_ld_value_byte_stack                   0x080014ed   Thumb Code    20  finsh_ops.o(i.OP_ld_value_byte_stack)
    OP_ld_value_dword                        0x08001505   Thumb Code    66  finsh_ops.o(i.OP_ld_value_dword)
    OP_ld_value_dword_stack                  0x08001551   Thumb Code    20  finsh_ops.o(i.OP_ld_value_dword_stack)
    OP_ld_value_word                         0x08001569   Thumb Code    66  finsh_ops.o(i.OP_ld_value_word)
    OP_ld_value_word_stack                   0x080015b5   Thumb Code    20  finsh_ops.o(i.OP_ld_value_word_stack)
    OP_ld_word                               0x080015cd   Thumb Code    46  finsh_ops.o(i.OP_ld_word)
    OP_mod_byte                              0x08001605   Thumb Code    48  finsh_ops.o(i.OP_mod_byte)
    OP_mod_dword                             0x08001639   Thumb Code    48  finsh_ops.o(i.OP_mod_dword)
    OP_mod_word                              0x0800166d   Thumb Code    48  finsh_ops.o(i.OP_mod_word)
    OP_mul_byte                              0x080016a1   Thumb Code    42  finsh_ops.o(i.OP_mul_byte)
    OP_mul_dword                             0x080016d1   Thumb Code    42  finsh_ops.o(i.OP_mul_dword)
    OP_mul_word                              0x08001701   Thumb Code    44  finsh_ops.o(i.OP_mul_word)
    OP_no_op                                 0x08001731   Thumb Code     2  finsh_ops.o(i.OP_no_op)
    OP_or_byte                               0x08001735   Thumb Code    42  finsh_ops.o(i.OP_or_byte)
    OP_or_dword                              0x08001765   Thumb Code    42  finsh_ops.o(i.OP_or_dword)
    OP_or_word                               0x08001795   Thumb Code    42  finsh_ops.o(i.OP_or_word)
    OP_pop                                   0x080017c5   Thumb Code    12  finsh_ops.o(i.OP_pop)
    OP_shl_byte                              0x080017d5   Thumb Code    42  finsh_ops.o(i.OP_shl_byte)
    OP_shl_dword                             0x08001805   Thumb Code    42  finsh_ops.o(i.OP_shl_dword)
    OP_shl_word                              0x08001835   Thumb Code    44  finsh_ops.o(i.OP_shl_word)
    OP_shr_byte                              0x08001865   Thumb Code    42  finsh_ops.o(i.OP_shr_byte)
    OP_shr_dword                             0x08001895   Thumb Code    42  finsh_ops.o(i.OP_shr_dword)
    OP_shr_word                              0x080018c5   Thumb Code    42  finsh_ops.o(i.OP_shr_word)
    OP_st_byte                               0x080018f5   Thumb Code    30  finsh_ops.o(i.OP_st_byte)
    OP_st_dword                              0x08001919   Thumb Code    30  finsh_ops.o(i.OP_st_dword)
    OP_st_word                               0x0800193d   Thumb Code    30  finsh_ops.o(i.OP_st_word)
    OP_sub_byte                              0x08001961   Thumb Code    42  finsh_ops.o(i.OP_sub_byte)
    OP_sub_dword                             0x08001991   Thumb Code    42  finsh_ops.o(i.OP_sub_dword)
    OP_sub_word                              0x080019c1   Thumb Code    44  finsh_ops.o(i.OP_sub_word)
    OP_xor_byte                              0x080019f1   Thumb Code    42  finsh_ops.o(i.OP_xor_byte)
    OP_xor_dword                             0x08001a21   Thumb Code    42  finsh_ops.o(i.OP_xor_dword)
    OP_xor_word                              0x08001a51   Thumb Code    42  finsh_ops.o(i.OP_xor_word)
    RCC_AHBConfig                            0x08001a81   Thumb Code    18  gd32f10x_rcc.o(i.RCC_AHBConfig)
    RCC_AHBPeriphClock_Enable                0x08001a99   Thumb Code    26  gd32f10x_rcc.o(i.RCC_AHBPeriphClock_Enable)
    RCC_APB1Config                           0x08001ab9   Thumb Code    18  gd32f10x_rcc.o(i.RCC_APB1Config)
    RCC_APB1PeriphClock_Enable               0x08001ad1   Thumb Code    26  gd32f10x_rcc.o(i.RCC_APB1PeriphClock_Enable)
    RCC_APB2Config                           0x08001af1   Thumb Code    18  gd32f10x_rcc.o(i.RCC_APB2Config)
    RCC_APB2PeriphClock_Enable               0x08001b09   Thumb Code    26  gd32f10x_rcc.o(i.RCC_APB2PeriphClock_Enable)
    RCC_CK_SYSConfig                         0x08001b29   Thumb Code    18  gd32f10x_rcc.o(i.RCC_CK_SYSConfig)
    RCC_DeInit                               0x08001b75   Thumb Code    66  gd32f10x_rcc.o(i.RCC_DeInit)
    RCC_GetBitState                          0x08001bc9   Thumb Code    52  gd32f10x_rcc.o(i.RCC_GetBitState)
    RCC_GetCK_SYSSource                      0x08001c01   Thumb Code    10  gd32f10x_rcc.o(i.RCC_GetCK_SYSSource)
    RCC_GetClocksFreq                        0x08001c11   Thumb Code   296  gd32f10x_rcc.o(i.RCC_GetClocksFreq)
    RCC_HSI_Enable                           0x08001d4d   Thumb Code    30  gd32f10x_rcc.o(i.RCC_HSI_Enable)
    RCC_PLLConfig                            0x08001d71   Thumb Code    24  gd32f10x_rcc.o(i.RCC_PLLConfig)
    RCC_PLL_Enable                           0x08001d91   Thumb Code    30  gd32f10x_rcc.o(i.RCC_PLL_Enable)
    SysTick_Handler                          0x08001e85   Thumb Code    16  board.o(i.SysTick_Handler)
    SystemClock_Config                       0x08001e95   Thumb Code    86  board.o(i.SystemClock_Config)
    SystemInit                               0x08001ef1   Thumb Code    72  system_gd32f10x.o(i.SystemInit)
    USART1_IRQHandler                        0x08001f49   Thumb Code    18  usart.o(i.USART1_IRQHandler)
    USART2_IRQHandler                        0x08001f61   Thumb Code    18  usart.o(i.USART2_IRQHandler)
    USART3_IRQHandler                        0x08001f79   Thumb Code    18  usart.o(i.USART3_IRQHandler)
    USART_ClearIntBitState                   0x08001f91   Thumb Code    20  gd32f10x_usart.o(i.USART_ClearIntBitState)
    USART_DMA_Enable                         0x08001fa5   Thumb Code    18  gd32f10x_usart.o(i.USART_DMA_Enable)
    USART_DataReceive                        0x08001fb7   Thumb Code    10  gd32f10x_usart.o(i.USART_DataReceive)
    USART_Enable                             0x08001fc1   Thumb Code    22  gd32f10x_usart.o(i.USART_Enable)
    USART_GetBitState                        0x08001fd7   Thumb Code    16  gd32f10x_usart.o(i.USART_GetBitState)
    USART_GetIntBitState                     0x08001fe7   Thumb Code    74  gd32f10x_usart.o(i.USART_GetIntBitState)
    USART_INT_Set                            0x08002031   Thumb Code    64  gd32f10x_usart.o(i.USART_INT_Set)
    USART_Init                               0x08002071   Thumb Code   126  gd32f10x_usart.o(i.USART_Init)
    __rt_ffs                                 0x080020f5   Thumb Code    70  kservice.o(i.__rt_ffs)
    finsh_compiler_run                       0x08004991   Thumb Code    88  finsh_compiler.o(i.finsh_compiler_run)
    finsh_errno                              0x080049f9   Thumb Code     6  finsh_error.o(i.finsh_errno)
    finsh_error_init                         0x08004a05   Thumb Code     8  finsh_error.o(i.finsh_error_init)
    finsh_error_set                          0x08004a11   Thumb Code    10  finsh_error.o(i.finsh_error_set)
    finsh_error_string                       0x08004a21   Thumb Code    10  finsh_error.o(i.finsh_error_string)
    finsh_flush                              0x08004a31   Thumb Code    22  finsh_init.o(i.finsh_flush)
    finsh_get_prompt                         0x08004a49   Thumb Code    38  shell.o(i.finsh_get_prompt)
    finsh_heap_allocate                      0x08004a89   Thumb Code   106  finsh_heap.o(i.finsh_heap_allocate)
    finsh_heap_free                          0x08004afd   Thumb Code    34  finsh_heap.o(i.finsh_heap_free)
    finsh_heap_init                          0x08004b81   Thumb Code    36  finsh_heap.o(i.finsh_heap_init)
    finsh_init                               0x08004bb1   Thumb Code    30  finsh_init.o(i.finsh_init)
    finsh_node_allocate                      0x08004bd1   Thumb Code    56  finsh_node.o(i.finsh_node_allocate)
    finsh_node_init                          0x08004c0d   Thumb Code    16  finsh_node.o(i.finsh_node_init)
    finsh_node_new_char                      0x08004c21   Thumb Code    30  finsh_node.o(i.finsh_node_new_char)
    finsh_node_new_id                        0x08004c3f   Thumb Code   118  finsh_node.o(i.finsh_node_new_id)
    finsh_node_new_int                       0x08004cb5   Thumb Code    30  finsh_node.o(i.finsh_node_new_int)
    finsh_node_new_long                      0x08004cd3   Thumb Code    30  finsh_node.o(i.finsh_node_new_long)
    finsh_node_new_ptr                       0x08004cf1   Thumb Code    30  finsh_node.o(i.finsh_node_new_ptr)
    finsh_node_new_string                    0x08004d0f   Thumb Code    74  finsh_node.o(i.finsh_node_new_string)
    finsh_parser_init                        0x08004d59   Thumb Code    16  finsh_parser.o(i.finsh_parser_init)
    finsh_parser_run                         0x08004d69   Thumb Code   220  finsh_parser.o(i.finsh_parser_run)
    finsh_run_line                           0x08004e45   Thumb Code   164  shell.o(i.finsh_run_line)
    finsh_stack_bottom                       0x08004f59   Thumb Code     6  finsh_init.o(i.finsh_stack_bottom)
    finsh_syscall_lookup                     0x08004f65   Thumb Code    78  finsh_vm.o(i.finsh_syscall_lookup)
    finsh_system_function_init               0x08004fc1   Thumb Code    10  shell.o(i.finsh_system_function_init)
    finsh_system_init                        0x08004fd5   Thumb Code   120  shell.o(i.finsh_system_init)
    finsh_system_var_init                    0x08005095   Thumb Code    10  shell.o(i.finsh_system_var_init)
    finsh_sysvar_lookup                      0x080050a9   Thumb Code    78  finsh_var.o(i.finsh_sysvar_lookup)
    finsh_thread_entry                       0x08005105   Thumb Code  1566  shell.o(i.finsh_thread_entry)
    finsh_token_init                         0x0800572d   Thumb Code    20  finsh_token.o(i.finsh_token_init)
    finsh_token_token                        0x08005741   Thumb Code    24  finsh_token.o(i.finsh_token_token)
    finsh_var_init                           0x080058b9   Thumb Code    14  finsh_var.o(i.finsh_var_init)
    finsh_var_insert                         0x080058cd   Thumb Code   114  finsh_var.o(i.finsh_var_insert)
    finsh_var_lookup                         0x08005945   Thumb Code    58  finsh_var.o(i.finsh_var_lookup)
    finsh_vm_run                             0x08005985   Thumb Code    62  finsh_vm.o(i.finsh_vm_run)
    hello                                    0x08005c6d   Thumb Code    12  cmd.o(i.hello)
    led                                      0x08005c8d   Thumb Code   118  led.o(i.led)
    led_init                                 0x08005d69   Thumb Code   170  led.o(i.led_init)
    led_off                                  0x08005e25   Thumb Code    54  led.o(i.led_off)
    led_on                                   0x08005e65   Thumb Code    54  led.o(i.led_on)
    list                                     0x08005ea5   Thumb Code   126  cmd.o(i.list)
    list_device                              0x08005f81   Thumb Code    10  cmd.o(i.list_device)
    list_event                               0x08005f91   Thumb Code    10  cmd.o(i.list_event)
    list_mailbox                             0x08005fa1   Thumb Code    10  cmd.o(i.list_mailbox)
    list_mem                                 0x08005fb1   Thumb Code    34  mem.o(i.list_mem)
    list_mempool                             0x08006029   Thumb Code    10  cmd.o(i.list_mempool)
    list_msgqueue                            0x08006039   Thumb Code    10  cmd.o(i.list_msgqueue)
    list_mutex                               0x08006049   Thumb Code    10  cmd.o(i.list_mutex)
    list_prefix                              0x08006059   Thumb Code   434  cmd.o(i.list_prefix)
    list_sem                                 0x08006269   Thumb Code    10  cmd.o(i.list_sem)
    list_thread                              0x08006279   Thumb Code    10  cmd.o(i.list_thread)
    list_timer                               0x08006289   Thumb Code    10  cmd.o(i.list_timer)
    main                                     0x08006299   Thumb Code    14  startup.o(i.main)
    msh_auto_complete                        0x080063b9   Thumb Code   138  msh.o(i.msh_auto_complete)
    msh_exec                                 0x08006469   Thumb Code    82  msh.o(i.msh_exec)
    msh_help                                 0x08006541   Thumb Code    66  msh.o(i.msh_help)
    msh_is_used                              0x080065c1   Thumb Code     6  msh.o(i.msh_is_used)
    rt_application_init                      0x080071c1   Thumb Code   154  applications.o(i.rt_application_init)
    rt_assert_handler                        0x08007295   Thumb Code    56  kservice.o(i.rt_assert_handler)
    rt_completion_done                       0x08007309   Thumb Code    76  completion.o(i.rt_completion_done)
    rt_completion_init                       0x08007371   Thumb Code    42  completion.o(i.rt_completion_init)
    rt_completion_wait                       0x080073b9   Thumb Code   198  completion.o(i.rt_completion_wait)
    rt_console_get_device                    0x080074f5   Thumb Code     6  kservice.o(i.rt_console_get_device)
    rt_console_set_device                    0x08007501   Thumb Code    48  kservice.o(i.rt_console_set_device)
    rt_data_queue_init                       0x08007535   Thumb Code    78  dataqueue.o(i.rt_data_queue_init)
    rt_data_queue_peak                       0x0800759d   Thumb Code    94  dataqueue.o(i.rt_data_queue_peak)
    rt_data_queue_pop                        0x08007615   Thumb Code   340  dataqueue.o(i.rt_data_queue_pop)
    rt_data_queue_push                       0x080077cd   Thumb Code   276  dataqueue.o(i.rt_data_queue_push)
    rt_device_close                          0x08007921   Thumb Code    68  device.o(i.rt_device_close)
    rt_device_find                           0x08007979   Thumb Code    76  device.o(i.rt_device_find)
    rt_device_open                           0x080079c9   Thumb Code   136  device.o(i.rt_device_open)
    rt_device_read                           0x08007ab1   Thumb Code    76  device.o(i.rt_device_read)
    rt_device_register                       0x08007b11   Thumb Code    52  device.o(i.rt_device_register)
    rt_device_set_rx_indicate                0x08007b45   Thumb Code    26  device.o(i.rt_device_set_rx_indicate)
    rt_device_write                          0x08007b75   Thumb Code    76  device.o(i.rt_device_write)
    rt_enter_critical                        0x08007d6d   Thumb Code    28  scheduler.o(i.rt_enter_critical)
    rt_exit_critical                         0x08007d8d   Thumb Code    54  scheduler.o(i.rt_exit_critical)
    rt_free                                  0x08007dc9   Thumb Code   248  mem.o(i.rt_free)
    rt_hw_board_init                         0x08007f61   Thumb Code    98  board.o(i.rt_hw_board_init)
    rt_hw_console_output                     0x08007fd9   Thumb Code     2  kservice.o(i.rt_hw_console_output)
    rt_hw_hard_fault_exception               0x08007fdd   Thumb Code   198  cpuport.o(i.rt_hw_hard_fault_exception)
    rt_hw_serial_isr                         0x080081e5   Thumb Code   368  serial.o(i.rt_hw_serial_isr)
    rt_hw_serial_register                    0x080083a9   Thumb Code    76  serial.o(i.rt_hw_serial_register)
    rt_hw_stack_init                         0x08008425   Thumb Code    70  cpuport.o(i.rt_hw_stack_init)
    rt_hw_usart_init                         0x08008471   Thumb Code   152  usart.o(i.rt_hw_usart_init)
    rt_interrupt_enter                       0x08008541   Thumb Code    30  irq.o(i.rt_interrupt_enter)
    rt_interrupt_get_nest                    0x08008565   Thumb Code     6  irq.o(i.rt_interrupt_get_nest)
    rt_interrupt_leave                       0x08008571   Thumb Code    30  irq.o(i.rt_interrupt_leave)
    rt_kprintf                               0x08008629   Thumb Code    96  kservice.o(i.rt_kprintf)
    rt_malloc                                0x08008779   Thumb Code   520  mem.o(i.rt_malloc)
    rt_memcpy                                0x08008a2d   Thumb Code   124  kservice.o(i.rt_memcpy)
    rt_memmove                               0x08008aa9   Thumb Code    66  kservice.o(i.rt_memmove)
    rt_memset                                0x08008aeb   Thumb Code    72  kservice.o(i.rt_memset)
    rt_object_allocate                       0x08008b35   Thumb Code   132  object.o(i.rt_object_allocate)
    rt_object_delete                         0x08008bed   Thumb Code    84  object.o(i.rt_object_delete)
    rt_object_detach                         0x08008c89   Thumb Code    56  object.o(i.rt_object_detach)
    rt_object_init                           0x08008cdd   Thumb Code    76  object.o(i.rt_object_init)
    rt_object_is_systemobject                0x08008d31   Thumb Code    34  object.o(i.rt_object_is_systemobject)
    rt_schedule                              0x08008d6d   Thumb Code   134  scheduler.o(i.rt_schedule)
    rt_schedule_insert_thread                0x08008e11   Thumb Code    82  scheduler.o(i.rt_schedule_insert_thread)
    rt_schedule_remove_thread                0x08008e85   Thumb Code    94  scheduler.o(i.rt_schedule_remove_thread)
    rt_sem_init                              0x08008f05   Thumb Code    50  ipc.o(i.rt_sem_init)
    rt_sem_release                           0x08008f4d   Thumb Code    80  ipc.o(i.rt_sem_release)
    rt_sem_take                              0x08008fa1   Thumb Code   266  ipc.o(i.rt_sem_take)
    rt_set_errno                             0x08009685   Thumb Code    36  kservice.o(i.rt_set_errno)
    rt_show_version                          0x080096ad   Thumb Code    38  kservice.o(i.rt_show_version)
    rt_strlen                                0x0800975d   Thumb Code    18  kservice.o(i.rt_strlen)
    rt_strncmp                               0x0800976f   Thumb Code    40  kservice.o(i.rt_strncmp)
    rt_strncpy                               0x08009797   Thumb Code    52  kservice.o(i.rt_strncpy)
    rt_system_heap_init                      0x080097cd   Thumb Code   204  mem.o(i.rt_system_heap_init)
    rt_system_scheduler_init                 0x0800991d   Thumb Code    56  scheduler.o(i.rt_system_scheduler_init)
    rt_system_scheduler_start                0x0800996d   Thumb Code    36  scheduler.o(i.rt_system_scheduler_start)
    rt_system_timer_init                     0x0800999d   Thumb Code    24  timer.o(i.rt_system_timer_init)
    rt_system_timer_thread_init              0x080099b9   Thumb Code     2  timer.o(i.rt_system_timer_thread_init)
    rt_thread_create                         0x080099bb   Thumb Code    80  thread.o(i.rt_thread_create)
    rt_thread_delay                          0x08009a0b   Thumb Code    12  thread.o(i.rt_thread_delay)
    rt_thread_delete                         0x08009a19   Thumb Code    64  thread.o(i.rt_thread_delete)
    rt_thread_detach                         0x08009a75   Thumb Code    72  thread.o(i.rt_thread_detach)
    rt_thread_exit                           0x08009ad9   Thumb Code    76  thread.o(i.rt_thread_exit)
    rt_thread_idle_excute                    0x08009b45   Thumb Code   154  idle.o(i.rt_thread_idle_excute)
    rt_thread_idle_init                      0x08009c11   Thumb Code    38  idle.o(i.rt_thread_idle_init)
    rt_thread_init                           0x08009c4d   Thumb Code    74  thread.o(i.rt_thread_init)
    rt_thread_resume                         0x08009cc9   Thumb Code    78  thread.o(i.rt_thread_resume)
    rt_thread_self                           0x08009d31   Thumb Code     6  thread.o(i.rt_thread_self)
    rt_thread_sleep                          0x08009d3d   Thumb Code    76  thread.o(i.rt_thread_sleep)
    rt_thread_startup                        0x08009da5   Thumb Code    80  thread.o(i.rt_thread_startup)
    rt_thread_suspend                        0x08009e2d   Thumb Code    76  thread.o(i.rt_thread_suspend)
    rt_thread_timeout                        0x08009e91   Thumb Code    66  thread.o(i.rt_thread_timeout)
    rt_thread_yield                          0x08009f11   Thumb Code    88  thread.o(i.rt_thread_yield)
    rt_tick_get                              0x08009f71   Thumb Code     6  clock.o(i.rt_tick_get)
    rt_tick_increase                         0x08009f7d   Thumb Code    42  clock.o(i.rt_tick_increase)
    rt_timer_check                           0x08009fad   Thumb Code   148  timer.o(i.rt_timer_check)
    rt_timer_control                         0x0800a049   Thumb Code    76  timer.o(i.rt_timer_control)
    rt_timer_detach                          0x0800a0ad   Thumb Code    44  timer.o(i.rt_timer_detach)
    rt_timer_init                            0x0800a0f1   Thumb Code    58  timer.o(i.rt_timer_init)
    rt_timer_start                           0x0800a145   Thumb Code   292  timer.o(i.rt_timer_start)
    rt_timer_stop                            0x0800a2b1   Thumb Code    80  timer.o(i.rt_timer_stop)
    rt_vsnprintf                             0x0800a31d   Thumb Code   800  kservice.o(i.rt_vsnprintf)
    rtt_main                                 0x0800a645   Thumb Code    46  led.o(i.rtt_main)
    rtthread_startup                         0x0800a691   Thumb Code    48  startup.o(i.rtthread_startup)
    token_get_string                         0x0800a895   Thumb Code   120  finsh_token.o(i.token_get_string)
    version                                  0x0800b03d   Thumb Code    10  cmd.o(i.version)
    _get_lc_ctype                            0x0800b049   Thumb Code    44  lc_ctype_c.o(locale$$code)
    __lowest_bit_bitmap                      0x0800b361   Data         256  kservice.o(.constdata)
    op_table                                 0x0800b874   Data         196  finsh_ops.o(.constdata)
    __fsym_led_name                          0x0800bd6a   Data           4  led.o(.rodata.name)
    __fsym_led_desc                          0x0800bd6e   Data          32  led.o(.rodata.name)
    __fsym___cmd_rtt_main_name               0x0800bd8e   Data          15  led.o(.rodata.name)
    __fsym___cmd_rtt_main_desc               0x0800bd9d   Data           9  led.o(.rodata.name)
    __fsym_list_mem_name                     0x0800bda6   Data           9  mem.o(.rodata.name)
    __fsym_list_mem_desc                     0x0800bdaf   Data          30  mem.o(.rodata.name)
    __fsym_hello_name                        0x0800bdcd   Data           6  cmd.o(.rodata.name)
    __fsym_hello_desc                        0x0800bdd3   Data          16  cmd.o(.rodata.name)
    __fsym_version_name                      0x0800bde3   Data           8  cmd.o(.rodata.name)
    __fsym_version_desc                      0x0800bdeb   Data          35  cmd.o(.rodata.name)
    __fsym___cmd_version_name                0x0800be0e   Data          14  cmd.o(.rodata.name)
    __fsym___cmd_version_desc                0x0800be1c   Data          35  cmd.o(.rodata.name)
    __fsym_list_thread_name                  0x0800be3f   Data          12  cmd.o(.rodata.name)
    __fsym_list_thread_desc                  0x0800be4b   Data          12  cmd.o(.rodata.name)
    __fsym___cmd_list_thread_name            0x0800be57   Data          18  cmd.o(.rodata.name)
    __fsym___cmd_list_thread_desc            0x0800be69   Data          12  cmd.o(.rodata.name)
    __fsym_list_sem_name                     0x0800be75   Data           9  cmd.o(.rodata.name)
    __fsym_list_sem_desc                     0x0800be7e   Data          25  cmd.o(.rodata.name)
    __fsym___cmd_list_sem_name               0x0800be97   Data          15  cmd.o(.rodata.name)
    __fsym___cmd_list_sem_desc               0x0800bea6   Data          25  cmd.o(.rodata.name)
    __fsym_list_event_name                   0x0800bebf   Data          11  cmd.o(.rodata.name)
    __fsym_list_event_desc                   0x0800beca   Data          21  cmd.o(.rodata.name)
    __fsym___cmd_list_event_name             0x0800bedf   Data          17  cmd.o(.rodata.name)
    __fsym___cmd_list_event_desc             0x0800bef0   Data          21  cmd.o(.rodata.name)
    __fsym_list_mutex_name                   0x0800bf05   Data          11  cmd.o(.rodata.name)
    __fsym_list_mutex_desc                   0x0800bf10   Data          21  cmd.o(.rodata.name)
    __fsym___cmd_list_mutex_name             0x0800bf25   Data          17  cmd.o(.rodata.name)
    __fsym___cmd_list_mutex_desc             0x0800bf36   Data          21  cmd.o(.rodata.name)
    __fsym_list_mailbox_name                 0x0800bf4b   Data          13  cmd.o(.rodata.name)
    __fsym_list_mailbox_desc                 0x0800bf58   Data          24  cmd.o(.rodata.name)
    __fsym___cmd_list_mailbox_name           0x0800bf70   Data          19  cmd.o(.rodata.name)
    __fsym___cmd_list_mailbox_desc           0x0800bf83   Data          24  cmd.o(.rodata.name)
    __fsym_list_msgqueue_name                0x0800bf9b   Data          14  cmd.o(.rodata.name)
    __fsym_list_msgqueue_desc                0x0800bfa9   Data          29  cmd.o(.rodata.name)
    __fsym___cmd_list_msgqueue_name          0x0800bfc6   Data          20  cmd.o(.rodata.name)
    __fsym___cmd_list_msgqueue_desc          0x0800bfda   Data          29  cmd.o(.rodata.name)
    __fsym_list_mempool_name                 0x0800bff7   Data          13  cmd.o(.rodata.name)
    __fsym_list_mempool_desc                 0x0800c004   Data          27  cmd.o(.rodata.name)
    __fsym___cmd_list_mempool_name           0x0800c01f   Data          19  cmd.o(.rodata.name)
    __fsym___cmd_list_mempool_desc           0x0800c032   Data          27  cmd.o(.rodata.name)
    __fsym_list_timer_name                   0x0800c04d   Data          11  cmd.o(.rodata.name)
    __fsym_list_timer_desc                   0x0800c058   Data          21  cmd.o(.rodata.name)
    __fsym___cmd_list_timer_name             0x0800c06d   Data          17  cmd.o(.rodata.name)
    __fsym___cmd_list_timer_desc             0x0800c07e   Data          21  cmd.o(.rodata.name)
    __fsym_list_device_name                  0x0800c093   Data          12  cmd.o(.rodata.name)
    __fsym_list_device_desc                  0x0800c09f   Data          22  cmd.o(.rodata.name)
    __fsym___cmd_list_device_name            0x0800c0b5   Data          18  cmd.o(.rodata.name)
    __fsym___cmd_list_device_desc            0x0800c0c7   Data          22  cmd.o(.rodata.name)
    __fsym_list_name                         0x0800c0dd   Data           5  cmd.o(.rodata.name)
    __fsym_list_desc                         0x0800c0e2   Data          26  cmd.o(.rodata.name)
    __vsym_dummy_name                        0x0800c0fc   Data           6  cmd.o(.rodata.name)
    __vsym_dummy_desc                        0x0800c102   Data          25  cmd.o(.rodata.name)
    __fsym___cmd_exit_name                   0x0800c11b   Data          11  msh.o(.rodata.name)
    __fsym___cmd_exit_desc                   0x0800c126   Data          32  msh.o(.rodata.name)
    __fsym_msh_name                          0x0800c146   Data           4  msh.o(.rodata.name)
    __fsym_msh_desc                          0x0800c14a   Data          17  msh.o(.rodata.name)
    __fsym___cmd_help_name                   0x0800c15b   Data          11  msh.o(.rodata.name)
    __fsym___cmd_help_desc                   0x0800c166   Data          22  msh.o(.rodata.name)
    FSymTab$$Base                            0x0800c17c   Number         0  led.o(FSymTab)
    __fsym_led                               0x0800c17c   Data          12  led.o(FSymTab)
    __fsym___cmd_rtt_main                    0x0800c188   Data          12  led.o(FSymTab)
    __fsym_list_mem                          0x0800c194   Data          12  mem.o(FSymTab)
    __fsym_hello                             0x0800c1a0   Data          12  cmd.o(FSymTab)
    __fsym_version                           0x0800c1ac   Data          12  cmd.o(FSymTab)
    __fsym___cmd_version                     0x0800c1b8   Data          12  cmd.o(FSymTab)
    __fsym_list_thread                       0x0800c1c4   Data          12  cmd.o(FSymTab)
    __fsym___cmd_list_thread                 0x0800c1d0   Data          12  cmd.o(FSymTab)
    __fsym_list_sem                          0x0800c1dc   Data          12  cmd.o(FSymTab)
    __fsym___cmd_list_sem                    0x0800c1e8   Data          12  cmd.o(FSymTab)
    __fsym_list_event                        0x0800c1f4   Data          12  cmd.o(FSymTab)
    __fsym___cmd_list_event                  0x0800c200   Data          12  cmd.o(FSymTab)
    __fsym_list_mutex                        0x0800c20c   Data          12  cmd.o(FSymTab)
    __fsym___cmd_list_mutex                  0x0800c218   Data          12  cmd.o(FSymTab)
    __fsym_list_mailbox                      0x0800c224   Data          12  cmd.o(FSymTab)
    __fsym___cmd_list_mailbox                0x0800c230   Data          12  cmd.o(FSymTab)
    __fsym_list_msgqueue                     0x0800c23c   Data          12  cmd.o(FSymTab)
    __fsym___cmd_list_msgqueue               0x0800c248   Data          12  cmd.o(FSymTab)
    __fsym_list_mempool                      0x0800c254   Data          12  cmd.o(FSymTab)
    __fsym___cmd_list_mempool                0x0800c260   Data          12  cmd.o(FSymTab)
    __fsym_list_timer                        0x0800c26c   Data          12  cmd.o(FSymTab)
    __fsym___cmd_list_timer                  0x0800c278   Data          12  cmd.o(FSymTab)
    __fsym_list_device                       0x0800c284   Data          12  cmd.o(FSymTab)
    __fsym___cmd_list_device                 0x0800c290   Data          12  cmd.o(FSymTab)
    __fsym_list                              0x0800c29c   Data          12  cmd.o(FSymTab)
    __fsym___cmd_exit                        0x0800c2a8   Data          12  msh.o(FSymTab)
    __fsym_msh                               0x0800c2b4   Data          12  msh.o(FSymTab)
    __fsym___cmd_help                        0x0800c2c0   Data          12  msh.o(FSymTab)
    FSymTab$$Limit                           0x0800c2cc   Number         0  msh.o(FSymTab)
    Region$$Table$$Base                      0x0800c2cc   Number         0  anon$$obj.o(Region$$Table)
    Region$$Table$$Limit                     0x0800c2ec   Number         0  anon$$obj.o(Region$$Table)
    VSymTab$$Base                            0x0800c2ec   Number         0  cmd.o(VSymTab)
    __vsym_dummy                             0x0800c2ec   Data          16  cmd.o(VSymTab)
    VSymTab$$Limit                           0x0800c2fc   Number         0  cmd.o(VSymTab)
    __ctype                                  0x0800c309   Data           0  lc_ctype_c.o(locale$$data)
    shannon                                  0x20000008   Data           4  led.o(.data)
    uart1                                    0x20000010   Data          24  usart.o(.data)
    uart2                                    0x20000028   Data          24  usart.o(.data)
    uart3                                    0x20000040   Data          24  usart.o(.data)
    SystemCoreClock                          0x20000058   Data           4  system_gd32f10x.o(.data)
    AHBPrescTableList                        0x2000005c   Data          16  system_gd32f10x.o(.data)
    rt_interrupt_nest                        0x2000008c   Data           1  irq.o(.data)
    rt_assert_hook                           0x20000098   Data           4  kservice.o(.data)
    rt_object_container                      0x200000bc   Data         144  object.o(.data)
    rt_object_trytake_hook                   0x20000154   Data           4  object.o(.data)
    rt_object_take_hook                      0x20000158   Data           4  object.o(.data)
    rt_object_put_hook                       0x2000015c   Data           4  object.o(.data)
    rt_current_thread                        0x20000164   Data           4  scheduler.o(.data)
    rt_current_priority                      0x20000168   Data           1  scheduler.o(.data)
    rt_thread_ready_priority_group           0x2000016c   Data           4  scheduler.o(.data)
    rt_thread_defunct                        0x20000170   Data           8  scheduler.o(.data)
    rt_interrupt_from_thread                 0x2000018c   Data           4  cpuport.o(.data)
    rt_interrupt_to_thread                   0x20000190   Data           4  cpuport.o(.data)
    rt_thread_switch_interrupt_flag          0x20000194   Data           4  cpuport.o(.data)
    finsh_compile_sp                         0x200001a4   Data           4  finsh_compiler.o(.data)
    finsh_compile_pc                         0x200001a8   Data           4  finsh_compiler.o(.data)
    global_errno                             0x200001ac   Data           1  finsh_error.o(.data)
    global_sysvar_list                       0x200001f4   Data           4  finsh_var.o(.data)
    finsh_sp                                 0x200001f8   Data           4  finsh_vm.o(.data)
    finsh_pc                                 0x200001fc   Data           4  finsh_vm.o(.data)
    global_syscall_list                      0x20000200   Data           4  finsh_vm.o(.data)
    shell                                    0x20000208   Data           4  shell.o(.data)
    _syscall_table_begin                     0x2000020c   Data           4  symbol.o(.data)
    _syscall_table_end                       0x20000210   Data           4  symbol.o(.data)
    _sysvar_table_begin                      0x20000214   Data           4  symbol.o(.data)
    _sysvar_table_end                        0x20000218   Data           4  symbol.o(.data)
    serial1                                  0x2000061c   Data          84  usart.o(.bss)
    serial2                                  0x20000670   Data          84  usart.o(.bss)
    serial3                                  0x200006c4   Data          84  usart.o(.bss)
    rt_thread_priority_table                 0x20000938   Data         256  scheduler.o(.bss)
    finsh_heap                               0x20000a38   Data         128  finsh_heap.o(.bss)
    global_node_table                        0x20000ab8   Data         320  finsh_node.o(.bss)
    global_variable                          0x20000bf8   Data         192  finsh_var.o(.bss)
    finsh_vm_stack                           0x20000cb8   Data         256  finsh_vm.o(.bss)
    text_segment                             0x20000db8   Data         128  finsh_vm.o(.bss)
    __libspace_start                         0x2000173c   Data          96  libspace.o(.bss)
    __temporary_stack_top$libspace           0x2000179c   Data           0  libspace.o(.bss)
    Image$$RW_IRAM1$$ZI$$Limit               0x20001da0   Number         0  anon$$obj.o ABSOLUTE



==============================================================================

Memory Map of the image

  Image Entry point : 0x08000105

  Load Region LR_IROM1 (Base: 0x08000000, Size: 0x0000c628, Max: 0x00020000, ABSOLUTE, COMPRESSED[0x0000c4cc])

    Execution Region ER_IROM1 (Base: 0x08000000, Size: 0x0000c40c, Max: 0x00020000, ABSOLUTE)

    Base Addr    Size         Type   Attr      Idx    E Section Name        Object

    0x08000000   0x00000104   Data   RO          445    RESET               startup_gd32f10x_md.o
    0x08000104   0x00000008   Code   RO         6144  * !!!main             c_w.l(__main.o)
    0x0800010c   0x00000034   Code   RO         6324    !!!scatter          c_w.l(__scatter.o)
    0x08000140   0x0000005a   Code   RO         6322    !!dczerorl2         c_w.l(__dczerorl2.o)
    0x0800019a   0x00000002   PAD
    0x0800019c   0x0000001c   Code   RO         6326    !!handler_zi        c_w.l(__scatter_zi.o)
    0x080001b8   0x00000002   Code   RO         6195    .ARM.Collect$$libinit$$00000000  c_w.l(libinit.o)
    0x080001ba   0x00000000   Code   RO         6199    .ARM.Collect$$libinit$$00000002  c_w.l(libinit2.o)
    0x080001ba   0x00000000   Code   RO         6201    .ARM.Collect$$libinit$$00000004  c_w.l(libinit2.o)
    0x080001ba   0x00000000   Code   RO         6204    .ARM.Collect$$libinit$$0000000A  c_w.l(libinit2.o)
    0x080001ba   0x00000000   Code   RO         6206    .ARM.Collect$$libinit$$0000000C  c_w.l(libinit2.o)
    0x080001ba   0x00000000   Code   RO         6208    .ARM.Collect$$libinit$$0000000E  c_w.l(libinit2.o)
    0x080001ba   0x00000006   Code   RO         6209    .ARM.Collect$$libinit$$0000000F  c_w.l(libinit2.o)
    0x080001c0   0x00000000   Code   RO         6211    .ARM.Collect$$libinit$$00000011  c_w.l(libinit2.o)
    0x080001c0   0x0000000c   Code   RO         6212    .ARM.Collect$$libinit$$00000012  c_w.l(libinit2.o)
    0x080001cc   0x00000000   Code   RO         6213    .ARM.Collect$$libinit$$00000013  c_w.l(libinit2.o)
    0x080001cc   0x00000000   Code   RO         6215    .ARM.Collect$$libinit$$00000015  c_w.l(libinit2.o)
    0x080001cc   0x00000000   Code   RO         6217    .ARM.Collect$$libinit$$00000017  c_w.l(libinit2.o)
    0x080001cc   0x00000000   Code   RO         6219    .ARM.Collect$$libinit$$00000019  c_w.l(libinit2.o)
    0x080001cc   0x00000000   Code   RO         6221    .ARM.Collect$$libinit$$0000001B  c_w.l(libinit2.o)
    0x080001cc   0x00000000   Code   RO         6223    .ARM.Collect$$libinit$$0000001D  c_w.l(libinit2.o)
    0x080001cc   0x00000000   Code   RO         6225    .ARM.Collect$$libinit$$0000001F  c_w.l(libinit2.o)
    0x080001cc   0x00000000   Code   RO         6227    .ARM.Collect$$libinit$$00000021  c_w.l(libinit2.o)
    0x080001cc   0x00000000   Code   RO         6229    .ARM.Collect$$libinit$$00000023  c_w.l(libinit2.o)
    0x080001cc   0x00000000   Code   RO         6231    .ARM.Collect$$libinit$$00000025  c_w.l(libinit2.o)
    0x080001cc   0x00000000   Code   RO         6235    .ARM.Collect$$libinit$$0000002C  c_w.l(libinit2.o)
    0x080001cc   0x00000000   Code   RO         6237    .ARM.Collect$$libinit$$0000002E  c_w.l(libinit2.o)
    0x080001cc   0x00000000   Code   RO         6239    .ARM.Collect$$libinit$$00000030  c_w.l(libinit2.o)
    0x080001cc   0x00000000   Code   RO         6241    .ARM.Collect$$libinit$$00000032  c_w.l(libinit2.o)
    0x080001cc   0x00000002   Code   RO         6242    .ARM.Collect$$libinit$$00000033  c_w.l(libinit2.o)
    0x080001ce   0x00000002   Code   RO         6262    .ARM.Collect$$libshutdown$$00000000  c_w.l(libshutdown.o)
    0x080001d0   0x00000000   Code   RO         6275    .ARM.Collect$$libshutdown$$00000002  c_w.l(libshutdown2.o)
    0x080001d0   0x00000000   Code   RO         6277    .ARM.Collect$$libshutdown$$00000004  c_w.l(libshutdown2.o)
    0x080001d0   0x00000000   Code   RO         6280    .ARM.Collect$$libshutdown$$00000007  c_w.l(libshutdown2.o)
    0x080001d0   0x00000000   Code   RO         6283    .ARM.Collect$$libshutdown$$0000000A  c_w.l(libshutdown2.o)
    0x080001d0   0x00000000   Code   RO         6285    .ARM.Collect$$libshutdown$$0000000C  c_w.l(libshutdown2.o)
    0x080001d0   0x00000000   Code   RO         6288    .ARM.Collect$$libshutdown$$0000000F  c_w.l(libshutdown2.o)
    0x080001d0   0x00000002   Code   RO         6289    .ARM.Collect$$libshutdown$$00000010  c_w.l(libshutdown2.o)
    0x080001d2   0x00000000   Code   RO         6146    .ARM.Collect$$rtentry$$00000000  c_w.l(__rtentry.o)
    0x080001d2   0x00000000   Code   RO         6158    .ARM.Collect$$rtentry$$00000002  c_w.l(__rtentry2.o)
    0x080001d2   0x00000006   Code   RO         6170    .ARM.Collect$$rtentry$$00000004  c_w.l(__rtentry4.o)
    0x080001d8   0x00000000   Code   RO         6160    .ARM.Collect$$rtentry$$00000009  c_w.l(__rtentry2.o)
    0x080001d8   0x00000004   Code   RO         6161    .ARM.Collect$$rtentry$$0000000A  c_w.l(__rtentry2.o)
    0x080001dc   0x00000000   Code   RO         6163    .ARM.Collect$$rtentry$$0000000C  c_w.l(__rtentry2.o)
    0x080001dc   0x00000008   Code   RO         6164    .ARM.Collect$$rtentry$$0000000D  c_w.l(__rtentry2.o)
    0x080001e4   0x00000002   Code   RO         6196    .ARM.Collect$$rtexit$$00000000  c_w.l(rtexit.o)
    0x080001e6   0x00000000   Code   RO         6244    .ARM.Collect$$rtexit$$00000002  c_w.l(rtexit2.o)
    0x080001e6   0x00000004   Code   RO         6245    .ARM.Collect$$rtexit$$00000003  c_w.l(rtexit2.o)
    0x080001ea   0x00000006   Code   RO         6246    .ARM.Collect$$rtexit$$00000004  c_w.l(rtexit2.o)
    0x080001f0   0x00000040   Code   RO          446    .text               startup_gd32f10x_md.o
    0x08000230   0x000000ec   Code   RO         4606    .text               context_rvds.o
    0x0800031c   0x0000001a   Code   RO         6120    .text               c_w.l(atoi.o)
    0x08000336   0x00000048   Code   RO         6122    .text               c_w.l(strcpy.o)
    0x0800037e   0x0000003e   Code   RO         6124    .text               c_w.l(strlen.o)
    0x080003bc   0x00000096   Code   RO         6126    .text               c_w.l(strncmp.o)
    0x08000452   0x00000018   Code   RO         6128    .text               c_w.l(strcat.o)
    0x0800046a   0x0000008a   Code   RO         6130    .text               c_w.l(rt_memcpy_v6.o)
    0x080004f4   0x00000064   Code   RO         6132    .text               c_w.l(rt_memcpy_w.o)
    0x08000558   0x00000044   Code   RO         6134    .text               c_w.l(rt_memclr.o)
    0x0800059c   0x0000004e   Code   RO         6136    .text               c_w.l(rt_memclr_w.o)
    0x080005ea   0x00000056   Code   RO         6138    .text               c_w.l(strncpy.o)
    0x08000640   0x00000080   Code   RO         6140    .text               c_w.l(strcmpv7m.o)
    0x080006c0   0x00000006   Code   RO         6142    .text               c_w.l(heapauxi.o)
    0x080006c6   0x00000002   PAD
    0x080006c8   0x00000008   Code   RO         6150    .text               c_w.l(rt_errno_addr_intlibspace.o)
    0x080006d0   0x00000070   Code   RO         6152    .text               c_w.l(strtol.o)
    0x08000740   0x00000008   Code   RO         6154    .text               c_w.l(libspace.o)
    0x08000748   0x00000010   Code   RO         6172    .text               c_w.l(rt_ctype_table.o)
    0x08000758   0x0000009e   Code   RO         6174    .text               c_w.l(_strtoul.o)
    0x080007f6   0x0000004a   Code   RO         6176    .text               c_w.l(sys_stackheap_outer.o)
    0x08000840   0x00000008   Code   RO         6181    .text               c_w.l(rt_locale_intlibspace.o)
    0x08000848   0x0000001c   Code   RO         6183    .text               c_w.l(_chval.o)
    0x08000864   0x00000012   Code   RO         6188    .text               c_w.l(exit.o)
    0x08000876   0x00000002   PAD
    0x08000878   0x0000000c   Code   RO         6254    .text               c_w.l(sys_exit.o)
    0x08000884   0x00000002   Code   RO         6265    .text               c_w.l(use_no_semi.o)
    0x08000886   0x00000000   Code   RO         6267    .text               c_w.l(indicate_semi.o)
    0x08000886   0x00000002   PAD
    0x08000888   0x00000018   Code   RO          310    i.DMA1_Channel3_IRQHandler  usart.o
    0x080008a0   0x00000018   Code   RO          311    i.DMA1_Channel5_IRQHandler  usart.o
    0x080008b8   0x00000018   Code   RO          312    i.DMA1_Channel6_IRQHandler  usart.o
    0x080008d0   0x0000001c   Code   RO         1079    i.DMA_ClearBitState  gd32f10x_dma.o
    0x080008ec   0x000000a6   Code   RO          313    i.DMA_Configuration  usart.o
    0x08000992   0x00000002   PAD
    0x08000994   0x0000014c   Code   RO         1081    i.DMA_DeInit        gd32f10x_dma.o
    0x08000ae0   0x00000018   Code   RO         1082    i.DMA_Enable        gd32f10x_dma.o
    0x08000af8   0x00000008   Code   RO         1084    i.DMA_GetCurrDataCounter  gd32f10x_dma.o
    0x08000b00   0x00000012   Code   RO         1086    i.DMA_INTConfig     gd32f10x_dma.o
    0x08000b12   0x0000003c   Code   RO         1087    i.DMA_Init          gd32f10x_dma.o
    0x08000b4e   0x00000004   Code   RO         1089    i.DMA_SetCurrDataCounter  gd32f10x_dma.o
    0x08000b52   0x00000002   PAD
    0x08000b54   0x00000090   Code   RO          314    i.GPIO_Configuration  usart.o
    0x08000be4   0x00000116   Code   RO         1540    i.GPIO_Init         gd32f10x_gpio.o
    0x08000cfa   0x00000002   PAD
    0x08000cfc   0x00000090   Code   RO         1543    i.GPIO_PinRemapConfig  gd32f10x_gpio.o
    0x08000d8c   0x00000004   Code   RO         1548    i.GPIO_ResetBits    gd32f10x_gpio.o
    0x08000d90   0x00000004   Code   RO         1549    i.GPIO_SetBits      gd32f10x_gpio.o
    0x08000d94   0x0000000e   Code   RO          216    i.NVIC_Configuration  board.o
    0x08000da2   0x00000022   Code   RO          315    i.NVIC_Configuration  usart.o
    0x08000dc4   0x000000cc   Code   RO         1950    i.NVIC_Init         gd32f10x_misc.o
    0x08000e90   0x00000014   Code   RO         1953    i.NVIC_VectTableSet  gd32f10x_misc.o
    0x08000ea4   0x00000030   Code   RO         5324    i.OP_add_byte       finsh_ops.o
    0x08000ed4   0x00000030   Code   RO         5325    i.OP_add_dword      finsh_ops.o
    0x08000f04   0x00000030   Code   RO         5326    i.OP_add_word       finsh_ops.o
    0x08000f34   0x00000030   Code   RO         5327    i.OP_and_byte       finsh_ops.o
    0x08000f64   0x00000030   Code   RO         5328    i.OP_and_dword      finsh_ops.o
    0x08000f94   0x00000030   Code   RO         5329    i.OP_and_word       finsh_ops.o
    0x08000fc4   0x00000018   Code   RO         5330    i.OP_bw_byte        finsh_ops.o
    0x08000fdc   0x00000018   Code   RO         5331    i.OP_bw_dword       finsh_ops.o
    0x08000ff4   0x00000018   Code   RO         5332    i.OP_bw_word        finsh_ops.o
    0x0800100c   0x0000038c   Code   RO         5333    i.OP_call           finsh_ops.o
    0x08001398   0x00000030   Code   RO         5334    i.OP_div_byte       finsh_ops.o
    0x080013c8   0x00000030   Code   RO         5335    i.OP_div_dword      finsh_ops.o
    0x080013f8   0x00000034   Code   RO         5336    i.OP_div_word       finsh_ops.o
    0x0800142c   0x0000002c   Code   RO         5337    i.OP_ld_byte        finsh_ops.o
    0x08001458   0x00000048   Code   RO         5338    i.OP_ld_dword       finsh_ops.o
    0x080014a0   0x0000004c   Code   RO         5339    i.OP_ld_value_byte  finsh_ops.o
    0x080014ec   0x00000018   Code   RO         5340    i.OP_ld_value_byte_stack  finsh_ops.o
    0x08001504   0x0000004c   Code   RO         5341    i.OP_ld_value_dword  finsh_ops.o
    0x08001550   0x00000018   Code   RO         5342    i.OP_ld_value_dword_stack  finsh_ops.o
    0x08001568   0x0000004c   Code   RO         5343    i.OP_ld_value_word  finsh_ops.o
    0x080015b4   0x00000018   Code   RO         5344    i.OP_ld_value_word_stack  finsh_ops.o
    0x080015cc   0x00000038   Code   RO         5345    i.OP_ld_word        finsh_ops.o
    0x08001604   0x00000034   Code   RO         5346    i.OP_mod_byte       finsh_ops.o
    0x08001638   0x00000034   Code   RO         5347    i.OP_mod_dword      finsh_ops.o
    0x0800166c   0x00000034   Code   RO         5348    i.OP_mod_word       finsh_ops.o
    0x080016a0   0x00000030   Code   RO         5349    i.OP_mul_byte       finsh_ops.o
    0x080016d0   0x00000030   Code   RO         5350    i.OP_mul_dword      finsh_ops.o
    0x08001700   0x00000030   Code   RO         5351    i.OP_mul_word       finsh_ops.o
    0x08001730   0x00000002   Code   RO         5352    i.OP_no_op          finsh_ops.o
    0x08001732   0x00000002   PAD
    0x08001734   0x00000030   Code   RO         5353    i.OP_or_byte        finsh_ops.o
    0x08001764   0x00000030   Code   RO         5354    i.OP_or_dword       finsh_ops.o
    0x08001794   0x00000030   Code   RO         5355    i.OP_or_word        finsh_ops.o
    0x080017c4   0x00000010   Code   RO         5356    i.OP_pop            finsh_ops.o
    0x080017d4   0x00000030   Code   RO         5357    i.OP_shl_byte       finsh_ops.o
    0x08001804   0x00000030   Code   RO         5358    i.OP_shl_dword      finsh_ops.o
    0x08001834   0x00000030   Code   RO         5359    i.OP_shl_word       finsh_ops.o
    0x08001864   0x00000030   Code   RO         5360    i.OP_shr_byte       finsh_ops.o
    0x08001894   0x00000030   Code   RO         5361    i.OP_shr_dword      finsh_ops.o
    0x080018c4   0x00000030   Code   RO         5362    i.OP_shr_word       finsh_ops.o
    0x080018f4   0x00000024   Code   RO         5363    i.OP_st_byte        finsh_ops.o
    0x08001918   0x00000024   Code   RO         5364    i.OP_st_dword       finsh_ops.o
    0x0800193c   0x00000024   Code   RO         5365    i.OP_st_word        finsh_ops.o
    0x08001960   0x00000030   Code   RO         5366    i.OP_sub_byte       finsh_ops.o
    0x08001990   0x00000030   Code   RO         5367    i.OP_sub_dword      finsh_ops.o
    0x080019c0   0x00000030   Code   RO         5368    i.OP_sub_word       finsh_ops.o
    0x080019f0   0x00000030   Code   RO         5369    i.OP_xor_byte       finsh_ops.o
    0x08001a20   0x00000030   Code   RO         5370    i.OP_xor_dword      finsh_ops.o
    0x08001a50   0x00000030   Code   RO         5371    i.OP_xor_word       finsh_ops.o
    0x08001a80   0x00000018   Code   RO         2063    i.RCC_AHBConfig     gd32f10x_rcc.o
    0x08001a98   0x00000020   Code   RO         2064    i.RCC_AHBPeriphClock_Enable  gd32f10x_rcc.o
    0x08001ab8   0x00000018   Code   RO         2065    i.RCC_APB1Config    gd32f10x_rcc.o
    0x08001ad0   0x00000020   Code   RO         2066    i.RCC_APB1PeriphClock_Enable  gd32f10x_rcc.o
    0x08001af0   0x00000018   Code   RO         2068    i.RCC_APB2Config    gd32f10x_rcc.o
    0x08001b08   0x00000020   Code   RO         2069    i.RCC_APB2PeriphClock_Enable  gd32f10x_rcc.o
    0x08001b28   0x00000018   Code   RO         2074    i.RCC_CK_SYSConfig  gd32f10x_rcc.o
    0x08001b40   0x00000034   Code   RO          316    i.RCC_Configuration  usart.o
    0x08001b74   0x00000054   Code   RO         2077    i.RCC_DeInit        gd32f10x_rcc.o
    0x08001bc8   0x00000038   Code   RO         2078    i.RCC_GetBitState   gd32f10x_rcc.o
    0x08001c00   0x00000010   Code   RO         2079    i.RCC_GetCK_SYSSource  gd32f10x_rcc.o
    0x08001c10   0x0000013c   Code   RO         2080    i.RCC_GetClocksFreq  gd32f10x_rcc.o
    0x08001d4c   0x00000024   Code   RO         2084    i.RCC_HSI_Enable    gd32f10x_rcc.o
    0x08001d70   0x00000020   Code   RO         2089    i.RCC_PLLConfig     gd32f10x_rcc.o
    0x08001d90   0x00000024   Code   RO         2090    i.RCC_PLL_Enable    gd32f10x_rcc.o
    0x08001db4   0x00000008   Code   RO          452    i.SetSysClock       system_gd32f10x.o
    0x08001dbc   0x000000c8   Code   RO          453    i.SetSysClockTo108  system_gd32f10x.o
    0x08001e84   0x00000010   Code   RO          217    i.SysTick_Handler   board.o
    0x08001e94   0x0000005c   Code   RO          218    i.SystemClock_Config  board.o
    0x08001ef0   0x00000058   Code   RO          455    i.SystemInit        system_gd32f10x.o
    0x08001f48   0x00000018   Code   RO          317    i.USART1_IRQHandler  usart.o
    0x08001f60   0x00000018   Code   RO          318    i.USART2_IRQHandler  usart.o
    0x08001f78   0x00000018   Code   RO          319    i.USART3_IRQHandler  usart.o
    0x08001f90   0x00000014   Code   RO         3087    i.USART_ClearIntBitState  gd32f10x_usart.o
    0x08001fa4   0x00000012   Code   RO         3090    i.USART_DMA_Enable  gd32f10x_usart.o
    0x08001fb6   0x0000000a   Code   RO         3091    i.USART_DataReceive  gd32f10x_usart.o
    0x08001fc0   0x00000016   Code   RO         3094    i.USART_Enable      gd32f10x_usart.o
    0x08001fd6   0x00000010   Code   RO         3095    i.USART_GetBitState  gd32f10x_usart.o
    0x08001fe6   0x0000004a   Code   RO         3096    i.USART_GetIntBitState  gd32f10x_usart.o
    0x08002030   0x00000040   Code   RO         3099    i.USART_INT_Set     gd32f10x_usart.o
    0x08002070   0x00000084   Code   RO         3100    i.USART_Init        gd32f10x_usart.o
    0x080020f4   0x0000004c   Code   RO         3788    i.__rt_ffs          kservice.o
    0x08002140   0x00000014   Code   RO         3445    i._has_defunct_thread  idle.o
    0x08002154   0x000000d4   Code   RO         4921    i._list_device      cmd.o
    0x08002228   0x000000f8   Code   RO         4922    i._list_event       cmd.o
    0x08002320   0x0000010c   Code   RO         4923    i._list_mailbox     cmd.o
    0x0800242c   0x00000114   Code   RO         4924    i._list_mempool     cmd.o
    0x08002540   0x000000f8   Code   RO         4925    i._list_msgqueue    cmd.o
    0x08002638   0x000000c4   Code   RO         4926    i._list_mutex       cmd.o
    0x080026fc   0x000000f0   Code   RO         4927    i._list_sem         cmd.o
    0x080027ec   0x00000170   Code   RO         4928    i._list_thread      cmd.o
    0x0800295c   0x00000110   Code   RO         4929    i._list_timer       cmd.o
    0x08002a6c   0x00000098   Code   RO         5910    i._msh_exec_cmd     msh.o
    0x08002b04   0x000000c8   Code   RO         4236    i._rt_scheduler_stack_check  scheduler.o
    0x08002bcc   0x000000b8   Code   RO         4321    i._rt_thread_init   thread.o
    0x08002c84   0x00000042   Code   RO         4437    i._rt_timer_init    timer.o
    0x08002cc6   0x0000002e   Code   RO         4438    i._rt_timer_remove  timer.o
    0x08002cf4   0x00000190   Code   RO         4701    i._serial_dma_rx    serial.o
    0x08002e84   0x0000005c   Code   RO         4702    i._serial_dma_tx    serial.o
    0x08002ee0   0x00000098   Code   RO         4703    i._serial_int_rx    serial.o
    0x08002f78   0x0000006c   Code   RO         4704    i._serial_int_tx    serial.o
    0x08002fe4   0x0000005c   Code   RO         4705    i._serial_poll_rx   serial.o
    0x08003040   0x00000054   Code   RO         4706    i._serial_poll_tx   serial.o
    0x08003094   0x000000fc   Code   RO         4552    i.bus_fault_track   cpuport.o
    0x08003190   0x00000058   Code   RO          320    i.dma_rx_done_isr   usart.o
    0x080031e8   0x00000052   Code   RO          321    i.dma_uart_rx_idle_isr  usart.o
    0x0800323a   0x0000003e   Code   RO         5178    i.finsh_block_insert  finsh_heap.o
    0x08003278   0x0000007c   Code   RO         5179    i.finsh_block_merge  finsh_heap.o
    0x080032f4   0x0000002e   Code   RO         5180    i.finsh_block_remove  finsh_heap.o
    0x08003322   0x00000018   Code   RO         5181    i.finsh_block_split  finsh_heap.o
    0x0800333a   0x00000002   PAD
    0x0800333c   0x00001654   Code   RO         5097    i.finsh_compile     finsh_compiler.o
    0x08004990   0x00000068   Code   RO         5098    i.finsh_compiler_run  finsh_compiler.o
    0x080049f8   0x0000000c   Code   RO         5144    i.finsh_errno       finsh_error.o
    0x08004a04   0x0000000c   Code   RO         5145    i.finsh_error_init  finsh_error.o
    0x08004a10   0x00000010   Code   RO         5146    i.finsh_error_set   finsh_error.o
    0x08004a20   0x00000010   Code   RO         5147    i.finsh_error_string  finsh_error.o
    0x08004a30   0x00000016   Code   RO         5231    i.finsh_flush       finsh_init.o
    0x08004a46   0x00000002   PAD
    0x08004a48   0x00000040   Code   RO         6015    i.finsh_get_prompt  shell.o
    0x08004a88   0x00000074   Code   RO         5182    i.finsh_heap_allocate  finsh_heap.o
    0x08004afc   0x0000002c   Code   RO         5183    i.finsh_heap_free   finsh_heap.o
    0x08004b28   0x00000058   Code   RO         5184    i.finsh_heap_gc     finsh_heap.o
    0x08004b80   0x00000030   Code   RO         5185    i.finsh_heap_init   finsh_heap.o
    0x08004bb0   0x0000001e   Code   RO         5232    i.finsh_init        finsh_init.o
    0x08004bce   0x00000002   PAD
    0x08004bd0   0x0000003c   Code   RO         5267    i.finsh_node_allocate  finsh_node.o
    0x08004c0c   0x00000014   Code   RO         5268    i.finsh_node_init   finsh_node.o
    0x08004c20   0x0000001e   Code   RO         5269    i.finsh_node_new_char  finsh_node.o
    0x08004c3e   0x00000076   Code   RO         5270    i.finsh_node_new_id  finsh_node.o
    0x08004cb4   0x0000001e   Code   RO         5271    i.finsh_node_new_int  finsh_node.o
    0x08004cd2   0x0000001e   Code   RO         5272    i.finsh_node_new_long  finsh_node.o
    0x08004cf0   0x0000001e   Code   RO         5273    i.finsh_node_new_ptr  finsh_node.o
    0x08004d0e   0x0000004a   Code   RO         5274    i.finsh_node_new_string  finsh_node.o
    0x08004d58   0x00000010   Code   RO         5624    i.finsh_parser_init  finsh_parser.o
    0x08004d68   0x000000dc   Code   RO         5625    i.finsh_parser_run  finsh_parser.o
    0x08004e44   0x000000d4   Code   RO         6016    i.finsh_run_line    shell.o
    0x08004f18   0x00000040   Code   RO         6017    i.finsh_rx_ind      shell.o
    0x08004f58   0x0000000c   Code   RO         5234    i.finsh_stack_bottom  finsh_init.o
    0x08004f64   0x0000005c   Code   RO         5872    i.finsh_syscall_lookup  finsh_vm.o
    0x08004fc0   0x00000014   Code   RO         6020    i.finsh_system_function_init  shell.o
    0x08004fd4   0x000000c0   Code   RO         6021    i.finsh_system_init  shell.o
    0x08005094   0x00000014   Code   RO         6022    i.finsh_system_var_init  shell.o
    0x080050a8   0x0000005c   Code   RO         5819    i.finsh_sysvar_lookup  finsh_var.o
    0x08005104   0x00000628   Code   RO         6023    i.finsh_thread_entry  shell.o
    0x0800572c   0x00000014   Code   RO         5736    i.finsh_token_init  finsh_token.o
    0x08005740   0x00000018   Code   RO         5737    i.finsh_token_token  finsh_token.o
    0x08005758   0x0000015e   Code   RO         5099    i.finsh_type_check  finsh_compiler.o
    0x080058b6   0x00000002   PAD
    0x080058b8   0x00000014   Code   RO         5821    i.finsh_var_init    finsh_var.o
    0x080058cc   0x00000078   Code   RO         5822    i.finsh_var_insert  finsh_var.o
    0x08005944   0x00000040   Code   RO         5823    i.finsh_var_lookup  finsh_var.o
    0x08005984   0x00000054   Code   RO         5873    i.finsh_vm_run      finsh_vm.o
    0x080059d8   0x000000e8   Code   RO          322    i.gd32_configure    usart.o
    0x08005ac0   0x000000a4   Code   RO          323    i.gd32_control      usart.o
    0x08005b64   0x00000044   Code   RO          324    i.gd32_getc         usart.o
    0x08005ba8   0x00000044   Code   RO          325    i.gd32_putc         usart.o
    0x08005bec   0x00000080   Code   RO         4553    i.hard_fault_track  cpuport.o
    0x08005c6c   0x00000020   Code   RO         4930    i.hello             cmd.o
    0x08005c8c   0x0000007c   Code   RO          261    i.led               led.o
    0x08005d08   0x00000020   Code   RO            3    i.led1_thread_entry  applications.o
    0x08005d28   0x00000020   Code   RO            4    i.led2_thread_entry  applications.o
    0x08005d48   0x00000020   Code   RO            5    i.led3_thread_entry  applications.o
    0x08005d68   0x000000bc   Code   RO          262    i.led_init          led.o
    0x08005e24   0x00000040   Code   RO          263    i.led_off           led.o
    0x08005e64   0x00000040   Code   RO          264    i.led_on            led.o
    0x08005ea4   0x000000dc   Code   RO         4931    i.list              cmd.o
    0x08005f80   0x00000010   Code   RO         4932    i.list_device       cmd.o
    0x08005f90   0x00000010   Code   RO         4933    i.list_event        cmd.o
    0x08005fa0   0x00000010   Code   RO         4934    i.list_mailbox      cmd.o
    0x08005fb0   0x00000078   Code   RO         3980    i.list_mem          mem.o
    0x08006028   0x00000010   Code   RO         4935    i.list_mempool      cmd.o
    0x08006038   0x00000010   Code   RO         4936    i.list_msgqueue     cmd.o
    0x08006048   0x00000010   Code   RO         4937    i.list_mutex        cmd.o
    0x08006058   0x00000210   Code   RO         4938    i.list_prefix       cmd.o
    0x08006268   0x00000010   Code   RO         4939    i.list_sem          cmd.o
    0x08006278   0x00000010   Code   RO         4940    i.list_thread       cmd.o
    0x08006288   0x00000010   Code   RO         4941    i.list_timer        cmd.o
    0x08006298   0x0000000e   Code   RO          165    i.main              startup.o
    0x080062a6   0x00000028   Code   RO         5626    i.make_sys_node     finsh_parser.o
    0x080062ce   0x00000002   PAD
    0x080062d0   0x000000e8   Code   RO         4554    i.mem_manage_fault_track  cpuport.o
    0x080063b8   0x000000a0   Code   RO         5911    i.msh_auto_complete  msh.o
    0x08006458   0x00000010   Code   RO         5912    i.msh_enter         msh.o
    0x08006468   0x0000006c   Code   RO         5913    i.msh_exec          msh.o
    0x080064d4   0x00000010   Code   RO         5914    i.msh_exit          msh.o
    0x080064e4   0x0000005c   Code   RO         5915    i.msh_get_cmd       msh.o
    0x08006540   0x00000080   Code   RO         5916    i.msh_help          msh.o
    0x080065c0   0x0000000c   Code   RO         5917    i.msh_is_used       msh.o
    0x080065cc   0x0000009a   Code   RO         5918    i.msh_split         msh.o
    0x08006666   0x0000003e   Code   RO         4942    i.object_name_maxlen  cmd.o
    0x080066a4   0x0000001c   Code   RO         4943    i.object_split      cmd.o
    0x080066c0   0x0000010c   Code   RO         3981    i.plug_holes        mem.o
    0x080067cc   0x0000018c   Code   RO         3790    i.print_number      kservice.o
    0x08006958   0x00000072   Code   RO         5627    i.proc_additive_expr  finsh_parser.o
    0x080069ca   0x0000004c   Code   RO         5628    i.proc_and_expr     finsh_parser.o
    0x08006a16   0x00000038   Code   RO         5629    i.proc_assign_expr  finsh_parser.o
    0x08006a4e   0x0000004e   Code   RO         5630    i.proc_cast_expr    finsh_parser.o
    0x08006a9c   0x0000004c   Code   RO         5631    i.proc_exclusive_or_expr  finsh_parser.o
    0x08006ae8   0x0000000c   Code   RO         5632    i.proc_expr         finsh_parser.o
    0x08006af4   0x00000038   Code   RO         5633    i.proc_expr_statement  finsh_parser.o
    0x08006b2c   0x0000002c   Code   RO         5634    i.proc_identifier   finsh_parser.o
    0x08006b58   0x0000004c   Code   RO         5635    i.proc_inclusive_or_expr  finsh_parser.o
    0x08006ba4   0x0000008a   Code   RO         5636    i.proc_multiplicative_expr  finsh_parser.o
    0x08006c2e   0x0000004c   Code   RO         5637    i.proc_param_list   finsh_parser.o
    0x08006c7a   0x000000a2   Code   RO         5638    i.proc_postfix_expr  finsh_parser.o
    0x08006d1c   0x0000009e   Code   RO         5639    i.proc_primary_expr  finsh_parser.o
    0x08006dba   0x00000074   Code   RO         5640    i.proc_shift_expr   finsh_parser.o
    0x08006e2e   0x000000fa   Code   RO         5641    i.proc_type         finsh_parser.o
    0x08006f28   0x000000be   Code   RO         5642    i.proc_unary_expr   finsh_parser.o
    0x08006fe6   0x000001da   Code   RO         5643    i.proc_variable_decl  finsh_parser.o
    0x080071c0   0x000000d4   Code   RO            6    i.rt_application_init  applications.o
    0x08007294   0x00000074   Code   RO         3791    i.rt_assert_handler  kservice.o
    0x08007308   0x00000068   Code   RO         4610    i.rt_completion_done  completion.o
    0x08007370   0x00000048   Code   RO         4611    i.rt_completion_init  completion.o
    0x080073b8   0x0000013c   Code   RO         4612    i.rt_completion_wait  completion.o
    0x080074f4   0x0000000c   Code   RO         3793    i.rt_console_get_device  kservice.o
    0x08007500   0x00000034   Code   RO         3794    i.rt_console_set_device  kservice.o
    0x08007534   0x00000068   Code   RO         4643    i.rt_data_queue_init  dataqueue.o
    0x0800759c   0x00000078   Code   RO         4644    i.rt_data_queue_peak  dataqueue.o
    0x08007614   0x000001b8   Code   RO         4645    i.rt_data_queue_pop  dataqueue.o
    0x080077cc   0x00000154   Code   RO         4646    i.rt_data_queue_push  dataqueue.o
    0x08007920   0x00000058   Code   RO         3365    i.rt_device_close   device.o
    0x08007978   0x00000050   Code   RO         3367    i.rt_device_find    device.o
    0x080079c8   0x000000e8   Code   RO         3370    i.rt_device_open    device.o
    0x08007ab0   0x00000060   Code   RO         3371    i.rt_device_read    device.o
    0x08007b10   0x00000034   Code   RO         3372    i.rt_device_register  device.o
    0x08007b44   0x00000030   Code   RO         3373    i.rt_device_set_rx_indicate  device.o
    0x08007b74   0x00000060   Code   RO         3376    i.rt_device_write   device.o
    0x08007bd4   0x00000058   Code   RO         4707    i.rt_dma_calc_recved_len  serial.o
    0x08007c2c   0x00000088   Code   RO         4708    i.rt_dma_recv_update_get_index  serial.o
    0x08007cb4   0x000000b8   Code   RO         4709    i.rt_dma_recv_update_put_index  serial.o
    0x08007d6c   0x00000020   Code   RO         4238    i.rt_enter_critical  scheduler.o
    0x08007d8c   0x0000003c   Code   RO         4239    i.rt_exit_critical  scheduler.o
    0x08007dc8   0x00000198   Code   RO         3983    i.rt_free           mem.o
    0x08007f60   0x00000078   Code   RO          219    i.rt_hw_board_init  board.o
    0x08007fd8   0x00000002   Code   RO         3797    i.rt_hw_console_output  kservice.o
    0x08007fda   0x00000002   PAD
    0x08007fdc   0x00000208   Code   RO         4557    i.rt_hw_hard_fault_exception  cpuport.o
    0x080081e4   0x000001c4   Code   RO         4710    i.rt_hw_serial_isr  serial.o
    0x080083a8   0x0000007c   Code   RO         4711    i.rt_hw_serial_register  serial.o
    0x08008424   0x0000004c   Code   RO         4558    i.rt_hw_stack_init  cpuport.o
    0x08008470   0x000000d0   Code   RO          326    i.rt_hw_usart_init  usart.o
    0x08008540   0x00000024   Code   RO         3761    i.rt_interrupt_enter  irq.o
    0x08008564   0x0000000c   Code   RO         3762    i.rt_interrupt_get_nest  irq.o
    0x08008570   0x00000024   Code   RO         3763    i.rt_interrupt_leave  irq.o
    0x08008594   0x00000018   Code   RO         3494    i.rt_ipc_list_resume  ipc.o
    0x080085ac   0x0000006c   Code   RO         3496    i.rt_ipc_list_suspend  ipc.o
    0x08008618   0x00000010   Code   RO         3497    i.rt_ipc_object_init  ipc.o
    0x08008628   0x00000068   Code   RO         3798    i.rt_kprintf        kservice.o
    0x08008690   0x00000006   Code   RO         3498    i.rt_list_init      ipc.o
    0x08008696   0x00000006   Code   RO         4240    i.rt_list_init      scheduler.o
    0x0800869c   0x00000006   Code   RO         4439    i.rt_list_init      timer.o
    0x080086a2   0x00000006   Code   RO         4648    i.rt_list_init      dataqueue.o
    0x080086a8   0x0000000e   Code   RO         4135    i.rt_list_insert_after  object.o
    0x080086b6   0x0000000e   Code   RO         4322    i.rt_list_insert_after  thread.o
    0x080086c4   0x0000000e   Code   RO         4440    i.rt_list_insert_after  timer.o
    0x080086d2   0x0000000e   Code   RO         3499    i.rt_list_insert_before  ipc.o
    0x080086e0   0x0000000e   Code   RO         4649    i.rt_list_insert_before  dataqueue.o
    0x080086ee   0x00000010   Code   RO         3500    i.rt_list_isempty   ipc.o
    0x080086fe   0x00000010   Code   RO         4441    i.rt_list_isempty   timer.o
    0x0800870e   0x00000010   Code   RO         4613    i.rt_list_isempty   completion.o
    0x0800871e   0x00000010   Code   RO         4650    i.rt_list_isempty   dataqueue.o
    0x0800872e   0x00000010   Code   RO         4944    i.rt_list_isempty   cmd.o
    0x0800873e   0x00000014   Code   RO         4945    i.rt_list_len       cmd.o
    0x08008752   0x00000012   Code   RO         4136    i.rt_list_remove    object.o
    0x08008764   0x00000012   Code   RO         4323    i.rt_list_remove    thread.o
    0x08008776   0x00000002   PAD
    0x08008778   0x000002b4   Code   RO         3985    i.rt_malloc         mem.o
    0x08008a2c   0x0000007c   Code   RO         3801    i.rt_memcpy         kservice.o
    0x08008aa8   0x00000042   Code   RO         3802    i.rt_memmove        kservice.o
    0x08008aea   0x00000048   Code   RO         3803    i.rt_memset         kservice.o
    0x08008b32   0x00000002   PAD
    0x08008b34   0x000000b8   Code   RO         4137    i.rt_object_allocate  object.o
    0x08008bec   0x0000009c   Code   RO         4139    i.rt_object_delete  object.o
    0x08008c88   0x00000054   Code   RO         4140    i.rt_object_detach  object.o
    0x08008cdc   0x00000054   Code   RO         4144    i.rt_object_init    object.o
    0x08008d30   0x0000003c   Code   RO         4145    i.rt_object_is_systemobject  object.o
    0x08008d6c   0x000000a4   Code   RO         4241    i.rt_schedule       scheduler.o
    0x08008e10   0x00000074   Code   RO         4242    i.rt_schedule_insert_thread  scheduler.o
    0x08008e84   0x00000080   Code   RO         4243    i.rt_schedule_remove_thread  scheduler.o
    0x08008f04   0x00000048   Code   RO         3528    i.rt_sem_init       ipc.o
    0x08008f4c   0x00000054   Code   RO         3529    i.rt_sem_release    ipc.o
    0x08008fa0   0x00000188   Code   RO         3530    i.rt_sem_take       ipc.o
    0x08009128   0x00000184   Code   RO         4712    i.rt_serial_close   serial.o
    0x080092ac   0x00000080   Code   RO         4713    i.rt_serial_control  serial.o
    0x0800932c   0x00000048   Code   RO         4714    i.rt_serial_init    serial.o
    0x08009374   0x00000238   Code   RO         4715    i.rt_serial_open    serial.o
    0x080095ac   0x0000006c   Code   RO         4716    i.rt_serial_read    serial.o
    0x08009618   0x0000006c   Code   RO         4717    i.rt_serial_write   serial.o
    0x08009684   0x00000028   Code   RO         3804    i.rt_set_errno      kservice.o
    0x080096ac   0x000000b0   Code   RO         3805    i.rt_show_version   kservice.o
    0x0800975c   0x00000012   Code   RO         3811    i.rt_strlen         kservice.o
    0x0800976e   0x00000028   Code   RO         3812    i.rt_strncmp        kservice.o
    0x08009796   0x00000034   Code   RO         3813    i.rt_strncpy        kservice.o
    0x080097ca   0x00000002   PAD
    0x080097cc   0x00000150   Code   RO         3989    i.rt_system_heap_init  mem.o
    0x0800991c   0x00000050   Code   RO         4245    i.rt_system_scheduler_init  scheduler.o
    0x0800996c   0x00000030   Code   RO         4246    i.rt_system_scheduler_start  scheduler.o
    0x0800999c   0x0000001c   Code   RO         4442    i.rt_system_timer_init  timer.o
    0x080099b8   0x00000002   Code   RO         4443    i.rt_system_timer_thread_init  timer.o
    0x080099ba   0x00000050   Code   RO         4325    i.rt_thread_create  thread.o
    0x08009a0a   0x0000000c   Code   RO         4326    i.rt_thread_delay   thread.o
    0x08009a16   0x00000002   PAD
    0x08009a18   0x0000005c   Code   RO         4327    i.rt_thread_delete  thread.o
    0x08009a74   0x00000064   Code   RO         4328    i.rt_thread_detach  thread.o
    0x08009ad8   0x00000054   Code   RO         4329    i.rt_thread_exit    thread.o
    0x08009b2c   0x00000018   Code   RO         3446    i.rt_thread_idle_entry  idle.o
    0x08009b44   0x000000cc   Code   RO         3447    i.rt_thread_idle_excute  idle.o
    0x08009c10   0x0000003c   Code   RO         3448    i.rt_thread_idle_init  idle.o
    0x08009c4c   0x0000007c   Code   RO         4331    i.rt_thread_init    thread.o
    0x08009cc8   0x00000068   Code   RO         4332    i.rt_thread_resume  thread.o
    0x08009d30   0x0000000c   Code   RO         4333    i.rt_thread_self    thread.o
    0x08009d3c   0x00000068   Code   RO         4334    i.rt_thread_sleep   thread.o
    0x08009da4   0x00000088   Code   RO         4335    i.rt_thread_startup  thread.o
    0x08009e2c   0x00000064   Code   RO         4336    i.rt_thread_suspend  thread.o
    0x08009e90   0x00000080   Code   RO         4337    i.rt_thread_timeout  thread.o
    0x08009f10   0x00000060   Code   RO         4338    i.rt_thread_yield   thread.o
    0x08009f70   0x0000000c   Code   RO         3323    i.rt_tick_get       clock.o
    0x08009f7c   0x00000030   Code   RO         3324    i.rt_tick_increase  clock.o
    0x08009fac   0x0000009c   Code   RO         4444    i.rt_timer_check    timer.o
    0x0800a048   0x00000064   Code   RO         4445    i.rt_timer_control  timer.o
    0x0800a0ac   0x00000044   Code   RO         4448    i.rt_timer_detach   timer.o
    0x0800a0f0   0x00000054   Code   RO         4449    i.rt_timer_init     timer.o
    0x0800a144   0x0000016c   Code   RO         4452    i.rt_timer_start    timer.o
    0x0800a2b0   0x0000006c   Code   RO         4453    i.rt_timer_stop     timer.o
    0x0800a31c   0x00000328   Code   RO         3815    i.rt_vsnprintf      kservice.o
    0x0800a644   0x0000004c   Code   RO          265    i.rtt_main          led.o
    0x0800a690   0x00000038   Code   RO          166    i.rtthread_startup  startup.o
    0x0800a6c8   0x00000040   Code   RO         6024    i.shell_auto_complete  shell.o
    0x0800a708   0x00000030   Code   RO         6025    i.shell_handle_history  shell.o
    0x0800a738   0x000000a2   Code   RO         6026    i.shell_push_history  shell.o
    0x0800a7da   0x00000002   PAD
    0x0800a7dc   0x00000030   Code   RO         4946    i.show_wait_queue   cmd.o
    0x0800a80c   0x00000026   Code   RO         3817    i.skip_atoi         kservice.o
    0x0800a832   0x00000020   Code   RO         4947    i.str_common        cmd.o
    0x0800a852   0x00000020   Code   RO         5919    i.str_common        msh.o
    0x0800a872   0x00000022   Code   RO         4948    i.str_is_prefix     cmd.o
    0x0800a894   0x00000078   Code   RO         5738    i.token_get_string  finsh_token.o
    0x0800a90c   0x00000034   Code   RO         5739    i.token_match_name  finsh_token.o
    0x0800a940   0x0000003e   Code   RO         5740    i.token_next_char   finsh_token.o
    0x0800a97e   0x00000016   Code   RO         5741    i.token_prev_char   finsh_token.o
    0x0800a994   0x000000a2   Code   RO         5742    i.token_proc_char   finsh_token.o
    0x0800aa36   0x000000d6   Code   RO         5743    i.token_proc_escape  finsh_token.o
    0x0800ab0c   0x00000120   Code   RO         5744    i.token_proc_number  finsh_token.o
    0x0800ac2c   0x00000050   Code   RO         5745    i.token_proc_string  finsh_token.o
    0x0800ac7c   0x0000019e   Code   RO         5746    i.token_run         finsh_token.o
    0x0800ae1a   0x00000098   Code   RO         5747    i.token_spec_number  finsh_token.o
    0x0800aeb2   0x00000022   Code   RO         5748    i.token_trim_space  finsh_token.o
    0x0800aed4   0x00000080   Code   RO          327    i.uart_isr          usart.o
    0x0800af54   0x000000e8   Code   RO         4559    i.usage_fault_track  cpuport.o
    0x0800b03c   0x0000000a   Code   RO         4949    i.version           cmd.o
    0x0800b046   0x00000002   PAD
    0x0800b048   0x0000002c   Code   RO         6186    locale$$code        c_w.l(lc_ctype_c.o)
    0x0800b074   0x00000058   Data   RO          329    .constdata          usart.o
    0x0800b0cc   0x000000a8   Data   RO         3377    .constdata          device.o
    0x0800b174   0x00000016   Data   RO         3451    .constdata          idle.o
    0x0800b18a   0x000001d7   Data   RO         3532    .constdata          ipc.o
    0x0800b361   0x00000122   Data   RO         3819    .constdata          kservice.o
    0x0800b483   0x00000046   Data   RO         3991    .constdata          mem.o
    0x0800b4c9   0x0000005e   Data   RO         4150    .constdata          object.o
    0x0800b527   0x0000004e   Data   RO         4248    .constdata          scheduler.o
    0x0800b575   0x000000aa   Data   RO         4339    .constdata          thread.o
    0x0800b61f   0x0000005c   Data   RO         4455    .constdata          timer.o
    0x0800b67b   0x00000039   Data   RO         4614    .constdata          completion.o
    0x0800b6b4   0x0000004b   Data   RO         4651    .constdata          dataqueue.o
    0x0800b6ff   0x00000124   Data   RO         4718    .constdata          serial.o
    0x0800b823   0x00000001   PAD
    0x0800b824   0x00000050   Data   RO         4950    .constdata          cmd.o
    0x0800b874   0x000000c4   Data   RO         5372    .constdata          finsh_ops.o
    0x0800b938   0x00000040   Data   RO         5749    .constdata          finsh_token.o
    0x0800b978   0x0000000e   Data   RO         5920    .constdata          msh.o
    0x0800b986   0x00000060   Data   RO         6028    .constdata          shell.o
    0x0800b9e6   0x00000002   PAD
    0x0800b9e8   0x000000ed   Data   RO         3992    .conststring        mem.o
    0x0800bad5   0x00000003   PAD
    0x0800bad8   0x0000015d   Data   RO         4951    .conststring        cmd.o
    0x0800bc35   0x00000003   PAD
    0x0800bc38   0x000000f3   Data   RO         5148    .conststring        finsh_error.o
    0x0800bd2b   0x00000001   PAD
    0x0800bd2c   0x0000003e   Data   RO         5750    .conststring        finsh_token.o
    0x0800bd6a   0x0000003c   Data   RO          267    .rodata.name        led.o
    0x0800bda6   0x00000027   Data   RO         3994    .rodata.name        mem.o
    0x0800bdcd   0x0000034e   Data   RO         4953    .rodata.name        cmd.o
    0x0800c11b   0x00000061   Data   RO         5922    .rodata.name        msh.o
    0x0800c17c   0x00000018   Data   RO          268    FSymTab             led.o
    0x0800c194   0x0000000c   Data   RO         3995    FSymTab             mem.o
    0x0800c1a0   0x00000108   Data   RO         4954    FSymTab             cmd.o
    0x0800c2a8   0x00000024   Data   RO         5923    FSymTab             msh.o
    0x0800c2cc   0x00000020   Data   RO         6320    Region$$Table       anon$$obj.o
    0x0800c2ec   0x00000010   Data   RO         4955    VSymTab             cmd.o
    0x0800c2fc   0x00000110   Data   RO         6185    locale$$data        c_w.l(lc_ctype_c.o)


    Execution Region RW_IRAM1 (Base: 0x20000000, Size: 0x00001da0, Max: 0x00005000, ABSOLUTE, COMPRESSED[0x000000c0])

    Base Addr    Size         Type   Attr      Idx    E Section Name        Object

    0x20000000   0x00000004   Data   RW            8    .data               applications.o
    0x20000004   0x00000009   Data   RW          266    .data               led.o
    0x2000000d   0x00000003   PAD
    0x20000010   0x00000048   Data   RW          330    .data               usart.o
    0x20000058   0x00000014   Data   RW          456    .data               system_gd32f10x.o
    0x2000006c   0x00000018   Data   RW         2095    .data               gd32f10x_rcc.o
    0x20000084   0x00000004   Data   RW         3326    .data               clock.o
    0x20000088   0x00000004   Data   RW         3452    .data               idle.o
    0x2000008c   0x00000001   Data   RW         3764    .data               irq.o
    0x2000008d   0x00000003   PAD
    0x20000090   0x0000000c   Data   RW         3820    .data               kservice.o
    0x2000009c   0x00000020   Data   RW         3993    .data               mem.o
    0x200000bc   0x000000a4   Data   RW         4151    .data               object.o
    0x20000160   0x0000001c   Data   RW         4249    .data               scheduler.o
    0x2000017c   0x00000010   Data   RW         4456    .data               timer.o
    0x2000018c   0x00000010   Data   RW         4561    .data               cpuport.o
    0x2000019c   0x00000004   Data   RW         4719    .data               serial.o
    0x200001a0   0x00000004   Data   RW         4952    .data               cmd.o
    0x200001a4   0x00000008   Data   RW         5100    .data               finsh_compiler.o
    0x200001ac   0x00000040   Data   RW         5149    .data               finsh_error.o
    0x200001ec   0x00000008   Data   RW         5187    .data               finsh_heap.o
    0x200001f4   0x00000004   Data   RW         5825    .data               finsh_var.o
    0x200001f8   0x0000000c   Data   RW         5875    .data               finsh_vm.o
    0x20000204   0x00000004   Data   RW         5921    .data               msh.o
    0x20000208   0x00000004   Data   RW         6029    .data               shell.o
    0x2000020c   0x00000010   Data   RW         6105    .data               symbol.o
    0x2000021c   0x00000400   Zero   RW            7    .bss                applications.o
    0x2000061c   0x000000fc   Zero   RW          328    .bss                usart.o
    0x20000718   0x00000180   Zero   RW         3450    .bss                idle.o
    0x20000898   0x00000080   Zero   RW         3818    .bss                kservice.o
    0x20000918   0x00000020   Zero   RW         3990    .bss                mem.o
    0x20000938   0x00000100   Zero   RW         4247    .bss                scheduler.o
    0x20000a38   0x00000080   Zero   RW         5186    .bss                finsh_heap.o
    0x20000ab8   0x00000140   Zero   RW         5275    .bss                finsh_node.o
    0x20000bf8   0x000000c0   Zero   RW         5824    .bss                finsh_var.o
    0x20000cb8   0x00000180   Zero   RW         5874    .bss                finsh_vm.o
    0x20000e38   0x00000901   Zero   RW         6027    .bss                shell.o
    0x20001739   0x00000003   PAD
    0x2000173c   0x00000060   Zero   RW         6155    .bss                c_w.l(libspace.o)
    0x2000179c   0x00000004   PAD
    0x200017a0   0x00000200   Zero   RW          444    HEAP                startup_gd32f10x_md.o
    0x200019a0   0x00000400   Zero   RW          443    STACK               startup_gd32f10x_md.o


==============================================================================

Image component sizes


      Code (inc. data)   RO Data    RW Data    ZI Data      Debug   Object Name

       308         58          0          4       1024     277782   applications.o
       242         28          0          0          0      24222   board.o
        60         12          0          4          0       1165   clock.o
      3502       1418       1555          4          0      24103   cmd.o
       508        176         57          0          0       4403   completion.o
       236         24          0          0          0        784   context_rvds.o
      1440        724          0         16          0       5346   cpuport.o
      1040        216         75          0          0       8311   dataqueue.o
       692        182        168          0          0       7958   device.o
      6170        156          0          8          0      11942   finsh_compiler.o
        56         22        243         64          0       2799   finsh_error.o
       552         42          0          8        128       6039   finsh_heap.o
        64          6          0          0          0       2152   finsh_init.o
       392          8          0          0        320       6070   finsh_node.o
      3034        294        196          0          0      26106   finsh_ops.o
      2428         32          0          0          0      16747   finsh_parser.o
      1644         16        126          0          0      10538   finsh_token.o
       296         32          0          4        192       8182   finsh_var.o
       176         36          0         12        384       7387   finsh_vm.o
       474         18          0          0          0       6539   gd32f10x_dma.o
       430          6          0          0          0       4386   gd32f10x_gpio.o
       224         20          0          0          0       1988   gd32f10x_misc.o
       768        118          0         24          0      10930   gd32f10x_rcc.o
       356          6          0          0          0       6735   gd32f10x_usart.o
       308         80         22          4        384       3990   idle.o
       732        152        471          0          0      30448   ipc.o
        84         18          0          1          0       2018   irq.o
      2192        242        290         12        128      13835   kservice.o
       516         74         84          9          0       3876   led.o
      1824        658        358         32         32       6744   mem.o
       870        160        147          4          0       8133   msh.o
       600        186         94        164          0       7105   object.o
       834        254         78         28        256       7402   scheduler.o
      3284        748        292          4          0      15235   serial.o
      2422        290         96          4       2305       9954   shell.o
        70          8          0          0          0       7589   startup.o
        64         26        260          0       1536        892   startup_gd32f10x_md.o
         0          0          0         16          0       4501   symbol.o
       296         28          0         20          0       3409   system_gd32f10x.o
      1388        372        170          0          0      12293   thread.o
      1058        186         92         16          0      10331   timer.o
      1578        244         88         72        252      37815   usart.o

    ----------------------------------------------------------------------
     43244       7376       5004        540       6944     668184   Object Totals
         0          0         32          0          0          0   (incl. Generated)
        32          0         10          6          3          0   (incl. Padding)

    ----------------------------------------------------------------------

      Code (inc. data)   RO Data    RW Data    ZI Data      Debug   Library Member Name

        90          0          0          0          0          0   __dczerorl2.o
         8          0          0          0          0         68   __main.o
         0          0          0          0          0          0   __rtentry.o
        12          0          0          0          0          0   __rtentry2.o
         6          0          0          0          0          0   __rtentry4.o
        52          8          0          0          0          0   __scatter.o
        28          0          0          0          0          0   __scatter_zi.o
        28          0          0          0          0         68   _chval.o
       158          0          0          0          0         92   _strtoul.o
        26          0          0          0          0         80   atoi.o
        18          0          0          0          0         80   exit.o
         6          0          0          0          0        152   heapauxi.o
         0          0          0          0          0          0   indicate_semi.o
        44         10        272          0          0         76   lc_ctype_c.o
         2          0          0          0          0          0   libinit.o
        20          0          0          0          0          0   libinit2.o
         2          0          0          0          0          0   libshutdown.o
         2          0          0          0          0          0   libshutdown2.o
         8          4          0          0         96         68   libspace.o
        16          4          0          0          0         76   rt_ctype_table.o
         8          4          0          0          0         68   rt_errno_addr_intlibspace.o
         8          4          0          0          0         68   rt_locale_intlibspace.o
        68          0          0          0          0         68   rt_memclr.o
        78          0          0          0          0         80   rt_memclr_w.o
       138          0          0          0          0         68   rt_memcpy_v6.o
       100          0          0          0          0         80   rt_memcpy_w.o
         2          0          0          0          0          0   rtexit.o
        10          0          0          0          0          0   rtexit2.o
        24          0          0          0          0         68   strcat.o
       128          0          0          0          0         68   strcmpv7m.o
        72          0          0          0          0         80   strcpy.o
        62          0          0          0          0         76   strlen.o
       150          0          0          0          0         80   strncmp.o
        86          0          0          0          0         76   strncpy.o
       112          0          0          0          0         88   strtol.o
        12          4          0          0          0         68   sys_exit.o
        74          0          0          0          0         80   sys_stackheap_outer.o
         2          0          0          0          0         68   use_no_semi.o

    ----------------------------------------------------------------------
      1668         38        272          0        100       1944   Library Totals
         8          0          0          0          4          0   (incl. Padding)

    ----------------------------------------------------------------------

      Code (inc. data)   RO Data    RW Data    ZI Data      Debug   Library Name

      1660         38        272          0         96       1944   c_w.l

    ----------------------------------------------------------------------
      1668         38        272          0        100       1944   Library Totals

    ----------------------------------------------------------------------

==============================================================================


      Code (inc. data)   RO Data    RW Data    ZI Data      Debug   

     44912       7414       5276        540       7044     650572   Grand Totals
     44912       7414       5276        192       7044     650572   ELF Image Totals (compressed)
     44912       7414       5276        192          0          0   ROM Totals

==============================================================================

    Total RO  Size (Code + RO Data)                50188 (  49.01kB)
    Total RW  Size (RW Data + ZI Data)              7584 (   7.41kB)
    Total ROM Size (Code + RO Data + RW Data)      50380 (  49.20kB)

==============================================================================

