Component: ARM Compiler 5.06 update 4 (build 422) Tool: armlink [4d35d2]

==============================================================================

Section Cross References

    applications.o(i.led1_thread_entry) refers to led.o(i.led_init) for led_init
    applications.o(i.led1_thread_entry) refers to led.o(i.led_on) for led_on
    applications.o(i.led1_thread_entry) refers to thread.o(i.rt_thread_delay) for rt_thread_delay
    applications.o(i.led1_thread_entry) refers to led.o(i.led_off) for led_off
    applications.o(i.led2_thread_entry) refers to led.o(i.led_init) for led_init
    applications.o(i.led2_thread_entry) refers to led.o(i.led_on) for led_on
    applications.o(i.led2_thread_entry) refers to thread.o(i.rt_thread_delay) for rt_thread_delay
    applications.o(i.led2_thread_entry) refers to led.o(i.led_off) for led_off
    applications.o(i.led3_thread_entry) refers to led.o(i.led_init) for led_init
    applications.o(i.led3_thread_entry) refers to led.o(i.led_on) for led_on
    applications.o(i.led3_thread_entry) refers to thread.o(i.rt_thread_delay) for rt_thread_delay
    applications.o(i.led3_thread_entry) refers to led.o(i.led_off) for led_off
    applications.o(i.rt_application_init) refers to thread.o(i.rt_thread_init) for rt_thread_init
    applications.o(i.rt_application_init) refers to thread.o(i.rt_thread_startup) for rt_thread_startup
    applications.o(i.rt_application_init) refers to thread.o(i.rt_thread_detach) for rt_thread_detach
    applications.o(i.rt_application_init) refers to thread.o(i.rt_thread_create) for rt_thread_create
    applications.o(i.rt_application_init) refers to applications.o(.bss) for led1_stack
    applications.o(i.rt_application_init) refers to applications.o(i.led1_thread_entry) for led1_thread_entry
    applications.o(i.rt_application_init) refers to applications.o(i.rt_init_thread_entry) for rt_init_thread_entry
    applications.o(i.rt_init_thread_entry) refers to gd32f10x_misc.o(i.NVIC_Init) for NVIC_Init
    applications.o(i.rt_init_thread_entry) refers to gd32f10x_rcc.o(i.RCC_APB2PeriphClock_Enable) for RCC_APB2PeriphClock_Enable
    applications.o(i.rt_init_thread_entry) refers to gd32f10x_gpio.o(i.GPIO_EXTILineConfig) for GPIO_EXTILineConfig
    applications.o(i.rt_init_thread_entry) refers to gd32f10x_gpio.o(i.GPIO_Init) for GPIO_Init
    applications.o(i.rt_init_thread_entry) refers to gd32f10x_exti.o(i.EXTI_Init) for EXTI_Init
    applications.o(i.rt_init_thread_entry) refers to gd32f10x_exti.o(i.EXTI_ClearIntBitState) for EXTI_ClearIntBitState
    applications.o(i.rt_init_thread_entry) refers to enc28j60.o(i.enc28j60_attach) for enc28j60_attach
    applications.o(i.rt_init_thread_entry) refers to kservice.o(i.rt_kprintf) for rt_kprintf
    startup.o(i.assert_failed) refers to kservice.o(i.rt_kprintf) for rt_kprintf
    startup.o(i.main) refers to context_rvds.o(.text) for rt_hw_interrupt_disable
    startup.o(i.main) refers to startup.o(i.rtthread_startup) for rtthread_startup
    startup.o(i.rtthread_startup) refers to board.o(i.rt_hw_board_init) for rt_hw_board_init
    startup.o(i.rtthread_startup) refers to kservice.o(i.rt_show_version) for rt_show_version
    startup.o(i.rtthread_startup) refers to mem.o(i.rt_system_heap_init) for rt_system_heap_init
    startup.o(i.rtthread_startup) refers to scheduler.o(i.rt_system_scheduler_init) for rt_system_scheduler_init
    startup.o(i.rtthread_startup) refers to timer.o(i.rt_system_timer_init) for rt_system_timer_init
    startup.o(i.rtthread_startup) refers to timer.o(i.rt_system_timer_thread_init) for rt_system_timer_thread_init
    startup.o(i.rtthread_startup) refers to applications.o(i.rt_application_init) for rt_application_init
    startup.o(i.rtthread_startup) refers to idle.o(i.rt_thread_idle_init) for rt_thread_idle_init
    startup.o(i.rtthread_startup) refers to shell.o(i.finsh_system_init) for finsh_system_init
    startup.o(i.rtthread_startup) refers to scheduler.o(i.rt_system_scheduler_start) for rt_system_scheduler_start
    board.o(i.NVIC_Configuration) refers to gd32f10x_misc.o(i.NVIC_VectTableSet) for NVIC_VectTableSet
    board.o(i.SysTick_Handler) refers to irq.o(i.rt_interrupt_enter) for rt_interrupt_enter
    board.o(i.SysTick_Handler) refers to clock.o(i.rt_tick_increase) for rt_tick_increase
    board.o(i.SysTick_Handler) refers to irq.o(i.rt_interrupt_leave) for rt_interrupt_leave
    board.o(i.SystemClock_Config) refers to gd32f10x_rcc.o(i.RCC_DeInit) for RCC_DeInit
    board.o(i.SystemClock_Config) refers to gd32f10x_rcc.o(i.RCC_HSI_Enable) for RCC_HSI_Enable
    board.o(i.SystemClock_Config) refers to gd32f10x_rcc.o(i.RCC_GetBitState) for RCC_GetBitState
    board.o(i.SystemClock_Config) refers to gd32f10x_rcc.o(i.RCC_PLLConfig) for RCC_PLLConfig
    board.o(i.SystemClock_Config) refers to gd32f10x_rcc.o(i.RCC_PLL_Enable) for RCC_PLL_Enable
    board.o(i.SystemClock_Config) refers to gd32f10x_rcc.o(i.RCC_CK_SYSConfig) for RCC_CK_SYSConfig
[...]
    rt_sem_take                              0x0800cf05   Thumb Code   266  ipc.o(i.rt_sem_take)
    rt_set_errno                             0x0800d5e9   Thumb Code    36  kservice.o(i.rt_set_errno)
    rt_show_version                          0x0800d611   Thumb Code    38  kservice.o(i.rt_show_version)
    rt_snprintf                              0x0800d6c1   Thumb Code    38  kservice.o(i.rt_snprintf)
    rt_spi_bus_attach_device                 0x0800d6e7   Thumb Code    74  spi_core.o(i.rt_spi_bus_attach_device)
    rt_spi_bus_device_init                   0x0800d731   Thumb Code    56  spi_dev.o(i.rt_spi_bus_device_init)
    rt_spi_bus_register                      0x0800d789   Thumb Code    50  spi_core.o(i.rt_spi_bus_register)
    rt_spi_configure                         0x0800d7bd   Thumb Code    96  spi_core.o(i.rt_spi_configure)
    rt_spi_send_then_recv                    0x0800d835   Thumb Code   240  spi_core.o(i.rt_spi_send_then_recv)
    rt_spi_send_then_send                    0x0800d955   Thumb Code   240  spi_core.o(i.rt_spi_send_then_send)
    rt_spi_transfer                          0x0800da75   Thumb Code   198  spi_core.o(i.rt_spi_transfer)
    rt_spidev_device_init                    0x0800db6d   Thumb Code    56  spi_dev.o(i.rt_spidev_device_init)
    rt_strlen                                0x0800dbc5   Thumb Code    18  kservice.o(i.rt_strlen)
    rt_strncmp                               0x0800dbd7   Thumb Code    40  kservice.o(i.rt_strncmp)
    rt_strncpy                               0x0800dbff   Thumb Code    52  kservice.o(i.rt_strncpy)
    rt_system_heap_init                      0x0800dc35   Thumb Code   204  mem.o(i.rt_system_heap_init)
    rt_system_scheduler_init                 0x0800dd85   Thumb Code    56  scheduler.o(i.rt_system_scheduler_init)
    rt_system_scheduler_start                0x0800ddd5   Thumb Code    36  scheduler.o(i.rt_system_scheduler_start)
    rt_system_timer_init                     0x0800de05   Thumb Code    24  timer.o(i.rt_system_timer_init)
    rt_system_timer_thread_init              0x0800de21   Thumb Code     2  timer.o(i.rt_system_timer_thread_init)
    rt_thread_control                        0x0800de25   Thumb Code   128  thread.o(i.rt_thread_control)
    rt_thread_create                         0x0800debd   Thumb Code    80  thread.o(i.rt_thread_create)
    rt_thread_delay                          0x0800df0d   Thumb Code    12  thread.o(i.rt_thread_delay)
    rt_thread_delete                         0x0800df19   Thumb Code    64  thread.o(i.rt_thread_delete)
    rt_thread_detach                         0x0800df75   Thumb Code    72  thread.o(i.rt_thread_detach)
    rt_thread_exit                           0x0800dfd9   Thumb Code    76  thread.o(i.rt_thread_exit)
    rt_thread_find                           0x0800e02d   Thumb Code    76  thread.o(i.rt_thread_find)
    rt_thread_idle_excute                    0x0800e095   Thumb Code   154  idle.o(i.rt_thread_idle_excute)
    rt_thread_idle_init                      0x0800e161   Thumb Code    38  idle.o(i.rt_thread_idle_init)
    rt_thread_init                           0x0800e19d   Thumb Code    74  thread.o(i.rt_thread_init)
    rt_thread_resume                         0x0800e219   Thumb Code    78  thread.o(i.rt_thread_resume)
    rt_thread_self                           0x0800e281   Thumb Code     6  thread.o(i.rt_thread_self)
    rt_thread_sleep                          0x0800e28d   Thumb Code    76  thread.o(i.rt_thread_sleep)
    rt_thread_startup                        0x0800e2f5   Thumb Code    80  thread.o(i.rt_thread_startup)
    rt_thread_suspend                        0x0800e37d   Thumb Code    76  thread.o(i.rt_thread_suspend)
    rt_thread_timeout                        0x0800e3e1   Thumb Code    66  thread.o(i.rt_thread_timeout)
    rt_thread_yield                          0x0800e461   Thumb Code    88  thread.o(i.rt_thread_yield)
    rt_tick_get                              0x0800e4c1   Thumb Code     6  clock.o(i.rt_tick_get)
    rt_tick_increase                         0x0800e4cd   Thumb Code    42  clock.o(i.rt_tick_increase)
    rt_timer_check                           0x0800e4fd   Thumb Code   148  timer.o(i.rt_timer_check)
    rt_timer_control                         0x0800e599   Thumb Code    76  timer.o(i.rt_timer_control)
    rt_timer_detach                          0x0800e5fd   Thumb Code    44  timer.o(i.rt_timer_detach)
    rt_timer_init                            0x0800e641   Thumb Code    58  timer.o(i.rt_timer_init)
    rt_timer_start                           0x0800e695   Thumb Code   292  timer.o(i.rt_timer_start)
    rt_timer_stop                            0x0800e801   Thumb Code    80  timer.o(i.rt_timer_stop)
    rt_vsnprintf                             0x0800e86d   Thumb Code   800  kservice.o(i.rt_vsnprintf)
    rtt_main                                 0x0800eb95   Thumb Code    46  led.o(i.rtt_main)
    rtthread_startup                         0x0800ebe1   Thumb Code    48  startup.o(i.rtthread_startup)
    sys_arch_assert                          0x0800ee91   Thumb Code    38  sys_arch.o(i.sys_arch_assert)
    sys_arch_sem_wait                        0x0800eee5   Thumb Code   124  sys_arch.o(i.sys_arch_sem_wait)
    sys_mbox_post                            0x0800ef8d   Thumb Code    62  sys_arch.o(i.sys_mbox_post)
    sys_mbox_trypost                         0x0800eff9   Thumb Code    26  sys_arch.o(i.sys_mbox_trypost)
    sys_mbox_valid                           0x0800f013   Thumb Code     6  sys_arch.o(i.sys_mbox_valid)
    sys_sem_free                             0x0800f019   Thumb Code    52  sys_arch.o(i.sys_sem_free)
    sys_sem_new                              0x0800f079   Thumb Code   100  sys_arch.o(i.sys_sem_new)
    sys_sem_signal                           0x0800f119   Thumb Code    12  sys_arch.o(i.sys_sem_signal)
    tcp_abandon                              0x0800f125   Thumb Code   168  tcp.o(i.tcp_abandon)
    tcp_abort                                0x0800f245   Thumb Code    14  tcp.o(i.tcp_abort)
    tcp_eff_send_mss                         0x0800f253   Thumb Code    46  tcp.o(i.tcp_eff_send_mss)
    tcp_output                               0x0800f281   Thumb Code   496  tcp_out.o(i.tcp_output)
    tcp_pcb_purge                            0x0800f6d9   Thumb Code    72  tcp.o(i.tcp_pcb_purge)
    tcp_pcb_remove                           0x0800f721   Thumb Code   216  tcp.o(i.tcp_pcb_remove)
    tcp_rst                                  0x0800f881   Thumb Code   166  tcp_out.o(i.tcp_rst)
    tcp_seg_free                             0x0800f995   Thumb Code    24  tcp.o(i.tcp_seg_free)
    tcp_segs_free                            0x0800f9ad   Thumb Code    24  tcp.o(i.tcp_segs_free)
    tcp_send_empty_ack                       0x0800f9c5   Thumb Code    96  tcp_out.o(i.tcp_send_empty_ack)
    tcpip_callback_with_block                0x0800fa25   Thumb Code    90  tcpip.o(i.tcpip_callback_with_block)
    tcpip_input                              0x0800fa89   Thumb Code    72  tcpip.o(i.tcpip_input)
    tcpip_netifapi                           0x0800fad9   Thumb Code    76  tcpip.o(i.tcpip_netifapi)
    token_get_string                         0x0800fb29   Thumb Code   120  finsh_token.o(i.token_get_string)
    version                                  0x080102d1   Thumb Code    10  cmd.o(i.version)
    _get_lc_ctype                            0x080103dd   Thumb Code    44  lc_ctype_c.o(locale$$code)
    __lowest_bit_bitmap                      0x080106f5   Data         256  kservice.o(.constdata)
    op_table                                 0x08010d38   Data         196  finsh_ops.o(.constdata)
    memp_sizes                               0x08010f5e   Data          28  memp.o(.constdata)
    tcp_state_str                            0x08010f7c   Data          44  tcp.o(.constdata)
    tcp_backoff                              0x08010fa8   Data          13  tcp.o(.constdata)
    tcp_persist_backoff                      0x08010fb5   Data           7  tcp.o(.constdata)
    tcp_pcb_lists                            0x08010fbc   Data          16  tcp.o(.constdata)
    ethbroadcast                             0x08010fcc   Data           6  etharp.o(.constdata)
    ethzero                                  0x08010fd2   Data           6  etharp.o(.constdata)
    __fsym_led_name                          0x08011470   Data           4  led.o(.rodata.name)
    __fsym_led_desc                          0x08011474   Data          32  led.o(.rodata.name)
    __fsym___cmd_rtt_main_name               0x08011494   Data          15  led.o(.rodata.name)
    __fsym___cmd_rtt_main_desc               0x080114a3   Data           9  led.o(.rodata.name)
    __fsym_list_mem_name                     0x080114ac   Data           9  mem.o(.rodata.name)
    __fsym_list_mem_desc                     0x080114b5   Data          30  mem.o(.rodata.name)
    __fsym_enc28j60_name                     0x080114d3   Data           9  enc28j60.o(.rodata.name)
    __fsym_enc28j60_desc                     0x080114dc   Data          24  enc28j60.o(.rodata.name)
    __fsym_hello_name                        0x080114f4   Data           6  cmd.o(.rodata.name)
    __fsym_hello_desc                        0x080114fa   Data          16  cmd.o(.rodata.name)
    __fsym_version_name                      0x0801150a   Data           8  cmd.o(.rodata.name)
    __fsym_version_desc                      0x08011512   Data          35  cmd.o(.rodata.name)
    __fsym___cmd_version_name                0x08011535   Data          14  cmd.o(.rodata.name)
    __fsym___cmd_version_desc                0x08011543   Data          35  cmd.o(.rodata.name)
    __fsym_list_thread_name                  0x08011566   Data          12  cmd.o(.rodata.name)
    __fsym_list_thread_desc                  0x08011572   Data          12  cmd.o(.rodata.name)
    __fsym___cmd_list_thread_name            0x0801157e   Data          18  cmd.o(.rodata.name)
    __fsym___cmd_list_thread_desc            0x08011590   Data          12  cmd.o(.rodata.name)
    __fsym_list_sem_name                     0x0801159c   Data           9  cmd.o(.rodata.name)
    __fsym_list_sem_desc                     0x080115a5   Data          25  cmd.o(.rodata.name)
    __fsym___cmd_list_sem_name               0x080115be   Data          15  cmd.o(.rodata.name)
    __fsym___cmd_list_sem_desc               0x080115cd   Data          25  cmd.o(.rodata.name)
    __fsym_list_event_name                   0x080115e6   Data          11  cmd.o(.rodata.name)
    __fsym_list_event_desc                   0x080115f1   Data          21  cmd.o(.rodata.name)
    __fsym___cmd_list_event_name             0x08011606   Data          17  cmd.o(.rodata.name)
    __fsym___cmd_list_event_desc             0x08011617   Data          21  cmd.o(.rodata.name)
    __fsym_list_mutex_name                   0x0801162c   Data          11  cmd.o(.rodata.name)
    __fsym_list_mutex_desc                   0x08011637   Data          21  cmd.o(.rodata.name)
    __fsym___cmd_list_mutex_name             0x0801164c   Data          17  cmd.o(.rodata.name)
    __fsym___cmd_list_mutex_desc             0x0801165d   Data          21  cmd.o(.rodata.name)
    __fsym_list_mailbox_name                 0x08011672   Data          13  cmd.o(.rodata.name)
    __fsym_list_mailbox_desc                 0x0801167f   Data          24  cmd.o(.rodata.name)
    __fsym___cmd_list_mailbox_name           0x08011697   Data          19  cmd.o(.rodata.name)
    __fsym___cmd_list_mailbox_desc           0x080116aa   Data          24  cmd.o(.rodata.name)
    __fsym_list_msgqueue_name                0x080116c2   Data          14  cmd.o(.rodata.name)
    __fsym_list_msgqueue_desc                0x080116d0   Data          29  cmd.o(.rodata.name)
    __fsym___cmd_list_msgqueue_name          0x080116ed   Data          20  cmd.o(.rodata.name)
    __fsym___cmd_list_msgqueue_desc          0x08011701   Data          29  cmd.o(.rodata.name)
    __fsym_list_mempool_name                 0x0801171e   Data          13  cmd.o(.rodata.name)
    __fsym_list_mempool_desc                 0x0801172b   Data          27  cmd.o(.rodata.name)
    __fsym___cmd_list_mempool_name           0x08011746   Data          19  cmd.o(.rodata.name)
    __fsym___cmd_list_mempool_desc           0x08011759   Data          27  cmd.o(.rodata.name)
    __fsym_list_timer_name                   0x08011774   Data          11  cmd.o(.rodata.name)
    __fsym_list_timer_desc                   0x0801177f   Data          21  cmd.o(.rodata.name)
    __fsym___cmd_list_timer_name             0x08011794   Data          17  cmd.o(.rodata.name)
    __fsym___cmd_list_timer_desc             0x080117a5   Data          21  cmd.o(.rodata.name)
    __fsym_list_device_name                  0x080117ba   Data          12  cmd.o(.rodata.name)
    __fsym_list_device_desc                  0x080117c6   Data          22  cmd.o(.rodata.name)
    __fsym___cmd_list_device_name            0x080117dc   Data          18  cmd.o(.rodata.name)
    __fsym___cmd_list_device_desc            0x080117ee   Data          22  cmd.o(.rodata.name)
    __fsym_list_name                         0x08011804   Data           5  cmd.o(.rodata.name)
    __fsym_list_desc                         0x08011809   Data          26  cmd.o(.rodata.name)
    __vsym_dummy_name                        0x08011823   Data           6  cmd.o(.rodata.name)
    __vsym_dummy_desc                        0x08011829   Data          25  cmd.o(.rodata.name)
    __fsym___cmd_exit_name                   0x08011842   Data          11  msh.o(.rodata.name)
    __fsym___cmd_exit_desc                   0x0801184d   Data          32  msh.o(.rodata.name)
    __fsym_msh_name                          0x0801186d   Data           4  msh.o(.rodata.name)
    __fsym_msh_desc                          0x08011871   Data          17  msh.o(.rodata.name)
    __fsym___cmd_help_name                   0x08011882   Data          11  msh.o(.rodata.name)
    __fsym___cmd_help_desc                   0x0801188d   Data          22  msh.o(.rodata.name)
    FSymTab$$Base                            0x080118a4   Number         0  led.o(FSymTab)
    __fsym_led                               0x080118a4   Data          12  led.o(FSymTab)
    __fsym___cmd_rtt_main                    0x080118b0   Data          12  led.o(FSymTab)
    __fsym_list_mem                          0x080118bc   Data          12  mem.o(FSymTab)
    __fsym_enc28j60                          0x080118c8   Data          12  enc28j60.o(FSymTab)
    __fsym_hello                             0x080118d4   Data          12  cmd.o(FSymTab)
    __fsym_version                           0x080118e0   Data          12  cmd.o(FSymTab)
    __fsym___cmd_version                     0x080118ec   Data          12  cmd.o(FSymTab)
    __fsym_list_thread                       0x080118f8   Data          12  cmd.o(FSymTab)
    __fsym___cmd_list_thread                 0x08011904   Data          12  cmd.o(FSymTab)
    __fsym_list_sem                          0x08011910   Data          12  cmd.o(FSymTab)
    __fsym___cmd_list_sem                    0x0801191c   Data          12  cmd.o(FSymTab)
    __fsym_list_event                        0x08011928   Data          12  cmd.o(FSymTab)
    __fsym___cmd_list_event                  0x08011934   Data          12  cmd.o(FSymTab)
    __fsym_list_mutex                        0x08011940   Data          12  cmd.o(FSymTab)
    __fsym___cmd_list_mutex                  0x0801194c   Data          12  cmd.o(FSymTab)
    __fsym_list_mailbox                      0x08011958   Data          12  cmd.o(FSymTab)
    __fsym___cmd_list_mailbox                0x08011964   Data          12  cmd.o(FSymTab)
    __fsym_list_msgqueue                     0x08011970   Data          12  cmd.o(FSymTab)
    __fsym___cmd_list_msgqueue               0x0801197c   Data          12  cmd.o(FSymTab)
    __fsym_list_mempool                      0x08011988   Data          12  cmd.o(FSymTab)
    __fsym___cmd_list_mempool                0x08011994   Data          12  cmd.o(FSymTab)
    __fsym_list_timer                        0x080119a0   Data          12  cmd.o(FSymTab)
    __fsym___cmd_list_timer                  0x080119ac   Data          12  cmd.o(FSymTab)
    __fsym_list_device                       0x080119b8   Data          12  cmd.o(FSymTab)
    __fsym___cmd_list_device                 0x080119c4   Data          12  cmd.o(FSymTab)
    __fsym_list                              0x080119d0   Data          12  cmd.o(FSymTab)
    __fsym___cmd_exit                        0x080119dc   Data          12  msh.o(FSymTab)
    __fsym_msh                               0x080119e8   Data          12  msh.o(FSymTab)
    __fsym___cmd_help                        0x080119f4   Data          12  msh.o(FSymTab)
    FSymTab$$Limit                           0x08011a00   Number         0  msh.o(FSymTab)
    Region$$Table$$Base                      0x08011a00   Number         0  anon$$obj.o(Region$$Table)
    Region$$Table$$Limit                     0x08011a20   Number         0  anon$$obj.o(Region$$Table)
    VSymTab$$Base                            0x08011a20   Number         0  cmd.o(VSymTab)
    __vsym_dummy                             0x08011a20   Data          16  cmd.o(VSymTab)
    VSymTab$$Limit                           0x08011a30   Number         0  cmd.o(VSymTab)
    __ctype                                  0x08011a3d   Data           0  lc_ctype_c.o(locale$$data)
    shannon                                  0x20000004   Data           4  led.o(.data)
    uart1                                    0x2000000c   Data          24  usart.o(.data)
    uart2                                    0x20000024   Data          24  usart.o(.data)
    uart3                                    0x2000003c   Data          24  usart.o(.data)
    SystemCoreClock                          0x20000064   Data           4  system_gd32f10x.o(.data)
    AHBPrescTableList                        0x20000068   Data          16  system_gd32f10x.o(.data)
    rt_interrupt_nest                        0x20000098   Data           1  irq.o(.data)
    rt_assert_hook                           0x200000a4   Data           4  kservice.o(.data)
    rt_object_container                      0x200000c8   Data         144  object.o(.data)
    rt_object_trytake_hook                   0x20000160   Data           4  object.o(.data)
    rt_object_take_hook                      0x20000164   Data           4  object.o(.data)
    rt_object_put_hook                       0x20000168   Data           4  object.o(.data)
    rt_current_thread                        0x20000170   Data           4  scheduler.o(.data)
    rt_current_priority                      0x20000174   Data           1  scheduler.o(.data)
    rt_thread_ready_priority_group           0x20000178   Data           4  scheduler.o(.data)
    rt_thread_defunct                        0x2000017c   Data           8  scheduler.o(.data)
    rt_interrupt_from_thread                 0x20000198   Data           4  cpuport.o(.data)
    rt_interrupt_to_thread                   0x2000019c   Data           4  cpuport.o(.data)
    rt_thread_switch_interrupt_flag          0x200001a0   Data           4  cpuport.o(.data)
    finsh_compile_sp                         0x200001bc   Data           4  finsh_compiler.o(.data)
    finsh_compile_pc                         0x200001c0   Data           4  finsh_compiler.o(.data)
    global_errno                             0x200001c4   Data           1  finsh_error.o(.data)
    global_sysvar_list                       0x2000020c   Data           4  finsh_var.o(.data)
    finsh_sp                                 0x20000210   Data           4  finsh_vm.o(.data)
    finsh_pc                                 0x20000214   Data           4  finsh_vm.o(.data)
    global_syscall_list                      0x20000218   Data           4  finsh_vm.o(.data)
    shell                                    0x20000220   Data           4  shell.o(.data)
    _syscall_table_begin                     0x20000224   Data           4  symbol.o(.data)
    _syscall_table_end                       0x20000228   Data           4  symbol.o(.data)
    _sysvar_table_begin                      0x2000022c   Data           4  symbol.o(.data)
    _sysvar_table_end                        0x20000230   Data           4  symbol.o(.data)
    netif_list                               0x20000248   Data           4  netif.o(.data)
    netif_default                            0x2000024c   Data           4  netif.o(.data)
    pbuf_free_ooseq_pending                  0x20000251   Data           1  pbuf.o(.data)
    tcp_ticks                                0x20000258   Data           4  tcp.o(.data)
    tcp_bound_pcbs                           0x2000025c   Data           4  tcp.o(.data)
    tcp_listen_pcbs                          0x20000260   Data           4  tcp.o(.data)
    tcp_active_pcbs                          0x20000264   Data           4  tcp.o(.data)
    tcp_tw_pcbs                              0x20000268   Data           4  tcp.o(.data)
    tcp_tmp_pcb                              0x2000026c   Data           4  tcp.o(.data)
    tcp_active_pcbs_changed                  0x20000270   Data           1  tcp.o(.data)
    tcp_input_pcb                            0x20000294   Data           4  tcp_in.o(.data)
    current_netif                            0x20000298   Data           4  ip.o(.data)
    current_header                           0x2000029c   Data           4  ip.o(.data)
    current_iphdr_src                        0x200002a0   Data           4  ip.o(.data)
    current_iphdr_dest                       0x200002a4   Data           4  ip.o(.data)
    serial1                                  0x200006ac   Data          84  usart.o(.bss)
    serial2                                  0x20000700   Data          84  usart.o(.bss)
    serial3                                  0x20000754   Data          84  usart.o(.bss)
    rt_thread_priority_table                 0x20000a84   Data         256  scheduler.o(.bss)
    finsh_heap                               0x20000c74   Data         128  finsh_heap.o(.bss)
    global_node_table                        0x20000cf4   Data         320  finsh_node.o(.bss)
    global_variable                          0x20000e34   Data         192  finsh_var.o(.bss)
    finsh_vm_stack                           0x20000ef4   Data         256  finsh_vm.o(.bss)
    text_segment                             0x20000ff4   Data         128  finsh_vm.o(.bss)
    __libspace_start                         0x20001ff0   Data          96  libspace.o(.bss)
    __temporary_stack_top$libspace           0x20002050   Data           0  libspace.o(.bss)
    Image$$RW_IRAM1$$ZI$$Limit               0x20002650   Number         0  anon$$obj.o ABSOLUTE



==============================================================================

Memory Map of the image

  Image Entry point : 0x08000105

  Load Region LR_IROM1 (Base: 0x08000000, Size: 0x00011dec, Max: 0x00020000, ABSOLUTE, COMPRESSED[0x00011c10])

    Execution Region ER_IROM1 (Base: 0x08000000, Size: 0x00011b40, Max: 0x00020000, ABSOLUTE)

    Base Addr    Size         Type   Attr      Idx    E Section Name        Object

    0x08000000   0x00000104   Data   RO          530    RESET               startup_gd32f10x_md.o
    0x08000104   0x00000008   Code   RO         8972  * !!!main             c_w.l(__main.o)
    0x0800010c   0x00000034   Code   RO         9152    !!!scatter          c_w.l(__scatter.o)
    0x08000140   0x0000005a   Code   RO         9150    !!dczerorl2         c_w.l(__dczerorl2.o)
    0x0800019a   0x00000002   PAD
    0x0800019c   0x0000001c   Code   RO         9154    !!handler_zi        c_w.l(__scatter_zi.o)
    0x080001b8   0x00000002   Code   RO         9023    .ARM.Collect$$libinit$$00000000  c_w.l(libinit.o)
    0x080001ba   0x00000000   Code   RO         9027    .ARM.Collect$$libinit$$00000002  c_w.l(libinit2.o)
    0x080001ba   0x00000000   Code   RO         9029    .ARM.Collect$$libinit$$00000004  c_w.l(libinit2.o)
    0x080001ba   0x00000000   Code   RO         9032    .ARM.Collect$$libinit$$0000000A  c_w.l(libinit2.o)
    0x080001ba   0x00000000   Code   RO         9034    .ARM.Collect$$libinit$$0000000C  c_w.l(libinit2.o)
    0x080001ba   0x00000000   Code   RO         9036    .ARM.Collect$$libinit$$0000000E  c_w.l(libinit2.o)
    0x080001ba   0x00000006   Code   RO         9037    .ARM.Collect$$libinit$$0000000F  c_w.l(libinit2.o)
    0x080001c0   0x00000000   Code   RO         9039    .ARM.Collect$$libinit$$00000011  c_w.l(libinit2.o)
    0x080001c0   0x0000000c   Code   RO         9040    .ARM.Collect$$libinit$$00000012  c_w.l(libinit2.o)
    0x080001cc   0x00000000   Code   RO         9041    .ARM.Collect$$libinit$$00000013  c_w.l(libinit2.o)
    0x080001cc   0x00000000   Code   RO         9043    .ARM.Collect$$libinit$$00000015  c_w.l(libinit2.o)
    0x080001cc   0x00000000   Code   RO         9045    .ARM.Collect$$libinit$$00000017  c_w.l(libinit2.o)
    0x080001cc   0x00000000   Code   RO         9047    .ARM.Collect$$libinit$$00000019  c_w.l(libinit2.o)
    0x080001cc   0x00000000   Code   RO         9049    .ARM.Collect$$libinit$$0000001B  c_w.l(libinit2.o)
    0x080001cc   0x00000000   Code   RO         9051    .ARM.Collect$$libinit$$0000001D  c_w.l(libinit2.o)
    0x080001cc   0x00000000   Code   RO         9053    .ARM.Collect$$libinit$$0000001F  c_w.l(libinit2.o)
    0x080001cc   0x00000000   Code   RO         9055    .ARM.Collect$$libinit$$00000021  c_w.l(libinit2.o)
    0x080001cc   0x00000000   Code   RO         9057    .ARM.Collect$$libinit$$00000023  c_w.l(libinit2.o)
    0x080001cc   0x00000000   Code   RO         9059    .ARM.Collect$$libinit$$00000025  c_w.l(libinit2.o)
    0x080001cc   0x00000000   Code   RO         9063    .ARM.Collect$$libinit$$0000002C  c_w.l(libinit2.o)
    0x080001cc   0x00000000   Code   RO         9065    .ARM.Collect$$libinit$$0000002E  c_w.l(libinit2.o)
    0x080001cc   0x00000000   Code   RO         9067    .ARM.Collect$$libinit$$00000030  c_w.l(libinit2.o)
    0x080001cc   0x00000000   Code   RO         9069    .ARM.Collect$$libinit$$00000032  c_w.l(libinit2.o)
    0x080001cc   0x00000002   Code   RO         9070    .ARM.Collect$$libinit$$00000033  c_w.l(libinit2.o)
    0x080001ce   0x00000002   Code   RO         9090    .ARM.Collect$$libshutdown$$00000000  c_w.l(libshutdown.o)
    0x080001d0   0x00000000   Code   RO         9103    .ARM.Collect$$libshutdown$$00000002  c_w.l(libshutdown2.o)
    0x080001d0   0x00000000   Code   RO         9105    .ARM.Collect$$libshutdown$$00000004  c_w.l(libshutdown2.o)
    0x080001d0   0x00000000   Code   RO         9108    .ARM.Collect$$libshutdown$$00000007  c_w.l(libshutdown2.o)
    0x080001d0   0x00000000   Code   RO         9111    .ARM.Collect$$libshutdown$$0000000A  c_w.l(libshutdown2.o)
    0x080001d0   0x00000000   Code   RO         9113    .ARM.Collect$$libshutdown$$0000000C  c_w.l(libshutdown2.o)
    0x080001d0   0x00000000   Code   RO         9116    .ARM.Collect$$libshutdown$$0000000F  c_w.l(libshutdown2.o)
    0x080001d0   0x00000002   Code   RO         9117    .ARM.Collect$$libshutdown$$00000010  c_w.l(libshutdown2.o)
    0x080001d2   0x00000000   Code   RO         8974    .ARM.Collect$$rtentry$$00000000  c_w.l(__rtentry.o)
    0x080001d2   0x00000000   Code   RO         8986    .ARM.Collect$$rtentry$$00000002  c_w.l(__rtentry2.o)
    0x080001d2   0x00000006   Code   RO         8998    .ARM.Collect$$rtentry$$00000004  c_w.l(__rtentry4.o)
    0x080001d8   0x00000000   Code   RO         8988    .ARM.Collect$$rtentry$$00000009  c_w.l(__rtentry2.o)
    0x080001d8   0x00000004   Code   RO         8989    .ARM.Collect$$rtentry$$0000000A  c_w.l(__rtentry2.o)
    0x080001dc   0x00000000   Code   RO         8991    .ARM.Collect$$rtentry$$0000000C  c_w.l(__rtentry2.o)
    0x080001dc   0x00000008   Code   RO         8992    .ARM.Collect$$rtentry$$0000000D  c_w.l(__rtentry2.o)
    0x080001e4   0x00000002   Code   RO         9024    .ARM.Collect$$rtexit$$00000000  c_w.l(rtexit.o)
    0x080001e6   0x00000000   Code   RO         9072    .ARM.Collect$$rtexit$$00000002  c_w.l(rtexit2.o)
    0x080001e6   0x00000004   Code   RO         9073    .ARM.Collect$$rtexit$$00000003  c_w.l(rtexit2.o)
    0x080001ea   0x00000006   Code   RO         9074    .ARM.Collect$$rtexit$$00000004  c_w.l(rtexit2.o)
    0x080001f0   0x00000040   Code   RO          531    .text               startup_gd32f10x_md.o
    0x08000230   0x000000ec   Code   RO         4691    .text               context_rvds.o
    0x0800031c   0x0000001a   Code   RO         8946    .text               c_w.l(atoi.o)
    0x08000336   0x00000048   Code   RO         8950    .text               c_w.l(strcpy.o)
    0x0800037e   0x0000003e   Code   RO         8952    .text               c_w.l(strlen.o)
    0x080003bc   0x00000096   Code   RO         8954    .text               c_w.l(strncmp.o)
    0x08000452   0x00000018   Code   RO         8956    .text               c_w.l(strcat.o)
    0x0800046a   0x0000008a   Code   RO         8958    .text               c_w.l(rt_memcpy_v6.o)
    0x080004f4   0x00000064   Code   RO         8960    .text               c_w.l(rt_memcpy_w.o)
    0x08000558   0x00000044   Code   RO         8962    .text               c_w.l(rt_memclr.o)
    0x0800059c   0x0000004e   Code   RO         8964    .text               c_w.l(rt_memclr_w.o)
    0x080005ea   0x00000056   Code   RO         8966    .text               c_w.l(strncpy.o)
    0x08000640   0x00000080   Code   RO         8968    .text               c_w.l(strcmpv7m.o)
    0x080006c0   0x00000006   Code   RO         8970    .text               c_w.l(heapauxi.o)
    0x080006c6   0x00000002   PAD
    0x080006c8   0x00000008   Code   RO         8978    .text               c_w.l(rt_errno_addr_intlibspace.o)
    0x080006d0   0x00000070   Code   RO         8980    .text               c_w.l(strtol.o)
    0x08000740   0x00000008   Code   RO         8982    .text               c_w.l(libspace.o)
    0x08000748   0x00000010   Code   RO         9000    .text               c_w.l(rt_ctype_table.o)
    0x08000758   0x0000009e   Code   RO         9002    .text               c_w.l(_strtoul.o)
    0x080007f6   0x0000004a   Code   RO         9004    .text               c_w.l(sys_stackheap_outer.o)
    0x08000840   0x00000008   Code   RO         9009    .text               c_w.l(rt_locale_intlibspace.o)
    0x08000848   0x0000001c   Code   RO         9011    .text               c_w.l(_chval.o)
    0x08000864   0x00000012   Code   RO         9016    .text               c_w.l(exit.o)
    0x08000876   0x00000002   PAD
    0x08000878   0x0000000c   Code   RO         9082    .text               c_w.l(sys_exit.o)
    0x08000884   0x00000002   Code   RO         9093    .text               c_w.l(use_no_semi.o)
    0x08000886   0x00000000   Code   RO         9095    .text               c_w.l(indicate_semi.o)
    0x08000886   0x00000002   PAD
    0x08000888   0x00000018   Code   RO          366    i.DMA1_Channel3_IRQHandler  usart.o
    0x080008a0   0x00000018   Code   RO          367    i.DMA1_Channel5_IRQHandler  usart.o
    0x080008b8   0x00000018   Code   RO          368    i.DMA1_Channel6_IRQHandler  usart.o
    0x080008d0   0x0000001c   Code   RO         1164    i.DMA_ClearBitState  gd32f10x_dma.o
    0x080008ec   0x000000a6   Code   RO          369    i.DMA_Configuration  usart.o
    0x08000992   0x00000002   PAD
    0x08000994   0x0000014c   Code   RO         1166    i.DMA_DeInit        gd32f10x_dma.o
    0x08000ae0   0x00000018   Code   RO         1167    i.DMA_Enable        gd32f10x_dma.o
    0x08000af8   0x00000008   Code   RO         1169    i.DMA_GetCurrDataCounter  gd32f10x_dma.o
    0x08000b00   0x00000012   Code   RO         1171    i.DMA_INTConfig     gd32f10x_dma.o
    0x08000b12   0x0000003c   Code   RO         1172    i.DMA_Init          gd32f10x_dma.o
    0x08000b4e   0x00000004   Code   RO         1174    i.DMA_SetCurrDataCounter  gd32f10x_dma.o
    0x08000b52   0x00000002   PAD
    0x08000b54   0x0000000c   Code   RO         1376    i.EXTI_ClearIntBitState  gd32f10x_exti.o
    0x08000b60   0x00000094   Code   RO         1380    i.EXTI_Init         gd32f10x_exti.o
    0x08000bf4   0x00000090   Code   RO          370    i.GPIO_Configuration  usart.o
    0x08000c84   0x00000098   Code   RO         1622    i.GPIO_EXTILineConfig  gd32f10x_gpio.o
    0x08000d1c   0x00000116   Code   RO         1625    i.GPIO_Init         gd32f10x_gpio.o
    0x08000e32   0x00000002   PAD
    0x08000e34   0x00000090   Code   RO         1628    i.GPIO_PinRemapConfig  gd32f10x_gpio.o
    0x08000ec4   0x00000004   Code   RO         1633    i.GPIO_ResetBits    gd32f10x_gpio.o
    0x08000ec8   0x00000004   Code   RO         1634    i.GPIO_SetBits      gd32f10x_gpio.o
    0x08000ecc   0x0000000e   Code   RO          263    i.NVIC_Configuration  board.o
    0x08000eda   0x00000022   Code   RO          371    i.NVIC_Configuration  usart.o
    0x08000efc   0x000000cc   Code   RO         2035    i.NVIC_Init         gd32f10x_misc.o
    0x08000fc8   0x00000014   Code   RO         2038    i.NVIC_VectTableSet  gd32f10x_misc.o
    0x08000fdc   0x00000030   Code   RO         5547    i.OP_add_byte       finsh_ops.o
    0x0800100c   0x00000030   Code   RO         5548    i.OP_add_dword      finsh_ops.o
    0x0800103c   0x00000030   Code   RO         5549    i.OP_add_word       finsh_ops.o
    0x0800106c   0x00000030   Code   RO         5550    i.OP_and_byte       finsh_ops.o
    0x0800109c   0x00000030   Code   RO         5551    i.OP_and_dword      finsh_ops.o
    0x080010cc   0x00000030   Code   RO         5552    i.OP_and_word       finsh_ops.o
    0x080010fc   0x00000018   Code   RO         5553    i.OP_bw_byte        finsh_ops.o
    0x08001114   0x00000018   Code   RO         5554    i.OP_bw_dword       finsh_ops.o
    0x0800112c   0x00000018   Code   RO         5555    i.OP_bw_word        finsh_ops.o
    0x08001144   0x0000038c   Code   RO         5556    i.OP_call           finsh_ops.o
    0x080014d0   0x00000030   Code   RO         5557    i.OP_div_byte       finsh_ops.o
    0x08001500   0x00000030   Code   RO         5558    i.OP_div_dword      finsh_ops.o
    0x08001530   0x00000034   Code   RO         5559    i.OP_div_word       finsh_ops.o
    0x08001564   0x0000002c   Code   RO         5560    i.OP_ld_byte        finsh_ops.o
    0x08001590   0x00000048   Code   RO         5561    i.OP_ld_dword       finsh_ops.o
    0x080015d8   0x0000004c   Code   RO         5562    i.OP_ld_value_byte  finsh_ops.o
    0x08001624   0x00000018   Code   RO         5563    i.OP_ld_value_byte_stack  finsh_ops.o
    0x0800163c   0x0000004c   Code   RO         5564    i.OP_ld_value_dword  finsh_ops.o
    0x08001688   0x00000018   Code   RO         5565    i.OP_ld_value_dword_stack  finsh_ops.o
    0x080016a0   0x0000004c   Code   RO         5566    i.OP_ld_value_word  finsh_ops.o
    0x080016ec   0x00000018   Code   RO         5567    i.OP_ld_value_word_stack  finsh_ops.o
    0x08001704   0x00000038   Code   RO         5568    i.OP_ld_word        finsh_ops.o
    0x0800173c   0x00000034   Code   RO         5569    i.OP_mod_byte       finsh_ops.o
    0x08001770   0x00000034   Code   RO         5570    i.OP_mod_dword      finsh_ops.o
    0x080017a4   0x00000034   Code   RO         5571    i.OP_mod_word       finsh_ops.o
    0x080017d8   0x00000030   Code   RO         5572    i.OP_mul_byte       finsh_ops.o
    0x08001808   0x00000030   Code   RO         5573    i.OP_mul_dword      finsh_ops.o
    0x08001838   0x00000030   Code   RO         5574    i.OP_mul_word       finsh_ops.o
    0x08001868   0x00000002   Code   RO         5575    i.OP_no_op          finsh_ops.o
    0x0800186a   0x00000002   PAD
    0x0800186c   0x00000030   Code   RO         5576    i.OP_or_byte        finsh_ops.o
    0x0800189c   0x00000030   Code   RO         5577    i.OP_or_dword       finsh_ops.o
    0x080018cc   0x00000030   Code   RO         5578    i.OP_or_word        finsh_ops.o
    0x080018fc   0x00000010   Code   RO         5579    i.OP_pop            finsh_ops.o
    0x0800190c   0x00000030   Code   RO         5580    i.OP_shl_byte       finsh_ops.o
    0x0800193c   0x00000030   Code   RO         5581    i.OP_shl_dword      finsh_ops.o
    0x0800196c   0x00000030   Code   RO         5582    i.OP_shl_word       finsh_ops.o
    0x0800199c   0x00000030   Code   RO         5583    i.OP_shr_byte       finsh_ops.o
    0x080019cc   0x00000030   Code   RO         5584    i.OP_shr_dword      finsh_ops.o
    0x080019fc   0x00000030   Code   RO         5585    i.OP_shr_word       finsh_ops.o
    0x08001a2c   0x00000024   Code   RO         5586    i.OP_st_byte        finsh_ops.o
    0x08001a50   0x00000024   Code   RO         5587    i.OP_st_dword       finsh_ops.o
    0x08001a74   0x00000024   Code   RO         5588    i.OP_st_word        finsh_ops.o
    0x08001a98   0x00000030   Code   RO         5589    i.OP_sub_byte       finsh_ops.o
    0x08001ac8   0x00000030   Code   RO         5590    i.OP_sub_dword      finsh_ops.o
    0x08001af8   0x00000030   Code   RO         5591    i.OP_sub_word       finsh_ops.o
    0x08001b28   0x00000030   Code   RO         5592    i.OP_xor_byte       finsh_ops.o
    0x08001b58   0x00000030   Code   RO         5593    i.OP_xor_dword      finsh_ops.o
    0x08001b88   0x00000030   Code   RO         5594    i.OP_xor_word       finsh_ops.o
    0x08001bb8   0x00000018   Code   RO         2148    i.RCC_AHBConfig     gd32f10x_rcc.o
    0x08001bd0   0x00000020   Code   RO         2149    i.RCC_AHBPeriphClock_Enable  gd32f10x_rcc.o
    0x08001bf0   0x00000018   Code   RO         2150    i.RCC_APB1Config    gd32f10x_rcc.o
    0x08001c08   0x00000020   Code   RO         2151    i.RCC_APB1PeriphClock_Enable  gd32f10x_rcc.o
    0x08001c28   0x00000020   Code   RO         2152    i.RCC_APB1PeriphReset_Enable  gd32f10x_rcc.o
    0x08001c48   0x00000018   Code   RO         2153    i.RCC_APB2Config    gd32f10x_rcc.o
    0x08001c60   0x00000020   Code   RO         2154    i.RCC_APB2PeriphClock_Enable  gd32f10x_rcc.o
    0x08001c80   0x00000020   Code   RO         2155    i.RCC_APB2PeriphReset_Enable  gd32f10x_rcc.o
    0x08001ca0   0x00000018   Code   RO         2159    i.RCC_CK_SYSConfig  gd32f10x_rcc.o
    0x08001cb8   0x00000034   Code   RO          372    i.RCC_Configuration  usart.o
    0x08001cec   0x00000054   Code   RO         2162    i.RCC_DeInit        gd32f10x_rcc.o
    0x08001d40   0x00000038   Code   RO         2163    i.RCC_GetBitState   gd32f10x_rcc.o
    0x08001d78   0x00000010   Code   RO         2164    i.RCC_GetCK_SYSSource  gd32f10x_rcc.o
    0x08001d88   0x0000013c   Code   RO         2165    i.RCC_GetClocksFreq  gd32f10x_rcc.o
    0x08001ec4   0x00000024   Code   RO         2169    i.RCC_HSI_Enable    gd32f10x_rcc.o
    0x08001ee8   0x00000020   Code   RO         2174    i.RCC_PLLConfig     gd32f10x_rcc.o
    0x08001f08   0x00000024   Code   RO         2175    i.RCC_PLL_Enable    gd32f10x_rcc.o
    0x08001f2c   0x00000016   Code   RO         2467    i.SPI_Enable        gd32f10x_spi.o
    0x08001f42   0x00000002   PAD
    0x08001f44   0x00000058   Code   RO         2474    i.SPI_I2S_DeInit    gd32f10x_spi.o
    0x08001f9c   0x00000010   Code   RO         2475    i.SPI_I2S_GetBitState  gd32f10x_spi.o
    0x08001fac   0x00000006   Code   RO         2478    i.SPI_I2S_ReceiveData  gd32f10x_spi.o
    0x08001fb2   0x00000004   Code   RO         2479    i.SPI_I2S_SendData  gd32f10x_spi.o
    0x08001fb6   0x0000003a   Code   RO         2480    i.SPI_Init          gd32f10x_spi.o
    0x08001ff0   0x00000018   Code   RO         2482    i.SPI_ParaInit      gd32f10x_spi.o
    0x08002008   0x00000008   Code   RO          537    i.SetSysClock       system_gd32f10x.o
    0x08002010   0x000000c8   Code   RO          538    i.SetSysClockTo108  system_gd32f10x.o
    0x080020d8   0x00000010   Code   RO          264    i.SysTick_Handler   board.o
    0x080020e8   0x0000005c   Code   RO          265    i.SystemClock_Config  board.o
    0x08002144   0x00000058   Code   RO          540    i.SystemInit        system_gd32f10x.o
    0x0800219c   0x00000018   Code   RO          373    i.USART1_IRQHandler  usart.o
    0x080021b4   0x00000018   Code   RO          374    i.USART2_IRQHandler  usart.o
    0x080021cc   0x00000018   Code   RO          375    i.USART3_IRQHandler  usart.o
    0x080021e4   0x00000014   Code   RO         3172    i.USART_ClearIntBitState  gd32f10x_usart.o
    0x080021f8   0x00000012   Code   RO         3175    i.USART_DMA_Enable  gd32f10x_usart.o
    0x0800220a   0x0000000a   Code   RO         3176    i.USART_DataReceive  gd32f10x_usart.o
    0x08002214   0x00000016   Code   RO         3179    i.USART_Enable      gd32f10x_usart.o
    0x0800222a   0x00000010   Code   RO         3180    i.USART_GetBitState  gd32f10x_usart.o
    0x0800223a   0x0000004a   Code   RO         3181    i.USART_GetIntBitState  gd32f10x_usart.o
    0x08002284   0x00000040   Code   RO         3184    i.USART_INT_Set     gd32f10x_usart.o
    0x080022c4   0x00000084   Code   RO         3185    i.USART_Init        gd32f10x_usart.o
    0x08002348   0x0000004c   Code   RO         3873    i.__rt_ffs          kservice.o
    0x08002394   0x0000001e   Code   RO         5003    i._delay_us         enc28j60.o
    0x080023b2   0x00000002   PAD
    0x080023b4   0x00000014   Code   RO         3530    i._has_defunct_thread  idle.o
    0x080023c8   0x000000d4   Code   RO         5144    i._list_device      cmd.o
    0x0800249c   0x000000f8   Code   RO         5145    i._list_event       cmd.o
    0x08002594   0x0000010c   Code   RO         5146    i._list_mailbox     cmd.o
    0x080026a0   0x00000114   Code   RO         5147    i._list_mempool     cmd.o
    0x080027b4   0x000000f8   Code   RO         5148    i._list_msgqueue    cmd.o
    0x080028ac   0x000000c4   Code   RO         5149    i._list_mutex       cmd.o
    0x08002970   0x000000f0   Code   RO         5150    i._list_sem         cmd.o
    0x08002a60   0x00000170   Code   RO         5151    i._list_thread      cmd.o
    0x08002bd0   0x00000110   Code   RO         5152    i._list_timer       cmd.o
    0x08002ce0   0x00000098   Code   RO         6133    i._msh_exec_cmd     msh.o
    0x08002d78   0x000000c8   Code   RO         4321    i._rt_scheduler_stack_check  scheduler.o
    0x08002e40   0x000000b8   Code   RO         4406    i._rt_thread_init   thread.o
    0x08002ef8   0x00000042   Code   RO         4522    i._rt_timer_init    timer.o
    0x08002f3a   0x0000002e   Code   RO         4523    i._rt_timer_remove  timer.o
    0x08002f68   0x00000190   Code   RO         4786    i._serial_dma_rx    serial.o
    0x080030f8   0x0000005c   Code   RO         4787    i._serial_dma_tx    serial.o
    0x08003154   0x00000098   Code   RO         4788    i._serial_int_rx    serial.o
    0x080031ec   0x0000006c   Code   RO         4789    i._serial_int_tx    serial.o
    0x08003258   0x0000005c   Code   RO         4790    i._serial_poll_rx   serial.o
    0x080032b4   0x00000054   Code   RO         4791    i._serial_poll_tx   serial.o
    0x08003308   0x00000014   Code   RO         4954    i._spi_bus_device_control  spi_dev.o
    0x0800331c   0x00000064   Code   RO         4955    i._spi_bus_device_read  spi_dev.o
    0x08003380   0x00000064   Code   RO         4956    i._spi_bus_device_write  spi_dev.o
    0x080033e4   0x00000014   Code   RO         4957    i._spidev_device_control  spi_dev.o
    0x080033f8   0x00000068   Code   RO         4958    i._spidev_device_read  spi_dev.o
    0x08003460   0x00000068   Code   RO         4959    i._spidev_device_write  spi_dev.o
    0x080034c8   0x00000050   Code   RO         5004    i._tx_chain_init    enc28j60.o
    0x08003518   0x000000fc   Code   RO         4637    i.bus_fault_track   cpuport.o
    0x08003614   0x000000b8   Code   RO          486    i.configure         spi_hw.o
    0x080036cc   0x00000058   Code   RO          376    i.dma_rx_done_isr   usart.o
    0x08003724   0x00000052   Code   RO          377    i.dma_uart_rx_idle_isr  usart.o
    0x08003776   0x0000002e   Code   RO         6860    i.do_netifapi_netif_add  netifapi.o
    0x080037a4   0x000003bc   Code   RO         5005    i.enc28j60          enc28j60.o
    0x08003b60   0x00000208   Code   RO         5006    i.enc28j60_attach   enc28j60.o
    0x08003d68   0x00000020   Code   RO         5007    i.enc28j60_check_link_status  enc28j60.o
    0x08003d88   0x00000014   Code   RO         5008    i.enc28j60_clkout   enc28j60.o
    0x08003d9c   0x00000006   Code   RO         5009    i.enc28j60_close    enc28j60.o
    0x08003da2   0x00000032   Code   RO         5010    i.enc28j60_control  enc28j60.o
    0x08003dd4   0x000001d8   Code   RO         5011    i.enc28j60_init     enc28j60.o
    0x08003fac   0x00000026   Code   RO         5012    i.enc28j60_interrupt_disable  enc28j60.o
    0x08003fd2   0x0000001c   Code   RO         5013    i.enc28j60_interrupt_enable  enc28j60.o
    0x08003fee   0x00000006   Code   RO         5015    i.enc28j60_open     enc28j60.o
    0x08003ff4   0x0000005a   Code   RO         5016    i.enc28j60_phy_read  enc28j60.o
    0x0800404e   0x00000040   Code   RO         5017    i.enc28j60_phy_write  enc28j60.o
    0x0800408e   0x0000001a   Code   RO         5018    i.enc28j60_read     enc28j60.o
    0x080040a8   0x00000480   Code   RO         5019    i.enc28j60_rx       enc28j60.o
    0x08004528   0x0000003c   Code   RO         5020    i.enc28j60_set_bank  enc28j60.o
    0x08004564   0x00000280   Code   RO         5021    i.enc28j60_tx       enc28j60.o
    0x080047e4   0x0000001a   Code   RO         5022    i.enc28j60_write    enc28j60.o
    0x080047fe   0x00000014   Code   RO         8829    i.eth_device_init   ethernetif.o
    0x08004812   0x00000002   PAD
    0x08004814   0x000000ec   Code   RO         8830    i.eth_device_init_with_flag  ethernetif.o
    0x08004900   0x00000058   Code   RO         8831    i.eth_device_linkchange  ethernetif.o
    0x08004958   0x00000050   Code   RO         8833    i.eth_netif_device_init  ethernetif.o
    0x080049a8   0x000002c8   Code   RO         8735    i.etharp_find_entry  etharp.o
    0x08004c70   0x00000040   Code   RO         8736    i.etharp_free_entry  etharp.o
    0x08004cb0   0x000001f0   Code   RO         8737    i.etharp_output     etharp.o
    0x08004ea0   0x000000fc   Code   RO         8738    i.etharp_output_to_arp_index  etharp.o
    0x08004f9c   0x0000028c   Code   RO         8739    i.etharp_query      etharp.o
    0x08005228   0x00000184   Code   RO         8740    i.etharp_raw        etharp.o
    0x080053ac   0x0000002c   Code   RO         8741    i.etharp_request    etharp.o
    0x080053d8   0x00000094   Code   RO         8742    i.etharp_send_ip    etharp.o
    0x0800546c   0x00000050   Code   RO         8837    i.ethernetif_linkoutput  ethernetif.o
    0x080054bc   0x0000003e   Code   RO         5401    i.finsh_block_insert  finsh_heap.o
    0x080054fa   0x0000007c   Code   RO         5402    i.finsh_block_merge  finsh_heap.o
    0x08005576   0x0000002e   Code   RO         5403    i.finsh_block_remove  finsh_heap.o
    0x080055a4   0x00000018   Code   RO         5404    i.finsh_block_split  finsh_heap.o
    0x080055bc   0x00001654   Code   RO         5320    i.finsh_compile     finsh_compiler.o
    0x08006c10   0x00000068   Code   RO         5321    i.finsh_compiler_run  finsh_compiler.o
    0x08006c78   0x0000000c   Code   RO         5367    i.finsh_errno       finsh_error.o
    0x08006c84   0x0000000c   Code   RO         5368    i.finsh_error_init  finsh_error.o
    0x08006c90   0x00000010   Code   RO         5369    i.finsh_error_set   finsh_error.o
    0x08006ca0   0x00000010   Code   RO         5370    i.finsh_error_string  finsh_error.o
    0x08006cb0   0x00000016   Code   RO         5454    i.finsh_flush       finsh_init.o
    0x08006cc6   0x00000002   PAD
    0x08006cc8   0x00000040   Code   RO         6238    i.finsh_get_prompt  shell.o
    0x08006d08   0x00000074   Code   RO         5405    i.finsh_heap_allocate  finsh_heap.o
    0x08006d7c   0x0000002c   Code   RO         5406    i.finsh_heap_free   finsh_heap.o
    0x08006da8   0x00000058   Code   RO         5407    i.finsh_heap_gc     finsh_heap.o
    0x08006e00   0x00000030   Code   RO         5408    i.finsh_heap_init   finsh_heap.o
    0x08006e30   0x0000001e   Code   RO         5455    i.finsh_init        finsh_init.o
    0x08006e4e   0x00000002   PAD
    0x08006e50   0x0000003c   Code   RO         5490    i.finsh_node_allocate  finsh_node.o
    0x08006e8c   0x00000014   Code   RO         5491    i.finsh_node_init   finsh_node.o
    0x08006ea0   0x0000001e   Code   RO         5492    i.finsh_node_new_char  finsh_node.o
    0x08006ebe   0x00000076   Code   RO         5493    i.finsh_node_new_id  finsh_node.o
    0x08006f34   0x0000001e   Code   RO         5494    i.finsh_node_new_int  finsh_node.o
    0x08006f52   0x0000001e   Code   RO         5495    i.finsh_node_new_long  finsh_node.o
    0x08006f70   0x0000001e   Code   RO         5496    i.finsh_node_new_ptr  finsh_node.o
    0x08006f8e   0x0000004a   Code   RO         5497    i.finsh_node_new_string  finsh_node.o
    0x08006fd8   0x00000010   Code   RO         5847    i.finsh_parser_init  finsh_parser.o
    0x08006fe8   0x000000dc   Code   RO         5848    i.finsh_parser_run  finsh_parser.o
    0x080070c4   0x000000d4   Code   RO         6239    i.finsh_run_line    shell.o
    0x08007198   0x00000040   Code   RO         6240    i.finsh_rx_ind      shell.o
    0x080071d8   0x0000000c   Code   RO         5457    i.finsh_stack_bottom  finsh_init.o
    0x080071e4   0x0000005c   Code   RO         6095    i.finsh_syscall_lookup  finsh_vm.o
    0x08007240   0x00000014   Code   RO         6243    i.finsh_system_function_init  shell.o
    0x08007254   0x000000c0   Code   RO         6244    i.finsh_system_init  shell.o
    0x08007314   0x00000014   Code   RO         6245    i.finsh_system_var_init  shell.o
    0x08007328   0x0000005c   Code   RO         6042    i.finsh_sysvar_lookup  finsh_var.o
    0x08007384   0x00000628   Code   RO         6246    i.finsh_thread_entry  shell.o
    0x080079ac   0x00000014   Code   RO         5959    i.finsh_token_init  finsh_token.o
    0x080079c0   0x00000018   Code   RO         5960    i.finsh_token_token  finsh_token.o
    0x080079d8   0x0000015e   Code   RO         5322    i.finsh_type_check  finsh_compiler.o
    0x08007b36   0x00000002   PAD
    0x08007b38   0x00000014   Code   RO         6044    i.finsh_var_init    finsh_var.o
    0x08007b4c   0x00000078   Code   RO         6045    i.finsh_var_insert  finsh_var.o
    0x08007bc4   0x00000040   Code   RO         6046    i.finsh_var_lookup  finsh_var.o
    0x08007c04   0x00000054   Code   RO         6096    i.finsh_vm_run      finsh_vm.o
    0x08007c58   0x000000d0   Code   RO         8746    i.free_etharp_q     etharp.o
    0x08007d28   0x000000e8   Code   RO          378    i.gd32_configure    usart.o
    0x08007e10   0x000000a4   Code   RO          379    i.gd32_control      usart.o
    0x08007eb4   0x00000044   Code   RO          380    i.gd32_getc         usart.o
    0x08007ef8   0x00000044   Code   RO          381    i.gd32_putc         usart.o
    0x08007f3c   0x00000068   Code   RO          487    i.gd32_spi_register  spi_hw.o
    0x08007fa4   0x0000007c   Code   RO          488    i.get_spi_BaudRatePrescaler  spi_hw.o
    0x08008020   0x00000080   Code   RO         4638    i.hard_fault_track  cpuport.o
    0x080080a0   0x00000020   Code   RO         5153    i.hello             cmd.o
    0x080080c0   0x000000a2   Code   RO         8597    i.inet_chksum_pseudo  inet_chksum.o
    0x08008162   0x0000004e   Code   RO         8673    i.ip4_addr_isbroadcast  ip_addr.o
    0x080081b0   0x0000009c   Code   RO         8632    i.ip_output         ip.o
    0x0800824c   0x00000198   Code   RO         8633    i.ip_output_if      ip.o
    0x080083e4   0x00000054   Code   RO         8634    i.ip_route          ip.o
    0x08008438   0x0000007c   Code   RO          317    i.led               led.o
    0x080084b4   0x00000020   Code   RO            3    i.led1_thread_entry  applications.o
    0x080084d4   0x000000bc   Code   RO          318    i.led_init          led.o
    0x08008590   0x00000040   Code   RO          319    i.led_off           led.o
    0x080085d0   0x00000040   Code   RO          320    i.led_on            led.o
    0x08008610   0x000000dc   Code   RO         5154    i.list              cmd.o
    0x080086ec   0x00000010   Code   RO         5155    i.list_device       cmd.o
    0x080086fc   0x00000010   Code   RO         5156    i.list_event        cmd.o
    0x0800870c   0x00000010   Code   RO         5157    i.list_mailbox      cmd.o
    0x0800871c   0x00000078   Code   RO         4065    i.list_mem          mem.o
    0x08008794   0x00000010   Code   RO         5158    i.list_mempool      cmd.o
    0x080087a4   0x00000010   Code   RO         5159    i.list_msgqueue     cmd.o
    0x080087b4   0x00000010   Code   RO         5160    i.list_mutex        cmd.o
    0x080087c4   0x00000210   Code   RO         5161    i.list_prefix       cmd.o
    0x080089d4   0x00000010   Code   RO         5162    i.list_sem          cmd.o
    0x080089e4   0x00000010   Code   RO         5163    i.list_thread       cmd.o
    0x080089f4   0x00000010   Code   RO         5164    i.list_timer        cmd.o
    0x08008a04   0x0000001a   Code   RO         7484    i.lwip_htonl        def.o
    0x08008a1e   0x0000000c   Code   RO         7485    i.lwip_htons        def.o
    0x08008a2a   0x0000000c   Code   RO         7486    i.lwip_ntohl        def.o
    0x08008a36   0x0000000c   Code   RO         7487    i.lwip_ntohs        def.o
    0x08008a42   0x0000005e   Code   RO         8599    i.lwip_standard_chksum  inet_chksum.o
    0x08008aa0   0x0000000e   Code   RO          221    i.main              startup.o
    0x08008aae   0x00000028   Code   RO         5849    i.make_sys_node     finsh_parser.o
    0x08008ad6   0x00000002   PAD
    0x08008ad8   0x000000e8   Code   RO         4639    i.mem_manage_fault_track  cpuport.o
    0x08008bc0   0x000000a0   Code   RO         6134    i.msh_auto_complete  msh.o
    0x08008c60   0x00000010   Code   RO         6135    i.msh_enter         msh.o
    0x08008c70   0x0000006c   Code   RO         6136    i.msh_exec          msh.o
    0x08008cdc   0x00000010   Code   RO         6137    i.msh_exit          msh.o
    0x08008cec   0x0000005c   Code   RO         6138    i.msh_get_cmd       msh.o
    0x08008d48   0x00000080   Code   RO         6139    i.msh_help          msh.o
    0x08008dc8   0x0000000c   Code   RO         6140    i.msh_is_used       msh.o
    0x08008dd4   0x0000009a   Code   RO         6141    i.msh_split         msh.o
    0x08008e6e   0x00000002   PAD
    0x08008e70   0x000000d0   Code   RO         7694    i.netif_add         netif.o
    0x08008f40   0x00000028   Code   RO         7698    i.netif_set_addr    netif.o
    0x08008f68   0x0000000c   Code   RO         7699    i.netif_set_default  netif.o
    0x08008f74   0x0000000c   Code   RO         7701    i.netif_set_gw      netif.o
    0x08008f80   0x00000078   Code   RO         7702    i.netif_set_ipaddr  netif.o
    0x08008ff8   0x00000036   Code   RO         7704    i.netif_set_link_up  netif.o
    0x0800902e   0x0000000c   Code   RO         7705    i.netif_set_netmask  netif.o
    0x0800903a   0x00000036   Code   RO         7706    i.netif_set_up      netif.o
    0x08009070   0x00000044   Code   RO         6863    i.netifapi_netif_add  netifapi.o
    0x080090b4   0x0000003e   Code   RO         5165    i.object_name_maxlen  cmd.o
    0x080090f2   0x00000002   PAD
    0x080090f4   0x0000001c   Code   RO         5166    i.object_split      cmd.o
    0x08009110   0x00000420   Code   RO         7802    i.pbuf_alloc        pbuf.o
    0x08009530   0x00000220   Code   RO         7807    i.pbuf_copy         pbuf.o
    0x08009750   0x00000140   Code   RO         7810    i.pbuf_free         pbuf.o
    0x08009890   0x00000038   Code   RO         7811    i.pbuf_free_ooseq   pbuf.o
    0x080098c8   0x0000000a   Code   RO         7812    i.pbuf_free_ooseq_callback  pbuf.o
    0x080098d2   0x00000002   PAD
    0x080098d4   0x0000013c   Code   RO         7814    i.pbuf_header       pbuf.o
    0x08009a10   0x00000040   Code   RO         7817    i.pbuf_pool_is_empty  pbuf.o
    0x08009a50   0x00000016   Code   RO         7819    i.pbuf_ref          pbuf.o
    0x08009a66   0x00000002   PAD
    0x08009a68   0x0000010c   Code   RO         4066    i.plug_holes        mem.o
    0x08009b74   0x0000018c   Code   RO         3875    i.print_number      kservice.o
    0x08009d00   0x00000072   Code   RO         5850    i.proc_additive_expr  finsh_parser.o
    0x08009d72   0x0000004c   Code   RO         5851    i.proc_and_expr     finsh_parser.o
    0x08009dbe   0x00000038   Code   RO         5852    i.proc_assign_expr  finsh_parser.o
    0x08009df6   0x0000004e   Code   RO         5853    i.proc_cast_expr    finsh_parser.o
    0x08009e44   0x0000004c   Code   RO         5854    i.proc_exclusive_or_expr  finsh_parser.o
    0x08009e90   0x0000000c   Code   RO         5855    i.proc_expr         finsh_parser.o
    0x08009e9c   0x00000038   Code   RO         5856    i.proc_expr_statement  finsh_parser.o
    0x08009ed4   0x0000002c   Code   RO         5857    i.proc_identifier   finsh_parser.o
    0x08009f00   0x0000004c   Code   RO         5858    i.proc_inclusive_or_expr  finsh_parser.o
    0x08009f4c   0x0000008a   Code   RO         5859    i.proc_multiplicative_expr  finsh_parser.o
    0x08009fd6   0x0000004c   Code   RO         5860    i.proc_param_list   finsh_parser.o
    0x0800a022   0x000000a2   Code   RO         5861    i.proc_postfix_expr  finsh_parser.o
    0x0800a0c4   0x0000009e   Code   RO         5862    i.proc_primary_expr  finsh_parser.o
    0x0800a162   0x00000074   Code   RO         5863    i.proc_shift_expr   finsh_parser.o
    0x0800a1d6   0x000000fa   Code   RO         5864    i.proc_type         finsh_parser.o
    0x0800a2d0   0x000000be   Code   RO         5865    i.proc_unary_expr   finsh_parser.o
    0x0800a38e   0x000001da   Code   RO         5866    i.proc_variable_decl  finsh_parser.o
    0x0800a568   0x00000078   Code   RO            6    i.rt_application_init  applications.o
    0x0800a5e0   0x00000074   Code   RO         3876    i.rt_assert_handler  kservice.o
    0x0800a654   0x00000068   Code   RO         4695    i.rt_completion_done  completion.o
    0x0800a6bc   0x00000048   Code   RO         4696    i.rt_completion_init  completion.o
    0x0800a704   0x0000013c   Code   RO         4697    i.rt_completion_wait  completion.o
    0x0800a840   0x0000000c   Code   RO         3878    i.rt_console_get_device  kservice.o
    0x0800a84c   0x00000034   Code   RO         3879    i.rt_console_set_device  kservice.o
    0x0800a880   0x00000068   Code   RO         4728    i.rt_data_queue_init  dataqueue.o
    0x0800a8e8   0x00000078   Code   RO         4729    i.rt_data_queue_peak  dataqueue.o
    0x0800a960   0x000001b8   Code   RO         4730    i.rt_data_queue_pop  dataqueue.o
    0x0800ab18   0x00000154   Code   RO         4731    i.rt_data_queue_push  dataqueue.o
    0x0800ac6c   0x00000058   Code   RO         3450    i.rt_device_close   device.o
    0x0800acc4   0x00000040   Code   RO         3451    i.rt_device_control  device.o
    0x0800ad04   0x00000050   Code   RO         3452    i.rt_device_find    device.o
    0x0800ad54   0x0000008c   Code   RO         3453    i.rt_device_init    device.o
    0x0800ade0   0x000000e8   Code   RO         3455    i.rt_device_open    device.o
    0x0800aec8   0x00000060   Code   RO         3456    i.rt_device_read    device.o
    0x0800af28   0x00000034   Code   RO         3457    i.rt_device_register  device.o
    0x0800af5c   0x00000030   Code   RO         3458    i.rt_device_set_rx_indicate  device.o
    0x0800af8c   0x00000060   Code   RO         3461    i.rt_device_write   device.o
    0x0800afec   0x00000058   Code   RO         4792    i.rt_dma_calc_recved_len  serial.o
    0x0800b044   0x00000088   Code   RO         4793    i.rt_dma_recv_update_get_index  serial.o
    0x0800b0cc   0x000000b8   Code   RO         4794    i.rt_dma_recv_update_put_index  serial.o
    0x0800b184   0x00000020   Code   RO         4323    i.rt_enter_critical  scheduler.o
    0x0800b1a4   0x00000048   Code   RO         3576    i.rt_event_init     ipc.o
    0x0800b1ec   0x000001f0   Code   RO         3577    i.rt_event_recv     ipc.o
    0x0800b3dc   0x000000f0   Code   RO         3578    i.rt_event_send     ipc.o
    0x0800b4cc   0x0000003c   Code   RO         4324    i.rt_exit_critical  scheduler.o
    0x0800b508   0x00000198   Code   RO         4068    i.rt_free           mem.o
    0x0800b6a0   0x0000007c   Code   RO          266    i.rt_hw_board_init  board.o
    0x0800b71c   0x00000002   Code   RO         3882    i.rt_hw_console_output  kservice.o
    0x0800b71e   0x00000002   PAD
    0x0800b720   0x00000208   Code   RO         4642    i.rt_hw_hard_fault_exception  cpuport.o
    0x0800b928   0x000001c4   Code   RO         4795    i.rt_hw_serial_isr  serial.o
    0x0800baec   0x0000007c   Code   RO         4796    i.rt_hw_serial_register  serial.o
    0x0800bb68   0x0000009c   Code   RO          489    i.rt_hw_spi_init    spi_hw.o
    0x0800bc04   0x0000004c   Code   RO         4643    i.rt_hw_stack_init  cpuport.o
    0x0800bc50   0x000000d0   Code   RO          382    i.rt_hw_usart_init  usart.o
    0x0800bd20   0x000000b8   Code   RO            7    i.rt_init_thread_entry  applications.o
    0x0800bdd8   0x00000024   Code   RO         3846    i.rt_interrupt_enter  irq.o
    0x0800bdfc   0x0000000c   Code   RO         3847    i.rt_interrupt_get_nest  irq.o
    0x0800be08   0x00000024   Code   RO         3848    i.rt_interrupt_leave  irq.o
    0x0800be2c   0x00000018   Code   RO         3579    i.rt_ipc_list_resume  ipc.o
    0x0800be44   0x00000032   Code   RO         3580    i.rt_ipc_list_resume_all  ipc.o
    0x0800be76   0x0000006c   Code   RO         3581    i.rt_ipc_list_suspend  ipc.o
    0x0800bee2   0x00000010   Code   RO         3582    i.rt_ipc_object_init  ipc.o
    0x0800bef2   0x00000002   PAD
    0x0800bef4   0x00000068   Code   RO         3883    i.rt_kprintf        kservice.o
    0x0800bf5c   0x00000006   Code   RO         3583    i.rt_list_init      ipc.o
    0x0800bf62   0x00000006   Code   RO         4325    i.rt_list_init      scheduler.o
    0x0800bf68   0x00000006   Code   RO         4524    i.rt_list_init      timer.o
    0x0800bf6e   0x00000006   Code   RO         4733    i.rt_list_init      dataqueue.o
    0x0800bf74   0x0000000e   Code   RO         4220    i.rt_list_insert_after  object.o
    0x0800bf82   0x0000000e   Code   RO         4407    i.rt_list_insert_after  thread.o
    0x0800bf90   0x0000000e   Code   RO         4525    i.rt_list_insert_after  timer.o
    0x0800bf9e   0x0000000e   Code   RO         3584    i.rt_list_insert_before  ipc.o
    0x0800bfac   0x0000000e   Code   RO         4734    i.rt_list_insert_before  dataqueue.o
    0x0800bfba   0x00000010   Code   RO         3585    i.rt_list_isempty   ipc.o
    0x0800bfca   0x00000010   Code   RO         4526    i.rt_list_isempty   timer.o
    0x0800bfda   0x00000010   Code   RO         4698    i.rt_list_isempty   completion.o
    0x0800bfea   0x00000010   Code   RO         4735    i.rt_list_isempty   dataqueue.o
    0x0800bffa   0x00000010   Code   RO         5167    i.rt_list_isempty   cmd.o
    0x0800c00a   0x00000014   Code   RO         5168    i.rt_list_len       cmd.o
    0x0800c01e   0x00000012   Code   RO         4221    i.rt_list_remove    object.o
    0x0800c030   0x00000012   Code   RO         4408    i.rt_list_remove    thread.o
    0x0800c042   0x00000002   PAD
    0x0800c044   0x000002b4   Code   RO         4070    i.rt_malloc         mem.o
    0x0800c2f8   0x00000012   Code   RO         3592    i.rt_mb_send        ipc.o
    0x0800c30a   0x00000002   PAD
    0x0800c30c   0x000001e8   Code   RO         3593    i.rt_mb_send_wait   ipc.o
    0x0800c4f4   0x0000007c   Code   RO         3886    i.rt_memcpy         kservice.o
    0x0800c570   0x00000042   Code   RO         3887    i.rt_memmove        kservice.o
    0x0800c5b2   0x00000048   Code   RO         3888    i.rt_memset         kservice.o
    0x0800c5fa   0x00000002   PAD
    0x0800c5fc   0x00000054   Code   RO         3606    i.rt_mutex_init     ipc.o
    0x0800c650   0x00000170   Code   RO         3607    i.rt_mutex_release  ipc.o
    0x0800c7c0   0x000001cc   Code   RO         3608    i.rt_mutex_take     ipc.o
    0x0800c98c   0x000000b8   Code   RO         4222    i.rt_object_allocate  object.o
    0x0800ca44   0x0000009c   Code   RO         4224    i.rt_object_delete  object.o
    0x0800cae0   0x00000054   Code   RO         4225    i.rt_object_detach  object.o
    0x0800cb34   0x00000054   Code   RO         4229    i.rt_object_init    object.o
    0x0800cb88   0x0000003c   Code   RO         4230    i.rt_object_is_systemobject  object.o
    0x0800cbc4   0x000000a4   Code   RO         4326    i.rt_schedule       scheduler.o
    0x0800cc68   0x00000074   Code   RO         4327    i.rt_schedule_insert_thread  scheduler.o
    0x0800ccdc   0x00000080   Code   RO         4328    i.rt_schedule_remove_thread  scheduler.o
    0x0800cd5c   0x00000080   Code   RO         3610    i.rt_sem_create     ipc.o
    0x0800cddc   0x0000008c   Code   RO         3611    i.rt_sem_delete     ipc.o
    0x0800ce68   0x00000048   Code   RO         3613    i.rt_sem_init       ipc.o
    0x0800ceb0   0x00000054   Code   RO         3614    i.rt_sem_release    ipc.o
    0x0800cf04   0x00000188   Code   RO         3615    i.rt_sem_take       ipc.o
    0x0800d08c   0x00000184   Code   RO         4797    i.rt_serial_close   serial.o
    0x0800d210   0x00000080   Code   RO         4798    i.rt_serial_control  serial.o
    0x0800d290   0x00000048   Code   RO         4799    i.rt_serial_init    serial.o
    0x0800d2d8   0x00000238   Code   RO         4800    i.rt_serial_open    serial.o
    0x0800d510   0x0000006c   Code   RO         4801    i.rt_serial_read    serial.o
    0x0800d57c   0x0000006c   Code   RO         4802    i.rt_serial_write   serial.o
    0x0800d5e8   0x00000028   Code   RO         3889    i.rt_set_errno      kservice.o
    0x0800d610   0x000000b0   Code   RO         3890    i.rt_show_version   kservice.o
    0x0800d6c0   0x00000026   Code   RO         3891    i.rt_snprintf       kservice.o
    0x0800d6e6   0x0000004a   Code   RO         4881    i.rt_spi_bus_attach_device  spi_core.o
    0x0800d730   0x00000058   Code   RO         4960    i.rt_spi_bus_device_init  spi_dev.o
    0x0800d788   0x00000032   Code   RO         4882    i.rt_spi_bus_register  spi_core.o
    0x0800d7ba   0x00000002   PAD
    0x0800d7bc   0x00000078   Code   RO         4883    i.rt_spi_configure  spi_core.o
    0x0800d834   0x00000120   Code   RO         4886    i.rt_spi_send_then_recv  spi_core.o
    0x0800d954   0x00000120   Code   RO         4887    i.rt_spi_send_then_send  spi_core.o
    0x0800da74   0x000000f8   Code   RO         4890    i.rt_spi_transfer   spi_core.o
    0x0800db6c   0x00000058   Code   RO         4961    i.rt_spidev_device_init  spi_dev.o
    0x0800dbc4   0x00000012   Code   RO         3896    i.rt_strlen         kservice.o
    0x0800dbd6   0x00000028   Code   RO         3897    i.rt_strncmp        kservice.o
    0x0800dbfe   0x00000034   Code   RO         3898    i.rt_strncpy        kservice.o
    0x0800dc32   0x00000002   PAD
    0x0800dc34   0x00000150   Code   RO         4074    i.rt_system_heap_init  mem.o
    0x0800dd84   0x00000050   Code   RO         4330    i.rt_system_scheduler_init  scheduler.o
    0x0800ddd4   0x00000030   Code   RO         4331    i.rt_system_scheduler_start  scheduler.o
    0x0800de04   0x0000001c   Code   RO         4527    i.rt_system_timer_init  timer.o
    0x0800de20   0x00000002   Code   RO         4528    i.rt_system_timer_thread_init  timer.o
    0x0800de22   0x00000002   PAD
    0x0800de24   0x00000098   Code   RO         4409    i.rt_thread_control  thread.o
    0x0800debc   0x00000050   Code   RO         4410    i.rt_thread_create  thread.o
    0x0800df0c   0x0000000c   Code   RO         4411    i.rt_thread_delay   thread.o
    0x0800df18   0x0000005c   Code   RO         4412    i.rt_thread_delete  thread.o
    0x0800df74   0x00000064   Code   RO         4413    i.rt_thread_detach  thread.o
    0x0800dfd8   0x00000054   Code   RO         4414    i.rt_thread_exit    thread.o
    0x0800e02c   0x00000050   Code   RO         4415    i.rt_thread_find    thread.o
    0x0800e07c   0x00000018   Code   RO         3531    i.rt_thread_idle_entry  idle.o
    0x0800e094   0x000000cc   Code   RO         3532    i.rt_thread_idle_excute  idle.o
    0x0800e160   0x0000003c   Code   RO         3533    i.rt_thread_idle_init  idle.o
    0x0800e19c   0x0000007c   Code   RO         4416    i.rt_thread_init    thread.o
    0x0800e218   0x00000068   Code   RO         4417    i.rt_thread_resume  thread.o
    0x0800e280   0x0000000c   Code   RO         4418    i.rt_thread_self    thread.o
    0x0800e28c   0x00000068   Code   RO         4419    i.rt_thread_sleep   thread.o
    0x0800e2f4   0x00000088   Code   RO         4420    i.rt_thread_startup  thread.o
    0x0800e37c   0x00000064   Code   RO         4421    i.rt_thread_suspend  thread.o
    0x0800e3e0   0x00000080   Code   RO         4422    i.rt_thread_timeout  thread.o
    0x0800e460   0x00000060   Code   RO         4423    i.rt_thread_yield   thread.o
    0x0800e4c0   0x0000000c   Code   RO         3408    i.rt_tick_get       clock.o
    0x0800e4cc   0x00000030   Code   RO         3409    i.rt_tick_increase  clock.o
    0x0800e4fc   0x0000009c   Code   RO         4529    i.rt_timer_check    timer.o
    0x0800e598   0x00000064   Code   RO         4530    i.rt_timer_control  timer.o
    0x0800e5fc   0x00000044   Code   RO         4533    i.rt_timer_detach   timer.o
    0x0800e640   0x00000054   Code   RO         4534    i.rt_timer_init     timer.o
    0x0800e694   0x0000016c   Code   RO         4537    i.rt_timer_start    timer.o
    0x0800e800   0x0000006c   Code   RO         4538    i.rt_timer_stop     timer.o
    0x0800e86c   0x00000328   Code   RO         3900    i.rt_vsnprintf      kservice.o
    0x0800eb94   0x0000004c   Code   RO          321    i.rtt_main          led.o
    0x0800ebe0   0x00000038   Code   RO          222    i.rtthread_startup  startup.o
    0x0800ec18   0x00000040   Code   RO         6247    i.shell_auto_complete  shell.o
    0x0800ec58   0x00000030   Code   RO         6248    i.shell_handle_history  shell.o
    0x0800ec88   0x000000a2   Code   RO         6249    i.shell_push_history  shell.o
    0x0800ed2a   0x00000002   PAD
    0x0800ed2c   0x00000030   Code   RO         5169    i.show_wait_queue   cmd.o
    0x0800ed5c   0x00000026   Code   RO         3902    i.skip_atoi         kservice.o
    0x0800ed82   0x0000001a   Code   RO         5023    i.spi_read          enc28j60.o
    0x0800ed9c   0x00000038   Code   RO         5024    i.spi_read_op       enc28j60.o
    0x0800edd4   0x0000001e   Code   RO         5025    i.spi_write         enc28j60.o
    0x0800edf2   0x0000003c   Code   RO         5026    i.spi_write_op      enc28j60.o
    0x0800ee2e   0x00000020   Code   RO         5170    i.str_common        cmd.o
    0x0800ee4e   0x00000020   Code   RO         6142    i.str_common        msh.o
    0x0800ee6e   0x00000022   Code   RO         5171    i.str_is_prefix     cmd.o
    0x0800ee90   0x00000054   Code   RO         7266    i.sys_arch_assert   sys_arch.o
    0x0800eee4   0x000000a8   Code   RO         7270    i.sys_arch_sem_wait  sys_arch.o
    0x0800ef8c   0x0000006c   Code   RO         7276    i.sys_mbox_post     sys_arch.o
    0x0800eff8   0x0000001a   Code   RO         7278    i.sys_mbox_trypost  sys_arch.o
    0x0800f012   0x00000006   Code   RO         7279    i.sys_mbox_valid    sys_arch.o
    0x0800f018   0x00000060   Code   RO         7287    i.sys_sem_free      sys_arch.o
    0x0800f078   0x000000a0   Code   RO         7288    i.sys_sem_new       sys_arch.o
    0x0800f118   0x0000000c   Code   RO         7290    i.sys_sem_signal    sys_arch.o
    0x0800f124   0x00000120   Code   RO         8014    i.tcp_abandon       tcp.o
    0x0800f244   0x0000000e   Code   RO         8015    i.tcp_abort         tcp.o
    0x0800f252   0x0000002e   Code   RO         8025    i.tcp_eff_send_mss  tcp.o
    0x0800f280   0x00000270   Code   RO         8311    i.tcp_output        tcp_out.o
    0x0800f4f0   0x00000104   Code   RO         8312    i.tcp_output_alloc_header  tcp_out.o
    0x0800f5f4   0x000000e4   Code   RO         8313    i.tcp_output_segment  tcp_out.o
    0x0800f6d8   0x00000048   Code   RO         8035    i.tcp_pcb_purge     tcp.o
    0x0800f720   0x00000160   Code   RO         8036    i.tcp_pcb_remove    tcp.o
    0x0800f880   0x00000114   Code   RO         8318    i.tcp_rst           tcp_out.o
    0x0800f994   0x00000018   Code   RO         8043    i.tcp_seg_free      tcp.o
    0x0800f9ac   0x00000018   Code   RO         8044    i.tcp_segs_free     tcp.o
    0x0800f9c4   0x00000060   Code   RO         8319    i.tcp_send_empty_ack  tcp_out.o
    0x0800fa24   0x00000064   Code   RO         7141    i.tcpip_callback_with_block  tcpip.o
    0x0800fa88   0x00000050   Code   RO         7145    i.tcpip_input       tcpip.o
    0x0800fad8   0x00000050   Code   RO         7146    i.tcpip_netifapi    tcpip.o
    0x0800fb28   0x00000078   Code   RO         5961    i.token_get_string  finsh_token.o
    0x0800fba0   0x00000034   Code   RO         5962    i.token_match_name  finsh_token.o
    0x0800fbd4   0x0000003e   Code   RO         5963    i.token_next_char   finsh_token.o
    0x0800fc12   0x00000016   Code   RO         5964    i.token_prev_char   finsh_token.o
    0x0800fc28   0x000000a2   Code   RO         5965    i.token_proc_char   finsh_token.o
    0x0800fcca   0x000000d6   Code   RO         5966    i.token_proc_escape  finsh_token.o
    0x0800fda0   0x00000120   Code   RO         5967    i.token_proc_number  finsh_token.o
    0x0800fec0   0x00000050   Code   RO         5968    i.token_proc_string  finsh_token.o
    0x0800ff10   0x0000019e   Code   RO         5969    i.token_run         finsh_token.o
    0x080100ae   0x00000098   Code   RO         5970    i.token_spec_number  finsh_token.o
    0x08010146   0x00000022   Code   RO         5971    i.token_trim_space  finsh_token.o
    0x08010168   0x00000080   Code   RO          383    i.uart_isr          usart.o
    0x080101e8   0x000000e8   Code   RO         4644    i.usage_fault_track  cpuport.o
    0x080102d0   0x0000000a   Code   RO         5172    i.version           cmd.o
    0x080102da   0x00000100   Code   RO          490    i.xfer              spi_hw.o
    0x080103da   0x00000002   PAD
    0x080103dc   0x0000002c   Code   RO         9014    locale$$code        c_w.l(lc_ctype_c.o)
    0x08010408   0x00000058   Data   RO          385    .constdata          usart.o
    0x08010460   0x000000a8   Data   RO         3462    .constdata          device.o
    0x08010508   0x00000016   Data   RO         3536    .constdata          idle.o
    0x0801051e   0x000001d7   Data   RO         3617    .constdata          ipc.o
    0x080106f5   0x00000122   Data   RO         3904    .constdata          kservice.o
    0x08010817   0x00000046   Data   RO         4076    .constdata          mem.o
    0x0801085d   0x0000005e   Data   RO         4235    .constdata          object.o
    0x080108bb   0x0000004e   Data   RO         4333    .constdata          scheduler.o
    0x08010909   0x000000aa   Data   RO         4424    .constdata          thread.o
    0x080109b3   0x0000005c   Data   RO         4540    .constdata          timer.o
    0x08010a0f   0x00000039   Data   RO         4699    .constdata          completion.o
    0x08010a48   0x0000004b   Data   RO         4736    .constdata          dataqueue.o
    0x08010a93   0x00000124   Data   RO         4803    .constdata          serial.o
    0x08010bb7   0x000000a3   Data   RO         4892    .constdata          spi_core.o
    0x08010c5a   0x00000081   Data   RO         4962    .constdata          spi_dev.o
    0x08010cdb   0x0000000c   Data   RO         5028    .constdata          enc28j60.o
    0x08010ce7   0x00000001   PAD
    0x08010ce8   0x00000050   Data   RO         5173    .constdata          cmd.o
    0x08010d38   0x000000c4   Data   RO         5595    .constdata          finsh_ops.o
    0x08010dfc   0x00000040   Data   RO         5972    .constdata          finsh_token.o
    0x08010e3c   0x0000000e   Data   RO         6143    .constdata          msh.o
    0x08010e4a   0x00000060   Data   RO         6251    .constdata          shell.o
    0x08010eaa   0x000000b3   Data   RO         7294    .constdata          sys_arch.o
    0x08010f5d   0x00000001   PAD
    0x08010f5e   0x0000001c   Data   RO         7661    .constdata          memp.o
    0x08010f7a   0x00000002   PAD
    0x08010f7c   0x00000050   Data   RO         8051    .constdata          tcp.o
    0x08010fcc   0x0000000c   Data   RO         8748    .constdata          etharp.o
    0x08010fd8   0x00000057   Data   RO         8843    .constdata          ethernetif.o
    0x0801102f   0x00000001   PAD
    0x08011030   0x000000ed   Data   RO         4077    .conststring        mem.o
    0x0801111d   0x00000003   PAD
    0x08011120   0x0000015d   Data   RO         5174    .conststring        cmd.o
    0x0801127d   0x00000003   PAD
    0x08011280   0x000000f3   Data   RO         5371    .conststring        finsh_error.o
    0x08011373   0x00000001   PAD
    0x08011374   0x0000003e   Data   RO         5973    .conststring        finsh_token.o
    0x080113b2   0x00000002   PAD
    0x080113b4   0x00000075   Data   RO         8052    .conststring        tcp.o
    0x08011429   0x00000003   PAD
    0x0801142c   0x00000044   Data   RO         8749    .conststring        etharp.o
    0x08011470   0x0000003c   Data   RO          323    .rodata.name        led.o
    0x080114ac   0x00000027   Data   RO         4079    .rodata.name        mem.o
    0x080114d3   0x00000021   Data   RO         5030    .rodata.name        enc28j60.o
    0x080114f4   0x0000034e   Data   RO         5176    .rodata.name        cmd.o
    0x08011842   0x00000061   Data   RO         6145    .rodata.name        msh.o
    0x080118a3   0x00000001   PAD
    0x080118a4   0x00000018   Data   RO          324    FSymTab             led.o
    0x080118bc   0x0000000c   Data   RO         4080    FSymTab             mem.o
    0x080118c8   0x0000000c   Data   RO         5031    FSymTab             enc28j60.o
    0x080118d4   0x00000108   Data   RO         5177    FSymTab             cmd.o
    0x080119dc   0x00000024   Data   RO         6146    FSymTab             msh.o
    0x08011a00   0x00000020   Data   RO         9148    Region$$Table       anon$$obj.o
    0x08011a20   0x00000010   Data   RO         5178    VSymTab             cmd.o
    0x08011a30   0x00000110   Data   RO         9013    locale$$data        c_w.l(lc_ctype_c.o)


    Execution Region RW_IRAM1 (Base: 0x20000000, Size: 0x00002650, Max: 0x00005000, ABSOLUTE, COMPRESSED[0x000000d0])

    Base Addr    Size         Type   Attr      Idx    E Section Name        Object

    0x20000000   0x00000009   Data   RW          322    .data               led.o
    0x20000009   0x00000003   PAD
    0x2000000c   0x00000048   Data   RW          386    .data               usart.o
    0x20000054   0x00000010   Data   RW          492    .data               spi_hw.o
    0x20000064   0x00000014   Data   RW          541    .data               system_gd32f10x.o
    0x20000078   0x00000018   Data   RW         2180    .data               gd32f10x_rcc.o
    0x20000090   0x00000004   Data   RW         3411    .data               clock.o
    0x20000094   0x00000004   Data   RW         3537    .data               idle.o
    0x20000098   0x00000001   Data   RW         3849    .data               irq.o
    0x20000099   0x00000003   PAD
    0x2000009c   0x0000000c   Data   RW         3905    .data               kservice.o
    0x200000a8   0x00000020   Data   RW         4078    .data               mem.o
    0x200000c8   0x000000a4   Data   RW         4236    .data               object.o
    0x2000016c   0x0000001c   Data   RW         4334    .data               scheduler.o
    0x20000188   0x00000010   Data   RW         4541    .data               timer.o
    0x20000198   0x00000010   Data   RW         4646    .data               cpuport.o
    0x200001a8   0x00000004   Data   RW         4804    .data               serial.o
    0x200001ac   0x0000000c   Data   RW         5029    .data               enc28j60.o
    0x200001b8   0x00000004   Data   RW         5175    .data               cmd.o
    0x200001bc   0x00000008   Data   RW         5323    .data               finsh_compiler.o
    0x200001c4   0x00000040   Data   RW         5372    .data               finsh_error.o
    0x20000204   0x00000008   Data   RW         5410    .data               finsh_heap.o
    0x2000020c   0x00000004   Data   RW         6048    .data               finsh_var.o
    0x20000210   0x0000000c   Data   RW         6098    .data               finsh_vm.o
    0x2000021c   0x00000004   Data   RW         6144    .data               msh.o
    0x20000220   0x00000004   Data   RW         6252    .data               shell.o
    0x20000224   0x00000010   Data   RW         6328    .data               symbol.o
    0x20000234   0x0000000c   Data   RW         7151    .data               tcpip.o
    0x20000240   0x00000006   Data   RW         7295    .data               sys_arch.o
    0x20000246   0x00000002   PAD
    0x20000248   0x00000009   Data   RW         7707    .data               netif.o
    0x20000251   0x00000001   Data   RW         7822    .data               pbuf.o
    0x20000252   0x00000002   PAD
    0x20000254   0x00000024   Data   RW         8053    .data               tcp.o
    0x20000278   0x00000020   Data   RW         8260    .data               tcp_in.o
    0x20000298   0x00000012   Data   RW         8635    .data               ip.o
    0x200002aa   0x00000001   Data   RW         8750    .data               etharp.o
    0x200002ab   0x00000001   PAD
    0x200002ac   0x00000400   Zero   RW            8    .bss                applications.o
    0x200006ac   0x000000fc   Zero   RW          384    .bss                usart.o
    0x200007a8   0x000000bc   Zero   RW          491    .bss                spi_hw.o
    0x20000864   0x00000180   Zero   RW         3535    .bss                idle.o
    0x200009e4   0x00000080   Zero   RW         3903    .bss                kservice.o
    0x20000a64   0x00000020   Zero   RW         4075    .bss                mem.o
    0x20000a84   0x00000100   Zero   RW         4332    .bss                scheduler.o
    0x20000b84   0x000000f0   Zero   RW         5027    .bss                enc28j60.o
    0x20000c74   0x00000080   Zero   RW         5409    .bss                finsh_heap.o
    0x20000cf4   0x00000140   Zero   RW         5498    .bss                finsh_node.o
    0x20000e34   0x000000c0   Zero   RW         6047    .bss                finsh_var.o
    0x20000ef4   0x00000180   Zero   RW         6097    .bss                finsh_vm.o
    0x20001074   0x00000901   Zero   RW         6250    .bss                shell.o
    0x20001975   0x00000003   PAD
    0x20001978   0x000000c8   Zero   RW         8747    .bss                etharp.o
    0x20001a40   0x000005b0   Zero   RW         8842    .bss                ethernetif.o
    0x20001ff0   0x00000060   Zero   RW         8983    .bss                c_w.l(libspace.o)
    0x20002050   0x00000200   Zero   RW          529    HEAP                startup_gd32f10x_md.o
    0x20002250   0x00000400   Zero   RW          528    STACK               startup_gd32f10x_md.o


==============================================================================

Image component sizes


      Code (inc. data)   RO Data    RW Data    ZI Data      Debug   Object Name

         0          0          0          0          0       7007   api_lib.o
         0          0          0          0          0        664   api_msg.o
       336         88          0          0       1024     295224   applications.o
       246         28          0          0          0      29346   board.o
        60         12          0          4          0       1165   clock.o
      3502       1418       1555          4          0      24103   cmd.o
       508        176         57          0          0       4403   completion.o
       236         24          0          0          0        784   context_rvds.o
      1440        724          0         16          0       5346   cpuport.o
      1040        216         75          0          0       8335   dataqueue.o
        62          0          0          0          0       2292   def.o
       896        280        168          0          0       8118   device.o
      4468       1136         57         12        240      25598   enc28j60.o
      2964        914         80          1        200      11331   etharp.o
       504        116         87          0       1456       8320   ethernetif.o
      6170        156          0          8          0      11942   finsh_compiler.o
        56         22        243         64          0       2799   finsh_error.o
       552         42          0          8        128       6039   finsh_heap.o
        64          6          0          0          0       2152   finsh_init.o
       392          8          0          0        320       6070   finsh_node.o
      3034        294        196          0          0      26106   finsh_ops.o
      2428         32          0          0          0      16747   finsh_parser.o
      1644         16        126          0          0      10538   finsh_token.o
       296         32          0          4        192       8182   finsh_var.o
       176         36          0         12        384       7387   finsh_vm.o
       474         18          0          0          0       6539   gd32f10x_dma.o
       160         12          0          0          0       2004   gd32f10x_exti.o
       582         12          0          0          0       5156   gd32f10x_gpio.o
       224         20          0          0          0       1988   gd32f10x_misc.o
       832        130          0         24          0      12276   gd32f10x_rcc.o
       218         12          0          0          0       5307   gd32f10x_spi.o
       356          6          0          0          0       6735   gd32f10x_usart.o
       308         80         22          4        384       3990   idle.o
       256          0          0          0          0       2445   inet_chksum.o
         0          0          0          0          0      11532   init.o
       648        206          0         18          0       6570   ip.o
        78          0          0          0          0       7170   ip_addr.o
      3276        820        471          0          0      32361   ipc.o
        84         18          0          1          0       2018   irq.o
      2230        242        290         12        128      14517   kservice.o
       516         74         84          9          0       3876   led.o
      1824        658        358         32         32       6744   mem.o
         0          0         28          0          0       1281   memp.o
       870        160        147          4          0       8133   msh.o
         0          0          0          0          0       3904   netbuf.o
         0          0          0          0          0       1052   netdb.o
       512        104          0          9          0      17258   netif.o
       114          6          0          0          0       5276   netifapi.o
       600        186         94        164          0       7105   object.o
      2388        852          0          1          0       7852   pbuf.o
       834        254         78         28        256       7402   scheduler.o
      3284        748        292          4          0      15235   serial.o
      2422        290         96          4       2305       9954   shell.o
      1068        170        163          0          0       9362   spi_core.o
       624        248        129          0          0       6169   spi_dev.o
       824         64          0         16        188       4541   spi_hw.o
        70          8          0          0          0       6117   startup.o
        64         26        260          0       1536        892   startup_gd32f10x_md.o
         0          0          0         16          0       4501   symbol.o
       660        240        179          6          0      14214   sys_arch.o
       296         28          0         20          0       3409   system_gd32f10x.o
       820        256        197         36          0      15751   tcp.o
         0          0          0         32          0      10247   tcp_in.o
      1484        352          0          0          0       5472   tcp_out.o
       260         22          0         12          0      16246   tcpip.o
      1620        400        170          0          0      13733   thread.o
      1058        186         92         16          0      10331   timer.o
      1578        244         88         72        252      33339   usart.o

    ----------------------------------------------------------------------
     64640      12928       5932        684       9028     900002   Object Totals
         0          0         32          0          0          0   (incl. Generated)
        50          0         18         11          3          0   (incl. Padding)

    ----------------------------------------------------------------------

      Code (inc. data)   RO Data    RW Data    ZI Data      Debug   Library Member Name

        90          0          0          0          0          0   __dczerorl2.o
         8          0          0          0          0         68   __main.o
         0          0          0          0          0          0   __rtentry.o
        12          0          0          0          0          0   __rtentry2.o
         6          0          0          0          0          0   __rtentry4.o
        52          8          0          0          0          0   __scatter.o
        28          0          0          0          0          0   __scatter_zi.o
        28          0          0          0          0         68   _chval.o
       158          0          0          0          0         92   _strtoul.o
        26          0          0          0          0         80   atoi.o
        18          0          0          0          0         80   exit.o
         6          0          0          0          0        152   heapauxi.o
         0          0          0          0          0          0   indicate_semi.o
        44         10        272          0          0         76   lc_ctype_c.o
         2          0          0          0          0          0   libinit.o
        20          0          0          0          0          0   libinit2.o
         2          0          0          0          0          0   libshutdown.o
         2          0          0          0          0          0   libshutdown2.o
         8          4          0          0         96         68   libspace.o
        16          4          0          0          0         76   rt_ctype_table.o
         8          4          0          0          0         68   rt_errno_addr_intlibspace.o
         8          4          0          0          0         68   rt_locale_intlibspace.o
        68          0          0          0          0         68   rt_memclr.o
        78          0          0          0          0         80   rt_memclr_w.o
       138          0          0          0          0         68   rt_memcpy_v6.o
       100          0          0          0          0         80   rt_memcpy_w.o
         2          0          0          0          0          0   rtexit.o
        10          0          0          0          0          0   rtexit2.o
        24          0          0          0          0         68   strcat.o
       128          0          0          0          0         68   strcmpv7m.o
        72          0          0          0          0         80   strcpy.o
        62          0          0          0          0         76   strlen.o
       150          0          0          0          0         80   strncmp.o
        86          0          0          0          0         76   strncpy.o
       112          0          0          0          0         88   strtol.o
        12          4          0          0          0         68   sys_exit.o
        74          0          0          0          0         80   sys_stackheap_outer.o
         2          0          0          0          0         68   use_no_semi.o

    ----------------------------------------------------------------------
      1668         38        272          0         96       1944   Library Totals
         8          0          0          0          0          0   (incl. Padding)

    ----------------------------------------------------------------------

      Code (inc. data)   RO Data    RW Data    ZI Data      Debug   Library Name

      1660         38        272          0         96       1944   c_w.l

    ----------------------------------------------------------------------
      1668         38        272          0         96       1944   Library Totals

    ----------------------------------------------------------------------

==============================================================================


      Code (inc. data)   RO Data    RW Data    ZI Data      Debug   

     66308      12966       6204        684       9124     875422   Grand Totals
     66308      12966       6204        208       9124     875422   ELF Image Totals (compressed)
     66308      12966       6204        208          0          0   ROM Totals

==============================================================================

    Total RO  Size (Code + RO Data)                72512 (  70.81kB)
    Total RW  Size (RW Data + ZI Data)              9808 (   9.58kB)
    Total ROM Size (Code + RO Data + RW Data)      72720 (  71.02kB)

==============================================================================

