Component: ARM Compiler 5.05 update 1 (build 106) Tool: armlink [4d0efa]

==============================================================================

Section Cross References

    app.o(i.main) refers to usb_hwp.o(i.USB_HWP_Init) for USB_HWP_Init
    app.o(i.main) refers to usb_hwp.o(i.USB_HWP_ClockConfig) for USB_HWP_ClockConfig
    app.o(i.main) refers to usb_hwp.o(i.USB_HWP_USBINTConfig) for USB_HWP_USBINTConfig
    app.o(i.main) refers to usbd_core.o(i.USBD_Init) for USBD_Init
    app.o(i.main) refers to usbd_core.o(i.USBD_Connect) for USBD_Connect
    app.o(i.main) refers to usbd_user.o(.data) for USER_cb
    app.o(i.main) refers to usbd_hid_core.o(.data) for USBD_HID_cb
    app.o(i.main) refers to usbd_desc.o(.data) for USER_desc
    app.o(i.main) refers to app.o(.bss) for USB_Device_dev
    usbd_desc.o(i.Get_SerialString) refers to usbd_desc.o(.data) for USBD_SerialString
    usbd_desc.o(i.USBD_USER_ConfigStrDesc) refers to usbd_enum.o(i.USBD_GetUnicodeString) for USBD_GetUnicodeString
    usbd_desc.o(i.USBD_USER_ConfigStrDesc) refers to usbd_enum.o(.bss) for USBD_StrDesc
    usbd_desc.o(i.USBD_USER_DevDesc) refers to usbd_desc.o(.constdata) for USBD_DeviceDesc
    usbd_desc.o(i.USBD_USER_ItfStrDesc) refers to usbd_enum.o(i.USBD_GetUnicodeString) for USBD_GetUnicodeString
    usbd_desc.o(i.USBD_USER_ItfStrDesc) refers to usbd_enum.o(.bss) for USBD_StrDesc
    usbd_desc.o(i.USBD_USER_LANGIDStrDesc) refers to usbd_desc.o(.constdata) for USBD_LANGIDDesc
    usbd_desc.o(i.USBD_USER_MFCStrDesc) refers to usbd_enum.o(i.USBD_GetUnicodeString) for USBD_GetUnicodeString
    usbd_desc.o(i.USBD_USER_MFCStrDesc) refers to usbd_enum.o(.bss) for USBD_StrDesc
    usbd_desc.o(i.USBD_USER_ProdStrDesc) refers to usbd_enum.o(i.USBD_GetUnicodeString) for USBD_GetUnicodeString
    usbd_desc.o(i.USBD_USER_ProdStrDesc) refers to usbd_enum.o(.bss) for USBD_StrDesc
    usbd_desc.o(i.USBD_USER_SerialStrDesc) refers to usbd_desc.o(.data) for USBD_SerialString
    usbd_desc.o(.data) refers to usbd_desc.o(i.USBD_USER_DevDesc) for USBD_USER_DevDesc
    usbd_desc.o(.data) refers to usbd_desc.o(i.USBD_USER_LANGIDStrDesc) for USBD_USER_LANGIDStrDesc
    usbd_desc.o(.data) refers to usbd_desc.o(i.USBD_USER_MFCStrDesc) for USBD_USER_MFCStrDesc
    usbd_desc.o(.data) refers to usbd_desc.o(i.USBD_USER_ProdStrDesc) for USBD_USER_ProdStrDesc
    usbd_desc.o(.data) refers to usbd_desc.o(i.USBD_USER_SerialStrDesc) for USBD_USER_SerialStrDesc
    usbd_desc.o(.data) refers to usbd_desc.o(i.USBD_USER_ConfigStrDesc) for USBD_USER_ConfigStrDesc
    usbd_desc.o(.data) refers to usbd_desc.o(i.USBD_USER_ItfStrDesc) for USBD_USER_ItfStrDesc
    usbd_user.o(i.USBD_USER_DeviceInit) refers to system_gd32f10x.o(.data) for SystemCoreClock
    usbd_user.o(.data) refers to usbd_user.o(i.USBD_USER_DeviceInit) for USBD_USER_DeviceInit
    usbd_user.o(.data) refers to usbd_user.o(i.USBD_USER_DeviceReset) for USBD_USER_DeviceReset
    usbd_user.o(.data) refers to usbd_user.o(i.USBD_USER_DeviceConfigured) for USBD_USER_DeviceConfigured
    usbd_user.o(.data) refers to usbd_user.o(i.USBD_USER_DeviceSuspended) for USBD_USER_DeviceSuspended
    usbd_user.o(.data) refers to usbd_user.o(i.USBD_USER_DeviceResumed) for USBD_USER_DeviceResumed
    usb_hwp.o(i.USB_Cable_Config) refers to gd32f10x_gpio.o(i.GPIO_SetBits) for GPIO_SetBits
    usb_hwp.o(i.USB_Cable_Config) refers to gd32f10x_gpio.o(i.GPIO_ResetBits) for GPIO_ResetBits
    usb_hwp.o(i.USB_HWP_ClockConfig) refers to gd32f10x_rcc.o(i.RCC_USBCLKConfig) for RCC_USBCLKConfig
    usb_hwp.o(i.USB_HWP_ClockConfig) refers to gd32f10x_rcc.o(i.RCC_APB1PeriphClock_Enable) for RCC_APB1PeriphClock_Enable
    usb_hwp.o(i.USB_HWP_Init) refers to gd32103c_eval.o(i.GD_EVAL_KeyInit) for GD_EVAL_KeyInit
    usb_hwp.o(i.USB_HWP_Init) refers to gd32f10x_rcc.o(i.RCC_APB2PeriphClock_Enable) for RCC_APB2PeriphClock_Enable
    usb_hwp.o(i.USB_HWP_Init) refers to gd32f10x_gpio.o(i.GPIO_Init) for GPIO_Init
    usb_hwp.o(i.USB_HWP_Init) refers to gd32f10x_rcc.o(i.RCC_APB1PeriphClock_Enable) for RCC_APB1PeriphClock_Enable
    usb_hwp.o(i.USB_HWP_Init) refers to gd32f10x_exti.o(i.EXTI_ClearIntBitState) for EXTI_ClearIntBitState
    usb_hwp.o(i.USB_HWP_Init) refers to gd32f10x_exti.o(i.EXTI_Init) for EXTI_Init
    usb_hwp.o(i.USB_HWP_USBINTConfig) refers to gd32f10x_misc.o(i.NVIC_PRIGroup_Enable) for NVIC_PRIGroup_Enable
    usb_hwp.o(i.USB_HWP_USBINTConfig) refers to gd32f10x_misc.o(i.NVIC_Init) for NVIC_Init
    gd32_it.o(i.EXTI15_10_IRQHandler) refers to gd32f10x_exti.o(i.EXTI_GetIntBitState) for EXTI_GetIntBitState
    gd32_it.o(i.EXTI15_10_IRQHandler) refers to usbd_pwr.o(i.USBD_Resume) for USBD_Resume
    gd32_it.o(i.EXTI15_10_IRQHandler) refers to gd32f10x_exti.o(i.EXTI_ClearIntBitState) for EXTI_ClearIntBitState
    gd32_it.o(i.EXTI15_10_IRQHandler) refers to app.o(.bss) for USB_Device_dev
    gd32_it.o(i.MouseState) refers to gd32103c_eval.o(i.GD_EVAL_KeyGetState) for GD_EVAL_KeyGetState
[...]
    usbd_hid_core.o(i.USBD_HID_Init) refers to usb_core.o(i.USB_EP_Init) for USB_EP_Init
    usbd_hid_core.o(i.USBD_HID_SendReport) refers to usb_core.o(i.USB_EP_Tx) for USB_EP_Tx
    usbd_hid_core.o(i.USBD_HID_SetInterface) refers to usbd_hid_core.o(.data) for USBD_HID_AltSet
    usbd_hid_core.o(.data) refers to usbd_hid_core.o(i.USBD_HID_Init) for USBD_HID_Init
    usbd_hid_core.o(.data) refers to usbd_hid_core.o(i.USBD_HID_DeInit) for USBD_HID_DeInit
    usbd_hid_core.o(.data) refers to usbd_hid_core.o(i.USBD_HID_GetClassDescriptor) for USBD_HID_GetClassDescriptor
    usbd_hid_core.o(.data) refers to usbd_hid_core.o(i.USBD_HID_ClassReqHandle) for USBD_HID_ClassReqHandle
    usbd_hid_core.o(.data) refers to usbd_hid_core.o(i.USBD_HID_GetInterface) for USBD_HID_GetInterface
    usbd_hid_core.o(.data) refers to usbd_hid_core.o(i.USBD_HID_SetInterface) for USBD_HID_SetInterface
    usbd_hid_core.o(.data) refers to usbd_hid_core.o(i.USBD_HID_GetCfgDesc) for USBD_HID_GetCfgDesc
    system_gd32f10x.o(i.SetSysClock) refers to system_gd32f10x.o(i.SetSysClockTo72) for SetSysClockTo72
    system_gd32f10x.o(i.SystemCoreClockUpdate) refers to system_gd32f10x.o(.data) for SystemCoreClock
    system_gd32f10x.o(i.SystemInit) refers to system_gd32f10x.o(i.SetSysClock) for SetSysClock
    startup_gd32f10x_hd.o(RESET) refers to startup_gd32f10x_hd.o(STACK) for __initial_sp
    startup_gd32f10x_hd.o(RESET) refers to startup_gd32f10x_hd.o(.text) for Reset_Handler
    startup_gd32f10x_hd.o(RESET) refers to gd32_it.o(i.NMI_Handler) for NMI_Handler
    startup_gd32f10x_hd.o(RESET) refers to gd32_it.o(i.HardFault_Handler) for HardFault_Handler
    startup_gd32f10x_hd.o(RESET) refers to gd32_it.o(i.SVC_Handler) for SVC_Handler
    startup_gd32f10x_hd.o(RESET) refers to gd32_it.o(i.PendSV_Handler) for PendSV_Handler
    startup_gd32f10x_hd.o(RESET) refers to gd32_it.o(i.SysTick_Handler) for SysTick_Handler
    startup_gd32f10x_hd.o(RESET) refers to gd32_it.o(i.USB_LP_CAN1_RX0_IRQHandler) for USB_LP_CAN1_RX0_IRQHandler
    startup_gd32f10x_hd.o(RESET) refers to gd32_it.o(i.EXTI15_10_IRQHandler) for EXTI15_10_IRQHandler
    startup_gd32f10x_hd.o(RESET) refers to gd32_it.o(i.USBWakeUp_IRQHandler) for USBWakeUp_IRQHandler
    startup_gd32f10x_hd.o(.text) refers to system_gd32f10x.o(i.SystemInit) for SystemInit
    startup_gd32f10x_hd.o(.text) refers to entry.o(.ARM.Collect$$$$00000000) for __main
    gd32f10x_gpio.o(i.GPIO_AFDeInit) refers to gd32f10x_rcc.o(i.RCC_APB2PeriphReset_Enable) for RCC_APB2PeriphReset_Enable
    gd32f10x_gpio.o(i.GPIO_DeInit) refers to gd32f10x_rcc.o(i.RCC_APB2PeriphReset_Enable) for RCC_APB2PeriphReset_Enable
    gd32f10x_pwr.o(i.PWR_DeInit) refers to gd32f10x_rcc.o(i.RCC_APB1PeriphReset_Enable) for RCC_APB1PeriphReset_Enable
    gd32f10x_rcc.o(i.RCC_GetClocksFreq) refers to gd32f10x_rcc.o(.data) for AHBPrescTable
    gd32f10x_rcc.o(i.RCC_WaitForHSEStartUp) refers to gd32f10x_rcc.o(i.RCC_GetBitState) for RCC_GetBitState
    gd32f10x_spi.o(i.I2S_Init) refers to gd32f10x_rcc.o(i.RCC_GetClocksFreq) for RCC_GetClocksFreq
    gd32f10x_spi.o(i.SPI_I2S_DeInit) refers to gd32f10x_rcc.o(i.RCC_APB2PeriphReset_Enable) for RCC_APB2PeriphReset_Enable
    gd32f10x_spi.o(i.SPI_I2S_DeInit) refers to gd32f10x_rcc.o(i.RCC_APB1PeriphReset_Enable) for RCC_APB1PeriphReset_Enable
    gd32f10x_usart.o(i.USART_DeInit) refers to gd32f10x_rcc.o(i.RCC_APB2PeriphReset_Enable) for RCC_APB2PeriphReset_Enable
    gd32f10x_usart.o(i.USART_DeInit) refers to gd32f10x_rcc.o(i.RCC_APB1PeriphReset_Enable) for RCC_APB1PeriphReset_Enable
    gd32f10x_usart.o(i.USART_Init) refers to gd32f10x_rcc.o(i.RCC_GetClocksFreq) for RCC_GetClocksFreq
    gd32103c_eval.o(i.GD_EVAL_COMInit) refers to gd32f10x_rcc.o(i.RCC_APB2PeriphClock_Enable) for RCC_APB2PeriphClock_Enable
    gd32103c_eval.o(i.GD_EVAL_COMInit) refers to gd32f10x_rcc.o(i.RCC_APB1PeriphClock_Enable) for RCC_APB1PeriphClock_Enable
    gd32103c_eval.o(i.GD_EVAL_COMInit) refers to gd32f10x_gpio.o(i.GPIO_Init) for GPIO_Init
    gd32103c_eval.o(i.GD_EVAL_COMInit) refers to gd32f10x_usart.o(i.USART_Init) for USART_Init
    gd32103c_eval.o(i.GD_EVAL_COMInit) refers to gd32f10x_usart.o(i.USART_Enable) for USART_Enable
    gd32103c_eval.o(i.GD_EVAL_COMInit) refers to gd32f10x_usart.o(i.USART_INT_Set) for USART_INT_Set
    gd32103c_eval.o(i.GD_EVAL_COMInit) refers to gd32f10x_misc.o(i.NVIC_Init) for NVIC_Init
    gd32103c_eval.o(i.GD_EVAL_COMInit) refers to gd32103c_eval.o(.constdata) for COM_TX_PORT_CLK
    gd32103c_eval.o(i.GD_EVAL_COMInit) refers to gd32103c_eval.o(.data) for COM_TX_PORT
    gd32103c_eval.o(i.GD_EVAL_KeyGetState) refers to gd32f10x_gpio.o(i.GPIO_ReadInputBit) for GPIO_ReadInputBit
    gd32103c_eval.o(i.GD_EVAL_KeyGetState) refers to gd32103c_eval.o(.constdata) for KEY_PIN
    gd32103c_eval.o(i.GD_EVAL_KeyGetState) refers to gd32103c_eval.o(.data) for KEY_PORT
    gd32103c_eval.o(i.GD_EVAL_KeyInit) refers to gd32f10x_rcc.o(i.RCC_APB2PeriphClock_Enable) for RCC_APB2PeriphClock_Enable
    gd32103c_eval.o(i.GD_EVAL_KeyInit) refers to gd32f10x_gpio.o(i.GPIO_Init) for GPIO_Init
    gd32103c_eval.o(i.GD_EVAL_KeyInit) refers to gd32f10x_gpio.o(i.GPIO_EXTILineConfig) for GPIO_EXTILineConfig
    gd32103c_eval.o(i.GD_EVAL_KeyInit) refers to gd32f10x_misc.o(i.NVIC_Init) for NVIC_Init
    gd32103c_eval.o(i.GD_EVAL_KeyInit) refers to gd32f10x_exti.o(i.EXTI_Init) for EXTI_Init
    gd32103c_eval.o(i.GD_EVAL_KeyInit) refers to gd32f10x_exti.o(i.EXTI_ClearIntBitState) for EXTI_ClearIntBitState
    gd32103c_eval.o(i.GD_EVAL_KeyInit) refers to gd32103c_eval.o(.constdata) for KEY_CLK
    gd32103c_eval.o(i.GD_EVAL_KeyInit) refers to gd32103c_eval.o(.data) for KEY_PORT
    gd32103c_eval.o(i.GD_EVAL_LEDInit) refers to gd32f10x_rcc.o(i.RCC_APB2PeriphClock_Enable) for RCC_APB2PeriphClock_Enable
    gd32103c_eval.o(i.GD_EVAL_LEDInit) refers to gd32f10x_gpio.o(i.GPIO_Init) for GPIO_Init
    gd32103c_eval.o(i.GD_EVAL_LEDInit) refers to gd32103c_eval.o(.constdata) for GPIO_CLK
    gd32103c_eval.o(i.GD_EVAL_LEDInit) refers to gd32103c_eval.o(.data) for GPIO_PORT
    gd32103c_eval.o(i.GD_EVAL_LEDOff) refers to gd32103c_eval.o(.constdata) for GPIO_PIN
    gd32103c_eval.o(i.GD_EVAL_LEDOff) refers to gd32103c_eval.o(.data) for GPIO_PORT
    gd32103c_eval.o(i.GD_EVAL_LEDOn) refers to gd32103c_eval.o(.constdata) for GPIO_PIN
    gd32103c_eval.o(i.GD_EVAL_LEDOn) refers to gd32103c_eval.o(.data) for GPIO_PORT
    gd32103c_eval.o(i.GD_EVAL_LEDToggle) refers to gd32103c_eval.o(.data) for GPIO_PORT
    gd32103c_eval.o(i.GD_EVAL_LEDToggle) refers to gd32103c_eval.o(.constdata) for GPIO_PIN
    gd32103c_eval.o(i.SD_DMAEndOfTransferStatus) refers to gd32f10x_dma.o(i.DMA_GetBitState) for DMA_GetBitState
    gd32103c_eval.o(i.SD_LowLevel_DMA_RxConfig) refers to gd32f10x_dma.o(i.DMA_ClearBitState) for DMA_ClearBitState
    gd32103c_eval.o(i.SD_LowLevel_DMA_RxConfig) refers to gd32f10x_dma.o(i.DMA_Enable) for DMA_Enable
    gd32103c_eval.o(i.SD_LowLevel_DMA_RxConfig) refers to gd32f10x_dma.o(i.DMA_Init) for DMA_Init
    gd32103c_eval.o(i.SD_LowLevel_DMA_RxConfig) refers to gd32f10x_dma.o(i.DMA_INTConfig) for DMA_INTConfig
    gd32103c_eval.o(i.SD_LowLevel_DMA_TxConfig) refers to gd32f10x_dma.o(i.DMA_ClearBitState) for DMA_ClearBitState
    gd32103c_eval.o(i.SD_LowLevel_DMA_TxConfig) refers to gd32f10x_dma.o(i.DMA_Enable) for DMA_Enable
    gd32103c_eval.o(i.SD_LowLevel_DMA_TxConfig) refers to gd32f10x_dma.o(i.DMA_Init) for DMA_Init
    gd32103c_eval.o(i.SD_LowLevel_DMA_TxConfig) refers to gd32f10x_dma.o(i.DMA_INTConfig) for DMA_INTConfig
    gd32103c_eval.o(i.SD_LowLevel_DeInit) refers to gd32f10x_sdio.o(i.SDIO_Clock_Enable) for SDIO_Clock_Enable
    gd32103c_eval.o(i.SD_LowLevel_DeInit) refers to gd32f10x_sdio.o(i.SDIO_SetPWRState) for SDIO_SetPWRState
    gd32103c_eval.o(i.SD_LowLevel_DeInit) refers to gd32f10x_sdio.o(i.SDIO_DeInit) for SDIO_DeInit
    gd32103c_eval.o(i.SD_LowLevel_DeInit) refers to gd32f10x_rcc.o(i.RCC_AHBPeriphClock_Enable) for RCC_AHBPeriphClock_Enable
    gd32103c_eval.o(i.SD_LowLevel_DeInit) refers to gd32f10x_gpio.o(i.GPIO_Init) for GPIO_Init
    gd32103c_eval.o(i.SD_LowLevel_Init) refers to gd32f10x_rcc.o(i.RCC_APB2PeriphClock_Enable) for RCC_APB2PeriphClock_Enable
    gd32103c_eval.o(i.SD_LowLevel_Init) refers to gd32f10x_gpio.o(i.GPIO_Init) for GPIO_Init
    gd32103c_eval.o(i.SD_LowLevel_Init) refers to gd32f10x_rcc.o(i.RCC_AHBPeriphClock_Enable) for RCC_AHBPeriphClock_Enable
    gd32103c_eval.o(i.sFLASH_LowLevel_DeInit) refers to gd32f10x_spi.o(i.SPI_Enable) for SPI_Enable
    gd32103c_eval.o(i.sFLASH_LowLevel_DeInit) refers to gd32f10x_spi.o(i.SPI_I2S_DeInit) for SPI_I2S_DeInit
    gd32103c_eval.o(i.sFLASH_LowLevel_DeInit) refers to gd32f10x_rcc.o(i.RCC_APB2PeriphClock_Enable) for RCC_APB2PeriphClock_Enable
    gd32103c_eval.o(i.sFLASH_LowLevel_DeInit) refers to gd32f10x_gpio.o(i.GPIO_Init) for GPIO_Init
    gd32103c_eval.o(i.sFLASH_LowLevel_Init) refers to gd32f10x_rcc.o(i.RCC_APB2PeriphClock_Enable) for RCC_APB2PeriphClock_Enable
    gd32103c_eval.o(i.sFLASH_LowLevel_Init) refers to gd32f10x_gpio.o(i.GPIO_Init) for GPIO_Init
    entry.o(.ARM.Collect$$$$00000000) refers (Special) to entry10a.o(.ARM.Collect$$$$0000000D) for __rt_final_cpp
    entry.o(.ARM.Collect$$$$00000000) refers (Special) to entry11a.o(.ARM.Collect$$$$0000000F) for __rt_final_exit
    entry.o(.ARM.Collect$$$$00000000) refers (Special) to entry7b.o(.ARM.Collect$$$$00000008) for _main_clock
    entry.o(.ARM.Collect$$$$00000000) refers (Special) to entry8b.o(.ARM.Collect$$$$0000000A) for _main_cpp_init
    entry.o(.ARM.Collect$$$$00000000) refers (Special) to entry9a.o(.ARM.Collect$$$$0000000B) for _main_init
    entry.o(.ARM.Collect$$$$00000000) refers (Special) to entry5.o(.ARM.Collect$$$$00000004) for _main_scatterload
    entry.o(.ARM.Collect$$$$00000000) refers (Special) to entry2.o(.ARM.Collect$$$$00000001) for _main_stk
    entry2.o(.ARM.Collect$$$$00000001) refers to entry2.o(.ARM.Collect$$$$00002712) for __lit__00000000
    entry2.o(.ARM.Collect$$$$00002712) refers to startup_gd32f10x_hd.o(STACK) for __initial_sp
    entry2.o(__vectab_stack_and_reset_area) refers to startup_gd32f10x_hd.o(STACK) for __initial_sp
    entry2.o(__vectab_stack_and_reset_area) refers to entry.o(.ARM.Collect$$$$00000000) for __main
    entry5.o(.ARM.Collect$$$$00000004) refers to init.o(.text) for __scatterload
    entry9a.o(.ARM.Collect$$$$0000000B) refers to app.o(i.main) for main
    entry9b.o(.ARM.Collect$$$$0000000C) refers to app.o(i.main) for main
    init.o(.text) refers to entry5.o(.ARM.Collect$$$$00000004) for __main_after_scatterload


==============================================================================

Removing Unused input sections from the image.

    Removing app.o(.rev16_text), (4 bytes).
    Removing app.o(.revsh_text), (4 bytes).
    Removing app.o(.rrx_text), (6 bytes).
    Removing usbd_desc.o(.rev16_text), (4 bytes).
    Removing usbd_desc.o(.revsh_text), (4 bytes).
    Removing usbd_desc.o(.rrx_text), (6 bytes).
    Removing usbd_user.o(.rev16_text), (4 bytes).
    Removing usbd_user.o(.revsh_text), (4 bytes).
    Removing usbd_user.o(.rrx_text), (6 bytes).
    Removing usb_hwp.o(.rev16_text), (4 bytes).
    Removing usb_hwp.o(.revsh_text), (4 bytes).
    Removing usb_hwp.o(.rrx_text), (6 bytes).
    Removing gd32_it.o(.rev16_text), (4 bytes).
    Removing gd32_it.o(.revsh_text), (4 bytes).
    Removing gd32_it.o(.rrx_text), (6 bytes).
    Removing usb_buf.o(.rev16_text), (4 bytes).
    Removing usb_buf.o(.revsh_text), (4 bytes).
    Removing usb_buf.o(.rrx_text), (6 bytes).
    Removing usb_core.o(.rev16_text), (4 bytes).
    Removing usb_core.o(.revsh_text), (4 bytes).
    Removing usb_core.o(.rrx_text), (6 bytes).
    Removing usb_core.o(i.DR_StopDevice), (24 bytes).
    Removing usb_core.o(i.USB_CtlRx), (28 bytes).
    Removing usb_core.o(i.USB_EP_GetStatus), (44 bytes).
    Removing usb_core.o(i.USB_GetRxCount), (20 bytes).
    Removing usb_int.o(.rev16_text), (4 bytes).
    Removing usb_int.o(.revsh_text), (4 bytes).
    Removing usb_int.o(.rrx_text), (6 bytes).
    Removing usbd_core.o(.rev16_text), (4 bytes).
    Removing usbd_core.o(.revsh_text), (4 bytes).
    Removing usbd_core.o(.rrx_text), (6 bytes).
    Removing usbd_core.o(i.USBD_Disconnect), (20 bytes).
    Removing usbd_enum.o(.rev16_text), (4 bytes).
    Removing usbd_enum.o(.revsh_text), (4 bytes).
    Removing usbd_enum.o(.rrx_text), (6 bytes).
    Removing usbd_it.o(.rev16_text), (4 bytes).
    Removing usbd_it.o(.revsh_text), (4 bytes).
    Removing usbd_it.o(.rrx_text), (6 bytes).
    Removing usbd_pwr.o(.rev16_text), (4 bytes).
    Removing usbd_pwr.o(.revsh_text), (4 bytes).
    Removing usbd_pwr.o(.rrx_text), (6 bytes).
    Removing usbd_hid_core.o(.rev16_text), (4 bytes).
    Removing usbd_hid_core.o(.revsh_text), (4 bytes).
    Removing usbd_hid_core.o(.rrx_text), (6 bytes).
    Removing system_gd32f10x.o(.rev16_text), (4 bytes).
    Removing system_gd32f10x.o(.revsh_text), (4 bytes).
    Removing system_gd32f10x.o(.rrx_text), (6 bytes).
    Removing system_gd32f10x.o(i.SystemCoreClockUpdate), (184 bytes).
    Removing startup_gd32f10x_hd.o(HEAP), (512 bytes).
    Removing gd32f10x_dma.o(.rev16_text), (4 bytes).
    Removing gd32f10x_dma.o(.revsh_text), (4 bytes).
    Removing gd32f10x_dma.o(.rrx_text), (6 bytes).
    Removing gd32f10x_dma.o(i.DMA_ClearBitState), (28 bytes).
    Removing gd32f10x_dma.o(i.DMA_ClearIntBitState), (28 bytes).
    Removing gd32f10x_dma.o(i.DMA_DeInit), (332 bytes).
    Removing gd32f10x_dma.o(i.DMA_Enable), (24 bytes).
    Removing gd32f10x_dma.o(i.DMA_GetBitState), (44 bytes).
    Removing gd32f10x_dma.o(i.DMA_GetCurrDataCounter), (8 bytes).
    Removing gd32f10x_dma.o(i.DMA_GetIntBitState), (44 bytes).
    Removing gd32f10x_dma.o(i.DMA_INTConfig), (18 bytes).
    Removing gd32f10x_dma.o(i.DMA_Init), (60 bytes).
    Removing gd32f10x_dma.o(i.DMA_ParaInit), (26 bytes).
    Removing gd32f10x_dma.o(i.DMA_SetCurrDataCounter), (4 bytes).
    Removing gd32f10x_exti.o(.rev16_text), (4 bytes).
    Removing gd32f10x_exti.o(.revsh_text), (4 bytes).
    Removing gd32f10x_exti.o(.rrx_text), (6 bytes).
    Removing gd32f10x_exti.o(i.EXTI_ClearBitState), (12 bytes).
    Removing gd32f10x_exti.o(i.EXTI_DeInit), (52 bytes).
    Removing gd32f10x_exti.o(i.EXTI_GetBitState), (24 bytes).
    Removing gd32f10x_exti.o(i.EXTI_SWINT_Enable), (16 bytes).
    Removing gd32f10x_gpio.o(.rev16_text), (4 bytes).
    Removing gd32f10x_gpio.o(.revsh_text), (4 bytes).
    Removing gd32f10x_gpio.o(.rrx_text), (6 bytes).
    Removing gd32f10x_gpio.o(i.GPIO_AFDeInit), (20 bytes).
    Removing gd32f10x_gpio.o(i.GPIO_DeInit), (200 bytes).
    Removing gd32f10x_gpio.o(i.GPIO_ETH_MediaInterfaceConfig), (24 bytes).
    Removing gd32f10x_gpio.o(i.GPIO_EventOutputConfig), (32 bytes).
    Removing gd32f10x_gpio.o(i.GPIO_EventOutput_Enable), (36 bytes).
    Removing gd32f10x_gpio.o(i.GPIO_ParaInit), (16 bytes).
    Removing gd32f10x_gpio.o(i.GPIO_PinLockConfig), (18 bytes).
    Removing gd32f10x_gpio.o(i.GPIO_PinRemapConfig), (144 bytes).
    Removing gd32f10x_gpio.o(i.GPIO_ReadInputData), (8 bytes).
    Removing gd32f10x_gpio.o(i.GPIO_ReadOutputBit), (18 bytes).
    Removing gd32f10x_gpio.o(i.GPIO_ReadOutputData), (8 bytes).
    Removing gd32f10x_gpio.o(i.GPIO_WriteBit), (10 bytes).
    Removing gd32f10x_gpio.o(i.GPIO_WritePort), (4 bytes).
    Removing gd32f10x_misc.o(.rev16_text), (4 bytes).
    Removing gd32f10x_misc.o(.revsh_text), (4 bytes).
    Removing gd32f10x_misc.o(.rrx_text), (6 bytes).
    Removing gd32f10x_misc.o(i.NVIC_VectTableSet), (20 bytes).
    Removing gd32f10x_misc.o(i.SysTick_CKSource_Enable), (40 bytes).
    Removing gd32f10x_pwr.o(.rev16_text), (4 bytes).
    Removing gd32f10x_pwr.o(.revsh_text), (4 bytes).
    Removing gd32f10x_pwr.o(.rrx_text), (6 bytes).
    Removing gd32f10x_pwr.o(i.PWR_BackupAccess_Enable), (36 bytes).
    Removing gd32f10x_pwr.o(i.PWR_ClearBitState), (20 bytes).
    Removing gd32f10x_pwr.o(i.PWR_DeInit), (22 bytes).
    Removing gd32f10x_pwr.o(i.PWR_GetBitState), (24 bytes).
    Removing gd32f10x_pwr.o(i.PWR_LVDConfig), (52 bytes).
    Removing gd32f10x_pwr.o(i.PWR_SLEEPMode_Entry), (28 bytes).
    Removing gd32f10x_pwr.o(i.PWR_STDBYMode_Entry), (56 bytes).
    Removing gd32f10x_pwr.o(i.PWR_WKUP_Pin_Enable), (36 bytes).
    Removing gd32f10x_rcc.o(.rev16_text), (4 bytes).
    Removing gd32f10x_rcc.o(.revsh_text), (4 bytes).
    Removing gd32f10x_rcc.o(.rrx_text), (6 bytes).
    Removing gd32f10x_rcc.o(i.RCC_ADCCLKConfig), (32 bytes).
    Removing gd32f10x_rcc.o(i.RCC_AHBConfig), (24 bytes).
    Removing gd32f10x_rcc.o(i.RCC_AHBPeriphClock_Enable), (32 bytes).
    Removing gd32f10x_rcc.o(i.RCC_APB1Config), (24 bytes).
    Removing gd32f10x_rcc.o(i.RCC_APB1PeriphReset_Enable), (32 bytes).
    Removing gd32f10x_rcc.o(i.RCC_APB2Config), (24 bytes).
    Removing gd32f10x_rcc.o(i.RCC_APB2PeriphReset_Enable), (32 bytes).
    Removing gd32f10x_rcc.o(i.RCC_AdjustHSICalibrationValue), (24 bytes).
    Removing gd32f10x_rcc.o(i.RCC_BackupReset_Enable), (36 bytes).
    Removing gd32f10x_rcc.o(i.RCC_CKOUTSRCConfig), (24 bytes).
    Removing gd32f10x_rcc.o(i.RCC_ClearBitState), (20 bytes).
    Removing gd32f10x_rcc.o(i.RCC_ClearIntBitState), (12 bytes).
    Removing gd32f10x_rcc.o(i.RCC_DeInit), (84 bytes).
    Removing gd32f10x_rcc.o(i.RCC_GetClocksFreq), (316 bytes).
    Removing gd32f10x_rcc.o(i.RCC_GetIntBitState), (24 bytes).
    Removing gd32f10x_rcc.o(i.RCC_HSEClockMonitor_Enable), (36 bytes).
    Removing gd32f10x_rcc.o(i.RCC_HSI_Enable), (36 bytes).
    Removing gd32f10x_rcc.o(i.RCC_INTConfig), (32 bytes).
    Removing gd32f10x_rcc.o(i.RCC_KERNELVOLConfig), (28 bytes).
    Removing gd32f10x_rcc.o(i.RCC_LSEConfig), (36 bytes).
    Removing gd32f10x_rcc.o(i.RCC_LSI_Enable), (36 bytes).
    Removing gd32f10x_rcc.o(i.RCC_PLLConfig), (32 bytes).
    Removing gd32f10x_rcc.o(i.RCC_RTCCLKConfig), (28 bytes).
    Removing gd32f10x_rcc.o(i.RCC_RTCCLK_Enable), (36 bytes).
    Removing gd32f10x_rcc.o(i.RCC_WaitForHSEStartUp), (54 bytes).
    Removing gd32f10x_rcc.o(.data), (24 bytes).
    Removing gd32f10x_spi.o(.rev16_text), (4 bytes).
    Removing gd32f10x_spi.o(.revsh_text), (4 bytes).
    Removing gd32f10x_spi.o(.rrx_text), (6 bytes).
    Removing gd32f10x_spi.o(i.I2S_Enable), (22 bytes).
    Removing gd32f10x_spi.o(i.I2S_Init), (236 bytes).
    Removing gd32f10x_spi.o(i.I2S_ParaInit), (20 bytes).
    Removing gd32f10x_spi.o(i.SPI_BDOEConfig), (26 bytes).
    Removing gd32f10x_spi.o(i.SPI_CRC_Enable), (22 bytes).
    Removing gd32f10x_spi.o(i.SPI_Enable), (22 bytes).
    Removing gd32f10x_spi.o(i.SPI_FrameFormatConfig), (18 bytes).
    Removing gd32f10x_spi.o(i.SPI_GetCRC), (14 bytes).
    Removing gd32f10x_spi.o(i.SPI_GetCRCPolynomial), (6 bytes).
    Removing gd32f10x_spi.o(i.SPI_I2S_ClearBitState), (6 bytes).
    Removing gd32f10x_spi.o(i.SPI_I2S_ClearIntBitState), (20 bytes).
    Removing gd32f10x_spi.o(i.SPI_I2S_DMA_Enable), (18 bytes).
    Removing gd32f10x_spi.o(i.SPI_I2S_DeInit), (88 bytes).
    Removing gd32f10x_spi.o(i.SPI_I2S_GetBitState), (16 bytes).
    Removing gd32f10x_spi.o(i.SPI_I2S_GetIntBitState), (46 bytes).
    Removing gd32f10x_spi.o(i.SPI_I2S_INTConfig), (30 bytes).
    Removing gd32f10x_spi.o(i.SPI_I2S_ReceiveData), (6 bytes).
    Removing gd32f10x_spi.o(i.SPI_I2S_SendData), (4 bytes).
    Removing gd32f10x_spi.o(i.SPI_Init), (58 bytes).
    Removing gd32f10x_spi.o(i.SPI_NSSDRV), (22 bytes).
    Removing gd32f10x_spi.o(i.SPI_ParaInit), (24 bytes).
    Removing gd32f10x_spi.o(i.SPI_SWNSSConfig), (22 bytes).
    Removing gd32f10x_spi.o(i.SPI_SendCRCNext), (10 bytes).
    Removing gd32f10x_usart.o(.rev16_text), (4 bytes).
    Removing gd32f10x_usart.o(.revsh_text), (4 bytes).
    Removing gd32f10x_usart.o(.rrx_text), (6 bytes).
    Removing gd32f10x_usart.o(i.USART_Address), (16 bytes).
    Removing gd32f10x_usart.o(i.USART_ClearBitState), (6 bytes).
    Removing gd32f10x_usart.o(i.USART_ClearINTBitState), (20 bytes).
    Removing gd32f10x_usart.o(i.USART_ClockInit), (32 bytes).
    Removing gd32f10x_usart.o(i.USART_ClockStructInit), (12 bytes).
    Removing gd32f10x_usart.o(i.USART_DMA_Enable), (18 bytes).
    Removing gd32f10x_usart.o(i.USART_DataReceive), (10 bytes).
    Removing gd32f10x_usart.o(i.USART_DataSend), (8 bytes).
    Removing gd32f10x_usart.o(i.USART_DeInit), (156 bytes).
    Removing gd32f10x_usart.o(i.USART_Enable), (22 bytes).
    Removing gd32f10x_usart.o(i.USART_GetBitState), (16 bytes).
    Removing gd32f10x_usart.o(i.USART_GetINTBitState), (74 bytes).
    Removing gd32f10x_usart.o(i.USART_GuardTime_Set), (16 bytes).
    Removing gd32f10x_usart.o(i.USART_HalfDuplex_Enable), (22 bytes).
    Removing gd32f10x_usart.o(i.USART_INT_Set), (64 bytes).
    Removing gd32f10x_usart.o(i.USART_Init), (132 bytes).
    Removing gd32f10x_usart.o(i.USART_IrDA_Enable), (22 bytes).
    Removing gd32f10x_usart.o(i.USART_IrDA_Set), (16 bytes).
    Removing gd32f10x_usart.o(i.USART_LIN_Enable), (22 bytes).
    Removing gd32f10x_usart.o(i.USART_MuteModeWakeUp_Set), (16 bytes).
    Removing gd32f10x_usart.o(i.USART_MuteMode_Enable), (22 bytes).
    Removing gd32f10x_usart.o(i.USART_ParaInit), (24 bytes).
    Removing gd32f10x_usart.o(i.USART_SendBreak), (10 bytes).
    Removing gd32f10x_usart.o(i.USART_SetLINBDLength), (16 bytes).
    Removing gd32f10x_usart.o(i.USART_SetPrescaler), (16 bytes).
    Removing gd32f10x_usart.o(i.USART_SmartCardNACK_Enable), (22 bytes).
    Removing gd32f10x_usart.o(i.USART_SmartCard_Enable), (22 bytes).
    Removing gd32f10x_sdio.o(.rev16_text), (4 bytes).
    Removing gd32f10x_sdio.o(.revsh_text), (4 bytes).
    Removing gd32f10x_sdio.o(.rrx_text), (6 bytes).
    Removing gd32f10x_sdio.o(i.SDIO_CEATAInt_Enable), (40 bytes).
    Removing gd32f10x_sdio.o(i.SDIO_CMDCompletion_Enable), (36 bytes).
    Removing gd32f10x_sdio.o(i.SDIO_CMDParaInit), (14 bytes).
    Removing gd32f10x_sdio.o(i.SDIO_ClearBitState), (12 bytes).
    Removing gd32f10x_sdio.o(i.SDIO_ClearIntBitState), (12 bytes).
    Removing gd32f10x_sdio.o(i.SDIO_Clock_Enable), (36 bytes).
    Removing gd32f10x_sdio.o(i.SDIO_DMA_Enable), (36 bytes).
    Removing gd32f10x_sdio.o(i.SDIO_DataConfig), (48 bytes).
    Removing gd32f10x_sdio.o(i.SDIO_DataParaInit), (20 bytes).
    Removing gd32f10x_sdio.o(i.SDIO_DeInit), (36 bytes).
    Removing gd32f10x_sdio.o(i.SDIO_GetBitState), (24 bytes).
    Removing gd32f10x_sdio.o(i.SDIO_GetCMDResponse), (12 bytes).
    Removing gd32f10x_sdio.o(i.SDIO_GetDataCount), (12 bytes).
    Removing gd32f10x_sdio.o(i.SDIO_GetFIFOCount), (12 bytes).
    Removing gd32f10x_sdio.o(i.SDIO_GetIntBitState), (24 bytes).
    Removing gd32f10x_sdio.o(i.SDIO_GetPWRState), (16 bytes).
    Removing gd32f10x_sdio.o(i.SDIO_GetResponse), (24 bytes).
    Removing gd32f10x_sdio.o(i.SDIO_INTConfig), (32 bytes).
    Removing gd32f10x_sdio.o(i.SDIO_Init), (48 bytes).
    Removing gd32f10x_sdio.o(i.SDIO_ParaInit), (16 bytes).
    Removing gd32f10x_sdio.o(i.SDIO_ReadData), (12 bytes).
    Removing gd32f10x_sdio.o(i.SDIO_SendCEATA_Enable), (36 bytes).
    Removing gd32f10x_sdio.o(i.SDIO_SendCMD), (44 bytes).
    Removing gd32f10x_sdio.o(i.SDIO_SendSDIOSuspend_Enable), (36 bytes).
    Removing gd32f10x_sdio.o(i.SDIO_SetPWRState), (28 bytes).
    Removing gd32f10x_sdio.o(i.SDIO_SetSDIOOperation), (36 bytes).
    Removing gd32f10x_sdio.o(i.SDIO_SetSDIOReadWaitMode), (40 bytes).
    Removing gd32f10x_sdio.o(i.SDIO_StartSDIOReadWait), (36 bytes).
    Removing gd32f10x_sdio.o(i.SDIO_StopSDIOReadWait), (36 bytes).
    Removing gd32f10x_sdio.o(i.SDIO_WriteData), (12 bytes).
    Removing gd32103c_eval.o(.rev16_text), (4 bytes).
    Removing gd32103c_eval.o(.revsh_text), (4 bytes).
    Removing gd32103c_eval.o(.rrx_text), (6 bytes).
    Removing gd32103c_eval.o(i.GD_EVAL_COMInit), (224 bytes).
    Removing gd32103c_eval.o(i.GD_EVAL_LEDInit), (80 bytes).
    Removing gd32103c_eval.o(i.GD_EVAL_LEDOff), (24 bytes).
    Removing gd32103c_eval.o(i.GD_EVAL_LEDOn), (24 bytes).
    Removing gd32103c_eval.o(i.GD_EVAL_LEDToggle), (36 bytes).
    Removing gd32103c_eval.o(i.SD_DMAEndOfTransferStatus), (16 bytes).
    Removing gd32103c_eval.o(i.SD_LowLevel_DMA_RxConfig), (108 bytes).
    Removing gd32103c_eval.o(i.SD_LowLevel_DMA_TxConfig), (108 bytes).
    Removing gd32103c_eval.o(i.SD_LowLevel_DeInit), (76 bytes).
    Removing gd32103c_eval.o(i.SD_LowLevel_Init), (104 bytes).
    Removing gd32103c_eval.o(i.sFLASH_LowLevel_DeInit), (104 bytes).
    Removing gd32103c_eval.o(i.sFLASH_LowLevel_Init), (108 bytes).

235 unused section(s) (total 7304 bytes) removed from the image.

==============================================================================

Image Symbol Table

    Local Symbols

    Symbol Name                              Value     Ov Type        Size  Object(Section)

    ../clib/../cmprslib/zerorunl2.c          0x00000000   Number         0  __dczerorl2.o ABSOLUTE
    ../clib/microlib/init/entry.s            0x00000000   Number         0  entry11a.o ABSOLUTE
    ../clib/microlib/init/entry.s            0x00000000   Number         0  entry.o ABSOLUTE
    ../clib/microlib/init/entry.s            0x00000000   Number         0  entry2.o ABSOLUTE
    ../clib/microlib/init/entry.s            0x00000000   Number         0  entry9b.o ABSOLUTE
    ../clib/microlib/init/entry.s            0x00000000   Number         0  entry10b.o ABSOLUTE
    ../clib/microlib/init/entry.s            0x00000000   Number         0  entry10a.o ABSOLUTE
    ../clib/microlib/init/entry.s            0x00000000   Number         0  entry5.o ABSOLUTE
    ../clib/microlib/init/entry.s            0x00000000   Number         0  entry9a.o ABSOLUTE
    ../clib/microlib/init/entry.s            0x00000000   Number         0  entry7a.o ABSOLUTE
    ../clib/microlib/init/entry.s            0x00000000   Number         0  entry7b.o ABSOLUTE
    ../clib/microlib/init/entry.s            0x00000000   Number         0  entry8a.o ABSOLUTE
    ../clib/microlib/init/entry.s            0x00000000   Number         0  entry8b.o ABSOLUTE
    ../clib/microlib/init/entry.s            0x00000000   Number         0  entry11b.o ABSOLUTE
    ..\..\..\Libraries\CMSIS\system_gd32f10x.c 0x00000000   Number         0  system_gd32f10x.o ABSOLUTE
    ..\..\..\Libraries\GD32F10x_StdPeriph_Driver\src\gd32f10x_dma.c 0x00000000   Number         0  gd32f10x_dma.o ABSOLUTE
    ..\..\..\Libraries\GD32F10x_StdPeriph_Driver\src\gd32f10x_exti.c 0x00000000   Number         0  gd32f10x_exti.o ABSOLUTE
    ..\..\..\Libraries\GD32F10x_StdPeriph_Driver\src\gd32f10x_gpio.c 0x00000000   Number         0  gd32f10x_gpio.o ABSOLUTE
    ..\..\..\Libraries\GD32F10x_StdPeriph_Driver\src\gd32f10x_misc.c 0x00000000   Number         0  gd32f10x_misc.o ABSOLUTE
    ..\..\..\Libraries\GD32F10x_StdPeriph_Driver\src\gd32f10x_pwr.c 0x00000000   Number         0  gd32f10x_pwr.o ABSOLUTE
    ..\..\..\Libraries\GD32F10x_StdPeriph_Driver\src\gd32f10x_rcc.c 0x00000000   Number         0  gd32f10x_rcc.o ABSOLUTE
    ..\..\..\Libraries\GD32F10x_StdPeriph_Driver\src\gd32f10x_sdio.c 0x00000000   Number         0  gd32f10x_sdio.o ABSOLUTE
    ..\..\..\Libraries\GD32F10x_StdPeriph_Driver\src\gd32f10x_spi.c 0x00000000   Number         0  gd32f10x_spi.o ABSOLUTE
    ..\..\..\Libraries\GD32F10x_StdPeriph_Driver\src\gd32f10x_usart.c 0x00000000   Number         0  gd32f10x_usart.o ABSOLUTE
    ..\..\..\Libraries\GD32_USB_Device_Driver\src\usb_buf.c 0x00000000   Number         0  usb_buf.o ABSOLUTE
    ..\..\..\Libraries\GD32_USB_Device_Driver\src\usb_core.c 0x00000000   Number         0  usb_core.o ABSOLUTE
    ..\..\..\Libraries\GD32_USB_Device_Driver\src\usb_int.c 0x00000000   Number         0  usb_int.o ABSOLUTE
    ..\..\..\Libraries\GD32_USB_Device_Library\Class\hid\src\usbd_hid_core.c 0x00000000   Number         0  usbd_hid_core.o ABSOLUTE
    ..\..\..\Libraries\GD32_USB_Device_Library\Core\src\usbd_core.c 0x00000000   Number         0  usbd_core.o ABSOLUTE
    ..\..\..\Libraries\GD32_USB_Device_Library\Core\src\usbd_enum.c 0x00000000   Number         0  usbd_enum.o ABSOLUTE
    ..\..\..\Libraries\GD32_USB_Device_Library\Core\src\usbd_it.c 0x00000000   Number         0  usbd_it.o ABSOLUTE
    ..\..\..\Libraries\GD32_USB_Device_Library\Core\src\usbd_pwr.c 0x00000000   Number         0  usbd_pwr.o ABSOLUTE
    ..\..\..\Libraries\StartUp\startup_gd32f10x_hd.s 0x00000000   Number         0  startup_gd32f10x_hd.o ABSOLUTE
    ..\..\..\Utilities\GD32_EVAL\GD32103C_EVAL\gd32103c_eval.c 0x00000000   Number         0  gd32103c_eval.o ABSOLUTE
    ..\\..\\..\\Libraries\\CMSIS\\system_gd32f10x.c 0x00000000   Number         0  system_gd32f10x.o ABSOLUTE
    ..\\..\\..\\Libraries\\GD32F10x_StdPeriph_Driver\\src\\gd32f10x_dma.c 0x00000000   Number         0  gd32f10x_dma.o ABSOLUTE
    ..\\..\\..\\Libraries\\GD32F10x_StdPeriph_Driver\\src\\gd32f10x_exti.c 0x00000000   Number         0  gd32f10x_exti.o ABSOLUTE
    ..\\..\\..\\Libraries\\GD32F10x_StdPeriph_Driver\\src\\gd32f10x_gpio.c 0x00000000   Number         0  gd32f10x_gpio.o ABSOLUTE
    ..\\..\\..\\Libraries\\GD32F10x_StdPeriph_Driver\\src\\gd32f10x_misc.c 0x00000000   Number         0  gd32f10x_misc.o ABSOLUTE
    ..\\..\\..\\Libraries\\GD32F10x_StdPeriph_Driver\\src\\gd32f10x_pwr.c 0x00000000   Number         0  gd32f10x_pwr.o ABSOLUTE
    ..\\..\\..\\Libraries\\GD32F10x_StdPeriph_Driver\\src\\gd32f10x_rcc.c 0x00000000   Number         0  gd32f10x_rcc.o ABSOLUTE
    ..\\..\\..\\Libraries\\GD32F10x_StdPeriph_Driver\\src\\gd32f10x_sdio.c 0x00000000   Number         0  gd32f10x_sdio.o ABSOLUTE
    ..\\..\\..\\Libraries\\GD32F10x_StdPeriph_Driver\\src\\gd32f10x_spi.c 0x00000000   Number         0  gd32f10x_spi.o ABSOLUTE
    ..\\..\\..\\Libraries\\GD32F10x_StdPeriph_Driver\\src\\gd32f10x_usart.c 0x00000000   Number         0  gd32f10x_usart.o ABSOLUTE
    ..\\..\\..\\Libraries\\GD32_USB_Device_Driver\\src\\usb_buf.c 0x00000000   Number         0  usb_buf.o ABSOLUTE
    ..\\..\\..\\Libraries\\GD32_USB_Device_Driver\\src\\usb_core.c 0x00000000   Number         0  usb_core.o ABSOLUTE
    ..\\..\\..\\Libraries\\GD32_USB_Device_Driver\\src\\usb_int.c 0x00000000   Number         0  usb_int.o ABSOLUTE
    ..\\..\\..\\Libraries\\GD32_USB_Device_Library\\Class\\hid\\src\\usbd_hid_core.c 0x00000000   Number         0  usbd_hid_core.o ABSOLUTE
    ..\\..\\..\\Libraries\\GD32_USB_Device_Library\\Core\\src\\usbd_core.c 0x00000000   Number         0  usbd_core.o ABSOLUTE
    ..\\..\\..\\Libraries\\GD32_USB_Device_Library\\Core\\src\\usbd_enum.c 0x00000000   Number         0  usbd_enum.o ABSOLUTE
    ..\\..\\..\\Libraries\\GD32_USB_Device_Library\\Core\\src\\usbd_it.c 0x00000000   Number         0  usbd_it.o ABSOLUTE
    ..\\..\\..\\Libraries\\GD32_USB_Device_Library\\Core\\src\\usbd_pwr.c 0x00000000   Number         0  usbd_pwr.o ABSOLUTE
    ..\\..\\..\\Utilities\\GD32_EVAL\\GD32103C_EVAL\\gd32103c_eval.c 0x00000000   Number         0  gd32103c_eval.o ABSOLUTE
    ..\\src\\app.c                           0x00000000   Number         0  app.o ABSOLUTE
    ..\\src\\gd32_it.c                       0x00000000   Number         0  gd32_it.o ABSOLUTE
    ..\\src\\usb_hwp.c                       0x00000000   Number         0  usb_hwp.o ABSOLUTE
    ..\\src\\usbd_desc.c                     0x00000000   Number         0  usbd_desc.o ABSOLUTE
    ..\\src\\usbd_user.c                     0x00000000   Number         0  usbd_user.o ABSOLUTE
    ..\src\app.c                             0x00000000   Number         0  app.o ABSOLUTE
    ..\src\gd32_it.c                         0x00000000   Number         0  gd32_it.o ABSOLUTE
    ..\src\usb_hwp.c                         0x00000000   Number         0  usb_hwp.o ABSOLUTE
    ..\src\usbd_desc.c                       0x00000000   Number         0  usbd_desc.o ABSOLUTE
    ..\src\usbd_user.c                       0x00000000   Number         0  usbd_user.o ABSOLUTE
    dc.s                                     0x00000000   Number         0  dc.o ABSOLUTE
    handlers.s                               0x00000000   Number         0  handlers.o ABSOLUTE
    init.s                                   0x00000000   Number         0  init.o ABSOLUTE
    RESET                                    0x08000000   Section      304  startup_gd32f10x_hd.o(RESET)
    .ARM.Collect$$$$00000000                 0x08000130   Section        0  entry.o(.ARM.Collect$$$$00000000)
    .ARM.Collect$$$$00000001                 0x08000130   Section        4  entry2.o(.ARM.Collect$$$$00000001)
    .ARM.Collect$$$$00000004                 0x08000134   Section        4  entry5.o(.ARM.Collect$$$$00000004)
    .ARM.Collect$$$$00000008                 0x08000138   Section        0  entry7b.o(.ARM.Collect$$$$00000008)
    .ARM.Collect$$$$0000000A                 0x08000138   Section        0  entry8b.o(.ARM.Collect$$$$0000000A)
    .ARM.Collect$$$$0000000B                 0x08000138   Section        8  entry9a.o(.ARM.Collect$$$$0000000B)
    .ARM.Collect$$$$0000000D                 0x08000140   Section        0  entry10a.o(.ARM.Collect$$$$0000000D)
    .ARM.Collect$$$$0000000F                 0x08000140   Section        0  entry11a.o(.ARM.Collect$$$$0000000F)
    .ARM.Collect$$$$00002712                 0x08000140   Section        4  entry2.o(.ARM.Collect$$$$00002712)
    __lit__00000000                          0x08000140   Data           4  entry2.o(.ARM.Collect$$$$00002712)
    .text                                    0x08000144   Section       36  startup_gd32f10x_hd.o(.text)
    .text                                    0x08000168   Section       36  init.o(.text)
    .text                                    0x0800018c   Section        0  __dczerorl2.o(.text)
    i.BufferCopyToUser                       0x080001e4   Section        0  usb_buf.o(i.BufferCopyToUser)
    i.DR_Init                                0x0800020c   Section        0  usb_core.o(i.DR_Init)
    i.EXTI15_10_IRQHandler                   0x0800023c   Section        0  gd32_it.o(i.EXTI15_10_IRQHandler)
    i.EXTI_ClearIntBitState                  0x08000270   Section        0  gd32f10x_exti.o(i.EXTI_ClearIntBitState)
    i.EXTI_GetIntBitState                    0x0800027c   Section        0  gd32f10x_exti.o(i.EXTI_GetIntBitState)
    i.EXTI_Init                              0x0800029c   Section        0  gd32f10x_exti.o(i.EXTI_Init)
    i.FreeUserBuffer                         0x08000330   Section        0  usb_buf.o(i.FreeUserBuffer)
    i.GD_EVAL_KeyGetState                    0x0800037c   Section        0  gd32103c_eval.o(i.GD_EVAL_KeyGetState)
    i.GD_EVAL_KeyInit                        0x0800039c   Section        0  gd32103c_eval.o(i.GD_EVAL_KeyInit)
    i.GPIO_EXTILineConfig                    0x0800044c   Section        0  gd32f10x_gpio.o(i.GPIO_EXTILineConfig)
    i.GPIO_Init                              0x080004e4   Section        0  gd32f10x_gpio.o(i.GPIO_Init)
    i.GPIO_ReadInputBit                      0x080005fa   Section        0  gd32f10x_gpio.o(i.GPIO_ReadInputBit)
    i.GPIO_ResetBits                         0x0800060c   Section        0  gd32f10x_gpio.o(i.GPIO_ResetBits)
    i.GPIO_SetBits                           0x08000610   Section        0  gd32f10x_gpio.o(i.GPIO_SetBits)
    i.Get_SerialString                       0x08000614   Section        0  usbd_desc.o(i.Get_SerialString)
    i.HardFault_Handler                      0x08000634   Section        0  gd32_it.o(i.HardFault_Handler)
    i.LeaveLowPowerMode                      0x08000638   Section        0  usbd_pwr.o(i.LeaveLowPowerMode)
    LeaveLowPowerMode                        0x08000639   Thumb Code    66  usbd_pwr.o(i.LeaveLowPowerMode)
    i.MouseState                             0x0800067a   Section        0  gd32_it.o(i.MouseState)
    i.NMI_Handler                            0x080006a4   Section        0  gd32_it.o(i.NMI_Handler)
    i.NVIC_Init                              0x080006a8   Section        0  gd32f10x_misc.o(i.NVIC_Init)
    i.NVIC_PRIGroup_Enable                   0x08000774   Section        0  gd32f10x_misc.o(i.NVIC_PRIGroup_Enable)
    i.NVIC_SystemLowPowerConfig              0x08000788   Section        0  gd32f10x_misc.o(i.NVIC_SystemLowPowerConfig)
    i.PWR_DEEPSLEEPMode_Entry                0x080007a8   Section        0  gd32f10x_pwr.o(i.PWR_DEEPSLEEPMode_Entry)
    i.PendSV_Handler                         0x080007ec   Section        0  gd32_it.o(i.PendSV_Handler)
    i.RCC_APB1PeriphClock_Enable             0x080007f0   Section        0  gd32f10x_rcc.o(i.RCC_APB1PeriphClock_Enable)
    i.RCC_APB2PeriphClock_Enable             0x08000810   Section        0  gd32f10x_rcc.o(i.RCC_APB2PeriphClock_Enable)
    i.RCC_CK_SYSConfig                       0x08000830   Section        0  gd32f10x_rcc.o(i.RCC_CK_SYSConfig)
    i.RCC_GetBitState                        0x08000848   Section        0  gd32f10x_rcc.o(i.RCC_GetBitState)
    i.RCC_GetCK_SYSSource                    0x08000880   Section        0  gd32f10x_rcc.o(i.RCC_GetCK_SYSSource)
    i.RCC_HSEConfig                          0x08000890   Section        0  gd32f10x_rcc.o(i.RCC_HSEConfig)
    i.RCC_PLL_Enable                         0x080008ac   Section        0  gd32f10x_rcc.o(i.RCC_PLL_Enable)
    i.RCC_USBCLKConfig                       0x080008d0   Section        0  gd32f10x_rcc.o(i.RCC_USBCLKConfig)
    i.ResumeMCU                              0x080008ec   Section        0  usbd_pwr.o(i.ResumeMCU)
    ResumeMCU                                0x080008ed   Thumb Code    36  usbd_pwr.o(i.ResumeMCU)
    i.SVC_Handler                            0x08000914   Section        0  gd32_it.o(i.SVC_Handler)
    i.SetSysClock                            0x08000916   Section        0  system_gd32f10x.o(i.SetSysClock)
    SetSysClock                              0x08000917   Thumb Code     8  system_gd32f10x.o(i.SetSysClock)
    i.SetSysClockTo72                        0x08000920   Section        0  system_gd32f10x.o(i.SetSysClockTo72)
    SetSysClockTo72                          0x08000921   Thumb Code   186  system_gd32f10x.o(i.SetSysClockTo72)
    i.SysTick_Handler                        0x080009e4   Section        0  gd32_it.o(i.SysTick_Handler)
    i.SystemInit                             0x08000a04   Section        0  system_gd32f10x.o(i.SystemInit)
    i.USBD_ClearFeature                      0x08000a5c   Section        0  usbd_enum.o(i.USBD_ClearFeature)
    USBD_ClearFeature                        0x08000a5d   Thumb Code   200  usbd_enum.o(i.USBD_ClearFeature)
    i.USBD_ClrCfg                            0x08000b24   Section        0  usbd_core.o(i.USBD_ClrCfg)
    i.USBD_Connect                           0x08000b38   Section        0  usbd_core.o(i.USBD_Connect)
    i.USBD_DataInStage                       0x08000b48   Section        0  usbd_core.o(i.USBD_DataInStage)
    i.USBD_DataOutStage                      0x08000c10   Section        0  usbd_core.o(i.USBD_DataOutStage)
    i.USBD_DeInit                            0x08000c98   Section        0  usbd_core.o(i.USBD_DeInit)
    i.USBD_DevClsReq                         0x08000c9e   Section        0  usbd_enum.o(i.USBD_DevClsReq)
    i.USBD_EnumError                         0x08000ce4   Section        0  usbd_enum.o(i.USBD_EnumError)
    i.USBD_GetConfiguration                  0x08000cf4   Section        0  usbd_enum.o(i.USBD_GetConfiguration)
    USBD_GetConfiguration                    0x08000cf5   Thumb Code    68  usbd_enum.o(i.USBD_GetConfiguration)
    i.USBD_GetDescriptor                     0x08000d38   Section        0  usbd_enum.o(i.USBD_GetDescriptor)
    USBD_GetDescriptor                       0x08000d39   Thumb Code   290  usbd_enum.o(i.USBD_GetDescriptor)
    i.USBD_GetInterface                      0x08000e5a   Section        0  usbd_enum.o(i.USBD_GetInterface)
    USBD_GetInterface                        0x08000e5b   Thumb Code    62  usbd_enum.o(i.USBD_GetInterface)
    i.USBD_GetStatus                         0x08000e98   Section        0  usbd_enum.o(i.USBD_GetStatus)
    USBD_GetStatus                           0x08000e99   Thumb Code   244  usbd_enum.o(i.USBD_GetStatus)
    i.USBD_GetUnicodeString                  0x08000f8c   Section        0  usbd_enum.o(i.USBD_GetUnicodeString)
    i.USBD_HID_ClassReqHandle                0x08000fc4   Section        0  usbd_hid_core.o(i.USBD_HID_ClassReqHandle)
    USBD_HID_ClassReqHandle                  0x08000fc5   Thumb Code    92  usbd_hid_core.o(i.USBD_HID_ClassReqHandle)
    i.USBD_HID_DeInit                        0x08001028   Section        0  usbd_hid_core.o(i.USBD_HID_DeInit)
    USBD_HID_DeInit                          0x08001029   Thumb Code    26  usbd_hid_core.o(i.USBD_HID_DeInit)
    i.USBD_HID_GetCfgDesc                    0x08001044   Section        0  usbd_hid_core.o(i.USBD_HID_GetCfgDesc)
    USBD_HID_GetCfgDesc                      0x08001045   Thumb Code    10  usbd_hid_core.o(i.USBD_HID_GetCfgDesc)
    i.USBD_HID_GetClassDescriptor            0x08001054   Section        0  usbd_hid_core.o(i.USBD_HID_GetClassDescriptor)
    USBD_HID_GetClassDescriptor              0x08001055   Thumb Code    80  usbd_hid_core.o(i.USBD_HID_GetClassDescriptor)
    i.USBD_HID_GetInterface                  0x080010ac   Section        0  usbd_hid_core.o(i.USBD_HID_GetInterface)
    USBD_HID_GetInterface                    0x080010ad   Thumb Code    20  usbd_hid_core.o(i.USBD_HID_GetInterface)
    i.USBD_HID_Init                          0x080010c4   Section        0  usbd_hid_core.o(i.USBD_HID_Init)
    USBD_HID_Init                            0x080010c5   Thumb Code    46  usbd_hid_core.o(i.USBD_HID_Init)
    i.USBD_HID_SendReport                    0x080010f2   Section        0  usbd_hid_core.o(i.USBD_HID_SendReport)
    i.USBD_HID_SetInterface                  0x08001110   Section        0  usbd_hid_core.o(i.USBD_HID_SetInterface)
    USBD_HID_SetInterface                    0x08001111   Thumb Code    12  usbd_hid_core.o(i.USBD_HID_SetInterface)
    i.USBD_Init                              0x08001120   Section        0  usbd_core.o(i.USBD_Init)
    i.USBD_MOUSE_GetPos                      0x08001154   Section        0  gd32_it.o(i.USBD_MOUSE_GetPos)
    USBD_MOUSE_GetPos                        0x08001155   Thumb Code    56  gd32_it.o(i.USBD_MOUSE_GetPos)
    i.USBD_ParseSetupRequest                 0x08001190   Section        0  usbd_enum.o(i.USBD_ParseSetupRequest)
    i.USBD_Reserved                          0x080011bc   Section        0  usbd_enum.o(i.USBD_Reserved)
    USBD_Reserved                            0x080011bd   Thumb Code     2  usbd_enum.o(i.USBD_Reserved)
    i.USBD_Resume                            0x080011c0   Section        0  usbd_pwr.o(i.USBD_Resume)
    i.USBD_SetAddress                        0x08001268   Section        0  usbd_enum.o(i.USBD_SetAddress)
    USBD_SetAddress                          0x08001269   Thumb Code    74  usbd_enum.o(i.USBD_SetAddress)
    i.USBD_SetCfg                            0x080012b8   Section        0  usbd_core.o(i.USBD_SetCfg)
    i.USBD_SetConfiguration                  0x080012d4   Section        0  usbd_enum.o(i.USBD_SetConfiguration)
    USBD_SetConfiguration                    0x080012d5   Thumb Code   174  usbd_enum.o(i.USBD_SetConfiguration)
    i.USBD_SetDescriptor                     0x08001388   Section        0  usbd_enum.o(i.USBD_SetDescriptor)
    USBD_SetDescriptor                       0x08001389   Thumb Code     2  usbd_enum.o(i.USBD_SetDescriptor)
    i.USBD_SetFeature                        0x0800138a   Section        0  usbd_enum.o(i.USBD_SetFeature)
    USBD_SetFeature                          0x0800138b   Thumb Code   180  usbd_enum.o(i.USBD_SetFeature)
    i.USBD_SetInterface                      0x0800143e   Section        0  usbd_enum.o(i.USBD_SetInterface)
    USBD_SetInterface                        0x0800143f   Thumb Code    62  usbd_enum.o(i.USBD_SetInterface)
    i.USBD_SetupStage                        0x0800147c   Section        0  usbd_core.o(i.USBD_SetupStage)
    i.USBD_StdReq                            0x080014cc   Section        0  usbd_enum.o(i.USBD_StdReq)
    i.USBD_Suspend                           0x080014e8   Section        0  usbd_pwr.o(i.USBD_Suspend)
    i.USBD_SynchFrame                        0x0800152c   Section        0  usbd_enum.o(i.USBD_SynchFrame)
    USBD_SynchFrame                          0x0800152d   Thumb Code     2  usbd_enum.o(i.USBD_SynchFrame)
    i.USBD_USER_ConfigStrDesc                0x08001530   Section        0  usbd_desc.o(i.USBD_USER_ConfigStrDesc)
    i.USBD_USER_DevDesc                      0x0800155c   Section        0  usbd_desc.o(i.USBD_USER_DevDesc)
    i.USBD_USER_DeviceConfigured             0x0800156c   Section        0  usbd_user.o(i.USBD_USER_DeviceConfigured)
    i.USBD_USER_DeviceInit                   0x08001570   Section        0  usbd_user.o(i.USBD_USER_DeviceInit)
    i.USBD_USER_DeviceReset                  0x080015cc   Section        0  usbd_user.o(i.USBD_USER_DeviceReset)
    i.USBD_USER_DeviceResumed                0x080015ce   Section        0  usbd_user.o(i.USBD_USER_DeviceResumed)
    i.USBD_USER_DeviceSuspended              0x080015d0   Section        0  usbd_user.o(i.USBD_USER_DeviceSuspended)
    i.USBD_USER_ItfStrDesc                   0x080015d4   Section        0  usbd_desc.o(i.USBD_USER_ItfStrDesc)
    i.USBD_USER_LANGIDStrDesc                0x08001600   Section        0  usbd_desc.o(i.USBD_USER_LANGIDStrDesc)
    i.USBD_USER_MFCStrDesc                   0x08001610   Section        0  usbd_desc.o(i.USBD_USER_MFCStrDesc)
    i.USBD_USER_ProdStrDesc                  0x08001640   Section        0  usbd_desc.o(i.USBD_USER_ProdStrDesc)
    i.USBD_USER_SerialStrDesc                0x08001674   Section        0  usbd_desc.o(i.USBD_USER_SerialStrDesc)
    i.USBD_VdrDefReq                         0x08001684   Section        0  usbd_enum.o(i.USBD_VdrDefReq)
    i.USBINT_ESOF                            0x0800168a   Section        0  usbd_it.o(i.USBINT_ESOF)
    USBINT_ESOF                              0x0800168b   Thumb Code    14  usbd_it.o(i.USBINT_ESOF)
    i.USBINT_Error                           0x08001698   Section        0  usbd_it.o(i.USBINT_Error)
    USBINT_Error                             0x08001699   Thumb Code     6  usbd_it.o(i.USBINT_Error)
    i.USBINT_HPST                            0x080016a0   Section        0  usbd_it.o(i.USBINT_HPST)
    USBINT_HPST                              0x080016a1   Thumb Code   538  usbd_it.o(i.USBINT_HPST)
    i.USBINT_LPST                            0x080018cc   Section        0  usbd_it.o(i.USBINT_LPST)
    USBINT_LPST                              0x080018cd   Thumb Code   346  usbd_it.o(i.USBINT_LPST)
    i.USBINT_PMOU                            0x08001a34   Section        0  usbd_it.o(i.USBINT_PMOU)
    USBINT_PMOU                              0x08001a35   Thumb Code     6  usbd_it.o(i.USBINT_PMOU)
    i.USBINT_Reset                           0x08001a3a   Section        0  usbd_it.o(i.USBINT_Reset)
    USBINT_Reset                             0x08001a3b   Thumb Code    76  usbd_it.o(i.USBINT_Reset)
    i.USBINT_SOF                             0x08001a86   Section        0  usbd_it.o(i.USBINT_SOF)
    USBINT_SOF                               0x08001a87   Thumb Code    22  usbd_it.o(i.USBINT_SOF)
    i.USBINT_Suspend                         0x08001a9c   Section        0  usbd_it.o(i.USBINT_Suspend)
    USBINT_Suspend                           0x08001a9d   Thumb Code    40  usbd_it.o(i.USBINT_Suspend)
    i.USBINT_WakeUp                          0x08001ac8   Section        0  usbd_it.o(i.USBINT_WakeUp)
    USBINT_WakeUp                            0x08001ac9   Thumb Code    24  usbd_it.o(i.USBINT_WakeUp)
    i.USBWakeUp_IRQHandler                   0x08001ae0   Section        0  gd32_it.o(i.USBWakeUp_IRQHandler)
    i.USB_Cable_Config                       0x08001aec   Section        0  usb_hwp.o(i.USB_Cable_Config)
    i.USB_CtlContinueRx                      0x08001b10   Section        0  usb_core.o(i.USB_CtlContinueRx)
    i.USB_CtlContinueTx                      0x08001b28   Section        0  usb_core.o(i.USB_CtlContinueTx)
    i.USB_CtlReceiveStatus                   0x08001b40   Section        0  usb_core.o(i.USB_CtlReceiveStatus)
    i.USB_CtlTransmitStatus                  0x08001b70   Section        0  usb_core.o(i.USB_CtlTransmitStatus)
    i.USB_CtlTx                              0x08001b88   Section        0  usb_core.o(i.USB_CtlTx)
    i.USB_EP_BufConfig                       0x08001ba4   Section        0  usb_core.o(i.USB_EP_BufConfig)
    i.USB_EP_ClrStall                        0x08001c40   Section        0  usb_core.o(i.USB_EP_ClrStall)
    i.USB_EP_DeInit                          0x08001d0c   Section        0  usb_core.o(i.USB_EP_DeInit)
    i.USB_EP_Init                            0x08001ea4   Section        0  usb_core.o(i.USB_EP_Init)
    i.USB_EP_Rx                              0x08002184   Section        0  usb_core.o(i.USB_EP_Rx)
    i.USB_EP_SetAddress                      0x0800232c   Section        0  usb_core.o(i.USB_EP_SetAddress)
    i.USB_EP_Stall                           0x0800236c   Section        0  usb_core.o(i.USB_EP_Stall)
    i.USB_EP_Tx                              0x08002408   Section        0  usb_core.o(i.USB_EP_Tx)
    i.USB_HWP_ClockConfig                    0x080024f4   Section        0  usb_hwp.o(i.USB_HWP_ClockConfig)
    i.USB_HWP_Init                           0x08002508   Section        0  usb_hwp.o(i.USB_HWP_Init)
    i.USB_HWP_USBINTConfig                   0x08002584   Section        0  usb_hwp.o(i.USB_HWP_USBINTConfig)
    i.USB_Ifr                                0x080025cc   Section        0  usb_int.o(i.USB_Ifr)
    i.USB_LP_CAN1_RX0_IRQHandler             0x080026f8   Section        0  gd32_it.o(i.USB_LP_CAN1_RX0_IRQHandler)
    i.UserCopyToBuffer                       0x08002700   Section        0  usb_buf.o(i.UserCopyToBuffer)
    i.__scatterload_copy                     0x08002730   Section       14  handlers.o(i.__scatterload_copy)
    i.__scatterload_null                     0x0800273e   Section        2  handlers.o(i.__scatterload_null)
    i.__scatterload_zeroinit                 0x08002740   Section       14  handlers.o(i.__scatterload_zeroinit)
    i.main                                   0x08002750   Section        0  app.o(i.main)
    .constdata                               0x08002784   Section       22  usbd_desc.o(.constdata)
    .constdata                               0x0800279a   Section       55  usbd_hid_core.o(.constdata)
    .constdata                               0x080027d4   Section      116  gd32103c_eval.o(.constdata)
    .data                                    0x20000000   Section       34  usbd_desc.o(.data)
    .data                                    0x20000024   Section       20  usbd_user.o(.data)
    .data                                    0x20000038   Section        2  gd32_it.o(.data)
    MOUSE_Buffer                             0x20000038   Data           2  gd32_it.o(.data)
    .data                                    0x2000003c   Section        4  usb_core.o(.data)
    .data                                    0x20000040   Section       57  usbd_enum.o(.data)
    StandardDeviceRequest                    0x20000044   Data          52  usbd_enum.o(.data)
    cfgidx                                   0x20000078   Data           1  usbd_enum.o(.data)
    .data                                    0x2000007c   Section       40  usbd_it.o(.data)
    .data                                    0x200000a4   Section        4  usbd_pwr.o(.data)
    .data                                    0x200000a8   Section       64  usbd_hid_core.o(.data)
    USBD_HID_AltSet                          0x200000a8   Data           4  usbd_hid_core.o(.data)
    USBD_HID_Protocol                        0x200000ac   Data           4  usbd_hid_core.o(.data)
    USBD_HID_IdleState                       0x200000b0   Data           4  usbd_hid_core.o(.data)
    .data                                    0x200000e8   Section       20  system_gd32f10x.o(.data)
    .data                                    0x200000fc   Section       56  gd32103c_eval.o(.data)
    .bss                                     0x20000134   Section      124  app.o(.bss)
    .bss                                     0x200001b0   Section       64  usbd_enum.o(.bss)
    STACK                                    0x200001f0   Section     1024  startup_gd32f10x_hd.o(STACK)

    Global Symbols

    Symbol Name                              Value     Ov Type        Size  Object(Section)

    BuildAttributes$$THM_ISAv4$P$D$K$B$S$PE$A:L22UL41UL21$X:L11$S22US41US21$IEEE1$IW$USESV6$~STKCKD$USESV7$~SHL$OSPACE$EBA8$MICROLIB$REQ8$PRES8$EABIv2 0x00000000   Number         0  anon$$obj.o ABSOLUTE
    __ARM_use_no_argv                        0x00000000   Number         0  app.o ABSOLUTE
    __cpp_initialize__aeabi_                  - Undefined Weak Reference
    __cxa_finalize                            - Undefined Weak Reference
    _clock_init                               - Undefined Weak Reference
    _microlib_exit                            - Undefined Weak Reference
    __Vectors_Size                           0x00000130   Number         0  startup_gd32f10x_hd.o ABSOLUTE
    __Vectors                                0x08000000   Data           4  startup_gd32f10x_hd.o(RESET)
    __Vectors_End                            0x08000130   Data           0  startup_gd32f10x_hd.o(RESET)
    __main                                   0x08000131   Thumb Code     0  entry.o(.ARM.Collect$$$$00000000)
    _main_stk                                0x08000131   Thumb Code     0  entry2.o(.ARM.Collect$$$$00000001)
    _main_scatterload                        0x08000135   Thumb Code     0  entry5.o(.ARM.Collect$$$$00000004)
    __main_after_scatterload                 0x08000139   Thumb Code     0  entry5.o(.ARM.Collect$$$$00000004)
    _main_clock                              0x08000139   Thumb Code     0  entry7b.o(.ARM.Collect$$$$00000008)
    _main_cpp_init                           0x08000139   Thumb Code     0  entry8b.o(.ARM.Collect$$$$0000000A)
    _main_init                               0x08000139   Thumb Code     0  entry9a.o(.ARM.Collect$$$$0000000B)
    __rt_final_cpp                           0x08000141   Thumb Code     0  entry10a.o(.ARM.Collect$$$$0000000D)
    __rt_final_exit                          0x08000141   Thumb Code     0  entry11a.o(.ARM.Collect$$$$0000000F)
    Reset_Handler                            0x08000145   Thumb Code     8  startup_gd32f10x_hd.o(.text)
    MemManage_Handler                        0x08000151   Thumb Code     2  startup_gd32f10x_hd.o(.text)
    BusFault_Handler                         0x08000153   Thumb Code     2  startup_gd32f10x_hd.o(.text)
    UsageFault_Handler                       0x08000155   Thumb Code     2  startup_gd32f10x_hd.o(.text)
    DebugMon_Handler                         0x08000159   Thumb Code     2  startup_gd32f10x_hd.o(.text)
    ADC1_2_IRQHandler                        0x0800015f   Thumb Code     0  startup_gd32f10x_hd.o(.text)
    ADC3_IRQHandler                          0x0800015f   Thumb Code     0  startup_gd32f10x_hd.o(.text)
    CAN1_RX1_IRQHandler                      0x0800015f   Thumb Code     0  startup_gd32f10x_hd.o(.text)
    CAN1_SCE_IRQHandler                      0x0800015f   Thumb Code     0  startup_gd32f10x_hd.o(.text)
    DMA1_Channel1_IRQHandler                 0x0800015f   Thumb Code     0  startup_gd32f10x_hd.o(.text)
    DMA1_Channel2_IRQHandler                 0x0800015f   Thumb Code     0  startup_gd32f10x_hd.o(.text)
    DMA1_Channel3_IRQHandler                 0x0800015f   Thumb Code     0  startup_gd32f10x_hd.o(.text)
    DMA1_Channel4_IRQHandler                 0x0800015f   Thumb Code     0  startup_gd32f10x_hd.o(.text)
    DMA1_Channel5_IRQHandler                 0x0800015f   Thumb Code     0  startup_gd32f10x_hd.o(.text)
    DMA1_Channel6_IRQHandler                 0x0800015f   Thumb Code     0  startup_gd32f10x_hd.o(.text)
    DMA1_Channel7_IRQHandler                 0x0800015f   Thumb Code     0  startup_gd32f10x_hd.o(.text)
    DMA2_Channel1_IRQHandler                 0x0800015f   Thumb Code     0  startup_gd32f10x_hd.o(.text)
    DMA2_Channel2_IRQHandler                 0x0800015f   Thumb Code     0  startup_gd32f10x_hd.o(.text)
    DMA2_Channel3_IRQHandler                 0x0800015f   Thumb Code     0  startup_gd32f10x_hd.o(.text)
    DMA2_Channel4_5_IRQHandler               0x0800015f   Thumb Code     0  startup_gd32f10x_hd.o(.text)
    EXMC_IRQHandler                          0x0800015f   Thumb Code     0  startup_gd32f10x_hd.o(.text)
    EXTI0_IRQHandler                         0x0800015f   Thumb Code     0  startup_gd32f10x_hd.o(.text)
    EXTI1_IRQHandler                         0x0800015f   Thumb Code     0  startup_gd32f10x_hd.o(.text)
    EXTI2_IRQHandler                         0x0800015f   Thumb Code     0  startup_gd32f10x_hd.o(.text)
    EXTI3_IRQHandler                         0x0800015f   Thumb Code     0  startup_gd32f10x_hd.o(.text)
    EXTI4_IRQHandler                         0x0800015f   Thumb Code     0  startup_gd32f10x_hd.o(.text)
    EXTI9_5_IRQHandler                       0x0800015f   Thumb Code     0  startup_gd32f10x_hd.o(.text)
    FMC_IRQHandler                           0x0800015f   Thumb Code     0  startup_gd32f10x_hd.o(.text)
    I2C1_ER_IRQHandler                       0x0800015f   Thumb Code     0  startup_gd32f10x_hd.o(.text)
    I2C1_EV_IRQHandler                       0x0800015f   Thumb Code     0  startup_gd32f10x_hd.o(.text)
    I2C2_ER_IRQHandler                       0x0800015f   Thumb Code     0  startup_gd32f10x_hd.o(.text)
    I2C2_EV_IRQHandler                       0x0800015f   Thumb Code     0  startup_gd32f10x_hd.o(.text)
    LVD_IRQHandler                           0x0800015f   Thumb Code     0  startup_gd32f10x_hd.o(.text)
    RCC_IRQHandler                           0x0800015f   Thumb Code     0  startup_gd32f10x_hd.o(.text)
    RTCAlarm_IRQHandler                      0x0800015f   Thumb Code     0  startup_gd32f10x_hd.o(.text)
    RTC_IRQHandler                           0x0800015f   Thumb Code     0  startup_gd32f10x_hd.o(.text)
    SDIO_IRQHandler                          0x0800015f   Thumb Code     0  startup_gd32f10x_hd.o(.text)
    SPI1_IRQHandler                          0x0800015f   Thumb Code     0  startup_gd32f10x_hd.o(.text)
    SPI2_IRQHandler                          0x0800015f   Thumb Code     0  startup_gd32f10x_hd.o(.text)
    SPI3_IRQHandler                          0x0800015f   Thumb Code     0  startup_gd32f10x_hd.o(.text)
    TAMPER_IRQHandler                        0x0800015f   Thumb Code     0  startup_gd32f10x_hd.o(.text)
    TIMER1_BRK_IRQHandler                    0x0800015f   Thumb Code     0  startup_gd32f10x_hd.o(.text)
    TIMER1_CC_IRQHandler                     0x0800015f   Thumb Code     0  startup_gd32f10x_hd.o(.text)
    TIMER1_TRG_COM_IRQHandler                0x0800015f   Thumb Code     0  startup_gd32f10x_hd.o(.text)
    TIMER1_UP_IRQHandler                     0x0800015f   Thumb Code     0  startup_gd32f10x_hd.o(.text)
    TIMER2_IRQHandler                        0x0800015f   Thumb Code     0  startup_gd32f10x_hd.o(.text)
    TIMER3_IRQHandler                        0x0800015f   Thumb Code     0  startup_gd32f10x_hd.o(.text)
    TIMER4_IRQHandler                        0x0800015f   Thumb Code     0  startup_gd32f10x_hd.o(.text)
    TIMER5_IRQHandler                        0x0800015f   Thumb Code     0  startup_gd32f10x_hd.o(.text)
    TIMER6_IRQHandler                        0x0800015f   Thumb Code     0  startup_gd32f10x_hd.o(.text)
    TIMER7_IRQHandler                        0x0800015f   Thumb Code     0  startup_gd32f10x_hd.o(.text)
    TIMER8_BRK_IRQHandler                    0x0800015f   Thumb Code     0  startup_gd32f10x_hd.o(.text)
    TIMER8_CC_IRQHandler                     0x0800015f   Thumb Code     0  startup_gd32f10x_hd.o(.text)
    TIMER8_TRG_COM_IRQHandler                0x0800015f   Thumb Code     0  startup_gd32f10x_hd.o(.text)
    TIMER8_UP_IRQHandler                     0x0800015f   Thumb Code     0  startup_gd32f10x_hd.o(.text)
    UART4_IRQHandler                         0x0800015f   Thumb Code     0  startup_gd32f10x_hd.o(.text)
    UART5_IRQHandler                         0x0800015f   Thumb Code     0  startup_gd32f10x_hd.o(.text)
    USART1_IRQHandler                        0x0800015f   Thumb Code     0  startup_gd32f10x_hd.o(.text)
    USART2_IRQHandler                        0x0800015f   Thumb Code     0  startup_gd32f10x_hd.o(.text)
    USART3_IRQHandler                        0x0800015f   Thumb Code     0  startup_gd32f10x_hd.o(.text)
    USB_HP_CAN1_TX_IRQHandler                0x0800015f   Thumb Code     0  startup_gd32f10x_hd.o(.text)
    WWDG_IRQHandler                          0x0800015f   Thumb Code     0  startup_gd32f10x_hd.o(.text)
    __scatterload                            0x08000169   Thumb Code    28  init.o(.text)
    __scatterload_rt2                        0x08000169   Thumb Code     0  init.o(.text)
    __decompress                             0x0800018d   Thumb Code     0  __dczerorl2.o(.text)
    __decompress1                            0x0800018d   Thumb Code    86  __dczerorl2.o(.text)
    BufferCopyToUser                         0x080001e5   Thumb Code    34  usb_buf.o(i.BufferCopyToUser)
    DR_Init                                  0x0800020d   Thumb Code    40  usb_core.o(i.DR_Init)
    EXTI15_10_IRQHandler                     0x0800023d   Thumb Code    46  gd32_it.o(i.EXTI15_10_IRQHandler)
    EXTI_ClearIntBitState                    0x08000271   Thumb Code     6  gd32f10x_exti.o(i.EXTI_ClearIntBitState)
    EXTI_GetIntBitState                      0x0800027d   Thumb Code    28  gd32f10x_exti.o(i.EXTI_GetIntBitState)
    EXTI_Init                                0x0800029d   Thumb Code   142  gd32f10x_exti.o(i.EXTI_Init)
    FreeUserBuffer                           0x08000331   Thumb Code    72  usb_buf.o(i.FreeUserBuffer)
    GD_EVAL_KeyGetState                      0x0800037d   Thumb Code    22  gd32103c_eval.o(i.GD_EVAL_KeyGetState)
    GD_EVAL_KeyInit                          0x0800039d   Thumb Code   148  gd32103c_eval.o(i.GD_EVAL_KeyInit)
    GPIO_EXTILineConfig                      0x0800044d   Thumb Code   146  gd32f10x_gpio.o(i.GPIO_EXTILineConfig)
    GPIO_Init                                0x080004e5   Thumb Code   278  gd32f10x_gpio.o(i.GPIO_Init)
    GPIO_ReadInputBit                        0x080005fb   Thumb Code    18  gd32f10x_gpio.o(i.GPIO_ReadInputBit)
    GPIO_ResetBits                           0x0800060d   Thumb Code     4  gd32f10x_gpio.o(i.GPIO_ResetBits)
    GPIO_SetBits                             0x08000611   Thumb Code     4  gd32f10x_gpio.o(i.GPIO_SetBits)
    Get_SerialString                         0x08000615   Thumb Code    24  usbd_desc.o(i.Get_SerialString)
    HardFault_Handler                        0x08000635   Thumb Code     4  gd32_it.o(i.HardFault_Handler)
    MouseState                               0x0800067b   Thumb Code    42  gd32_it.o(i.MouseState)
    NMI_Handler                              0x080006a5   Thumb Code     2  gd32_it.o(i.NMI_Handler)
    NVIC_Init                                0x080006a9   Thumb Code   192  gd32f10x_misc.o(i.NVIC_Init)
    NVIC_PRIGroup_Enable                     0x08000775   Thumb Code    10  gd32f10x_misc.o(i.NVIC_PRIGroup_Enable)
    NVIC_SystemLowPowerConfig                0x08000789   Thumb Code    26  gd32f10x_misc.o(i.NVIC_SystemLowPowerConfig)
    PWR_DEEPSLEEPMode_Entry                  0x080007a9   Thumb Code    58  gd32f10x_pwr.o(i.PWR_DEEPSLEEPMode_Entry)
    PendSV_Handler                           0x080007ed   Thumb Code     2  gd32_it.o(i.PendSV_Handler)
    RCC_APB1PeriphClock_Enable               0x080007f1   Thumb Code    26  gd32f10x_rcc.o(i.RCC_APB1PeriphClock_Enable)
    RCC_APB2PeriphClock_Enable               0x08000811   Thumb Code    26  gd32f10x_rcc.o(i.RCC_APB2PeriphClock_Enable)
    RCC_CK_SYSConfig                         0x08000831   Thumb Code    18  gd32f10x_rcc.o(i.RCC_CK_SYSConfig)
    RCC_GetBitState                          0x08000849   Thumb Code    52  gd32f10x_rcc.o(i.RCC_GetBitState)
    RCC_GetCK_SYSSource                      0x08000881   Thumb Code    10  gd32f10x_rcc.o(i.RCC_GetCK_SYSSource)
    RCC_HSEConfig                            0x08000891   Thumb Code    22  gd32f10x_rcc.o(i.RCC_HSEConfig)
    RCC_PLL_Enable                           0x080008ad   Thumb Code    30  gd32f10x_rcc.o(i.RCC_PLL_Enable)
    RCC_USBCLKConfig                         0x080008d1   Thumb Code    22  gd32f10x_rcc.o(i.RCC_USBCLKConfig)
    SVC_Handler                              0x08000915   Thumb Code     2  gd32_it.o(i.SVC_Handler)
    SysTick_Handler                          0x080009e5   Thumb Code    28  gd32_it.o(i.SysTick_Handler)
    SystemInit                               0x08000a05   Thumb Code    72  system_gd32f10x.o(i.SystemInit)
    USBD_ClrCfg                              0x08000b25   Thumb Code    20  usbd_core.o(i.USBD_ClrCfg)
    USBD_Connect                             0x08000b39   Thumb Code    16  usbd_core.o(i.USBD_Connect)
    USBD_DataInStage                         0x08000b49   Thumb Code   194  usbd_core.o(i.USBD_DataInStage)
    USBD_DataOutStage                        0x08000c11   Thumb Code   132  usbd_core.o(i.USBD_DataOutStage)
    USBD_DeInit                              0x08000c99   Thumb Code     6  usbd_core.o(i.USBD_DeInit)
    USBD_DevClsReq                           0x08000c9f   Thumb Code    70  usbd_enum.o(i.USBD_DevClsReq)
    USBD_EnumError                           0x08000ce5   Thumb Code    16  usbd_enum.o(i.USBD_EnumError)
    USBD_GetUnicodeString                    0x08000f8d   Thumb Code    56  usbd_enum.o(i.USBD_GetUnicodeString)
    USBD_HID_SendReport                      0x080010f3   Thumb Code    30  usbd_hid_core.o(i.USBD_HID_SendReport)
    USBD_Init                                0x08001121   Thumb Code    50  usbd_core.o(i.USBD_Init)
    USBD_ParseSetupRequest                   0x08001191   Thumb Code    44  usbd_enum.o(i.USBD_ParseSetupRequest)
    USBD_Resume                              0x080011c1   Thumb Code   150  usbd_pwr.o(i.USBD_Resume)
    USBD_SetCfg                              0x080012b9   Thumb Code    26  usbd_core.o(i.USBD_SetCfg)
    USBD_SetupStage                          0x0800147d   Thumb Code    78  usbd_core.o(i.USBD_SetupStage)
    USBD_StdReq                              0x080014cd   Thumb Code    24  usbd_enum.o(i.USBD_StdReq)
    USBD_Suspend                             0x080014e9   Thumb Code    62  usbd_pwr.o(i.USBD_Suspend)
    USBD_USER_ConfigStrDesc                  0x08001531   Thumb Code    20  usbd_desc.o(i.USBD_USER_ConfigStrDesc)
    USBD_USER_DevDesc                        0x0800155d   Thumb Code    10  usbd_desc.o(i.USBD_USER_DevDesc)
    USBD_USER_DeviceConfigured               0x0800156d   Thumb Code     2  usbd_user.o(i.USBD_USER_DeviceConfigured)
    USBD_USER_DeviceInit                     0x08001571   Thumb Code    80  usbd_user.o(i.USBD_USER_DeviceInit)
    USBD_USER_DeviceReset                    0x080015cd   Thumb Code     2  usbd_user.o(i.USBD_USER_DeviceReset)
    USBD_USER_DeviceResumed                  0x080015cf   Thumb Code     2  usbd_user.o(i.USBD_USER_DeviceResumed)
    USBD_USER_DeviceSuspended                0x080015d1   Thumb Code     2  usbd_user.o(i.USBD_USER_DeviceSuspended)
    USBD_USER_ItfStrDesc                     0x080015d5   Thumb Code    20  usbd_desc.o(i.USBD_USER_ItfStrDesc)
    USBD_USER_LANGIDStrDesc                  0x08001601   Thumb Code    10  usbd_desc.o(i.USBD_USER_LANGIDStrDesc)
    USBD_USER_MFCStrDesc                     0x08001611   Thumb Code    20  usbd_desc.o(i.USBD_USER_MFCStrDesc)
    USBD_USER_ProdStrDesc                    0x08001641   Thumb Code    20  usbd_desc.o(i.USBD_USER_ProdStrDesc)
    USBD_USER_SerialStrDesc                  0x08001675   Thumb Code    10  usbd_desc.o(i.USBD_USER_SerialStrDesc)
    USBD_VdrDefReq                           0x08001685   Thumb Code     6  usbd_enum.o(i.USBD_VdrDefReq)
    USBWakeUp_IRQHandler                     0x08001ae1   Thumb Code    12  gd32_it.o(i.USBWakeUp_IRQHandler)
    USB_Cable_Config                         0x08001aed   Thumb Code    30  usb_hwp.o(i.USB_Cable_Config)
    USB_CtlContinueRx                        0x08001b11   Thumb Code    24  usb_core.o(i.USB_CtlContinueRx)
    USB_CtlContinueTx                        0x08001b29   Thumb Code    24  usb_core.o(i.USB_CtlContinueTx)
    USB_CtlReceiveStatus                     0x08001b41   Thumb Code    42  usb_core.o(i.USB_CtlReceiveStatus)
    USB_CtlTransmitStatus                    0x08001b71   Thumb Code    24  usb_core.o(i.USB_CtlTransmitStatus)
    USB_CtlTx                                0x08001b89   Thumb Code    28  usb_core.o(i.USB_CtlTx)
    USB_EP_BufConfig                         0x08001ba5   Thumb Code   144  usb_core.o(i.USB_EP_BufConfig)
    USB_EP_ClrStall                          0x08001c41   Thumb Code   198  usb_core.o(i.USB_EP_ClrStall)
    USB_EP_DeInit                            0x08001d0d   Thumb Code   402  usb_core.o(i.USB_EP_DeInit)
    USB_EP_Init                              0x08001ea5   Thumb Code   722  usb_core.o(i.USB_EP_Init)
    USB_EP_Rx                                0x08002185   Thumb Code   412  usb_core.o(i.USB_EP_Rx)
    USB_EP_SetAddress                        0x0800232d   Thumb Code    54  usb_core.o(i.USB_EP_SetAddress)
    USB_EP_Stall                             0x0800236d   Thumb Code   150  usb_core.o(i.USB_EP_Stall)
    USB_EP_Tx                                0x08002409   Thumb Code   224  usb_core.o(i.USB_EP_Tx)
    USB_HWP_ClockConfig                      0x080024f5   Thumb Code    18  usb_hwp.o(i.USB_HWP_ClockConfig)
    USB_HWP_Init                             0x08002509   Thumb Code   118  usb_hwp.o(i.USB_HWP_Init)
    USB_HWP_USBINTConfig                     0x08002585   Thumb Code    70  usb_hwp.o(i.USB_HWP_USBINTConfig)
    USB_Ifr                                  0x080025cd   Thumb Code   282  usb_int.o(i.USB_Ifr)
    USB_LP_CAN1_RX0_IRQHandler               0x080026f9   Thumb Code     8  gd32_it.o(i.USB_LP_CAN1_RX0_IRQHandler)
    UserCopyToBuffer                         0x08002701   Thumb Code    44  usb_buf.o(i.UserCopyToBuffer)
    __scatterload_copy                       0x08002731   Thumb Code    14  handlers.o(i.__scatterload_copy)
    __scatterload_null                       0x0800273f   Thumb Code     2  handlers.o(i.__scatterload_null)
    __scatterload_zeroinit                   0x08002741   Thumb Code    14  handlers.o(i.__scatterload_zeroinit)
    main                                     0x08002751   Thumb Code    34  app.o(i.main)
    USBD_DeviceDesc                          0x08002784   Data          18  usbd_desc.o(.constdata)
    USBD_LANGIDDesc                          0x08002796   Data           4  usbd_desc.o(.constdata)
    USBD_HID_CfgDesc                         0x0800279a   Data          34  usbd_hid_core.o(.constdata)
    HID_ReportDesc                           0x080027bc   Data          21  usbd_hid_core.o(.constdata)
    GPIO_PIN                                 0x080027d4   Data           8  gd32103c_eval.o(.constdata)
    GPIO_CLK                                 0x080027dc   Data          16  gd32103c_eval.o(.constdata)
    KEY_PIN                                  0x080027ec   Data           8  gd32103c_eval.o(.constdata)
    KEY_CLK                                  0x080027f4   Data          16  gd32103c_eval.o(.constdata)
    KEY_EXTI_LINE                            0x08002804   Data           8  gd32103c_eval.o(.constdata)
    KEY_PORT_SOURCE                          0x0800280c   Data           8  gd32103c_eval.o(.constdata)
    KEY_PIN_SOURCE                           0x08002814   Data           8  gd32103c_eval.o(.constdata)
    KEY_IRQn                                 0x0800281c   Data           8  gd32103c_eval.o(.constdata)
    COM_USART_CLK                            0x08002824   Data           8  gd32103c_eval.o(.constdata)
    COM_TX_PORT_CLK                          0x0800282c   Data           8  gd32103c_eval.o(.constdata)
    COM_RX_PORT_CLK                          0x08002834   Data           8  gd32103c_eval.o(.constdata)
    COM_TX_PIN                               0x0800283c   Data           4  gd32103c_eval.o(.constdata)
    COM_RX_PIN                               0x08002840   Data           4  gd32103c_eval.o(.constdata)
    COM_IRQn                                 0x08002844   Data           4  gd32103c_eval.o(.constdata)
    Region$$Table$$Base                      0x08002848   Number         0  anon$$obj.o(Region$$Table)
    Region$$Table$$Limit                     0x08002868   Number         0  anon$$obj.o(Region$$Table)
    USER_desc                                0x20000000   Data          28  usbd_desc.o(.data)
    USBD_SerialString                        0x2000001c   Data           6  usbd_desc.o(.data)
    USER_cb                                  0x20000024   Data          20  usbd_user.o(.data)
    InterruptMask                            0x2000003c   Data           4  usb_core.o(.data)
    gAddress                                 0x20000040   Data           1  usbd_enum.o(.data)
    USB_INTHandler                           0x2000007c   Data          36  usbd_it.o(.data)
    USB_INT_fops                             0x200000a0   Data           4  usbd_it.o(.data)
    State                                    0x200000a4   Data           1  usbd_pwr.o(.data)
    ESOFcount                                0x200000a5   Data           1  usbd_pwr.o(.data)
    SuspendEnabled                           0x200000a6   Data           1  usbd_pwr.o(.data)
    RemoteWakeupOn                           0x200000a7   Data           1  usbd_pwr.o(.data)
    USBD_HID_cb                              0x200000b4   Data          52  usbd_hid_core.o(.data)
    SystemCoreClock                          0x200000e8   Data           4  system_gd32f10x.o(.data)
    AHBPrescTableList                        0x200000ec   Data          16  system_gd32f10x.o(.data)
    GPIO_PORT                                0x200000fc   Data          16  gd32103c_eval.o(.data)
    KEY_PORT                                 0x2000010c   Data          16  gd32103c_eval.o(.data)
    COM_USART                                0x2000011c   Data           8  gd32103c_eval.o(.data)
    COM_TX_PORT                              0x20000124   Data           8  gd32103c_eval.o(.data)
    COM_RX_PORT                              0x2000012c   Data           8  gd32103c_eval.o(.data)
    USB_Device_dev                           0x20000134   Data         124  app.o(.bss)
    USBD_StrDesc                             0x200001b0   Data          64  usbd_enum.o(.bss)
    __initial_sp                             0x200005f0   Data           0  startup_gd32f10x_hd.o(STACK)



==============================================================================

Memory Map of the image

  Image Entry point : 0x08000131

  Load Region LR_IROM1 (Base: 0x08000000, Size: 0x0000299c, Max: 0x00080000, ABSOLUTE, COMPRESSED[0x00002924])

    Execution Region ER_IROM1 (Base: 0x08000000, Size: 0x00002868, Max: 0x00080000, ABSOLUTE)

    Base Addr    Size         Type   Attr      Idx    E Section Name        Object

    0x08000000   0x00000130   Data   RO         1046    RESET               startup_gd32f10x_hd.o
    0x08000130   0x00000000   Code   RO         2302  * .ARM.Collect$$$$00000000  mc_w.l(entry.o)
    0x08000130   0x00000004   Code   RO         2305    .ARM.Collect$$$$00000001  mc_w.l(entry2.o)
    0x08000134   0x00000004   Code   RO         2308    .ARM.Collect$$$$00000004  mc_w.l(entry5.o)
    0x08000138   0x00000000   Code   RO         2310    .ARM.Collect$$$$00000008  mc_w.l(entry7b.o)
    0x08000138   0x00000000   Code   RO         2312    .ARM.Collect$$$$0000000A  mc_w.l(entry8b.o)
    0x08000138   0x00000008   Code   RO         2313    .ARM.Collect$$$$0000000B  mc_w.l(entry9a.o)
    0x08000140   0x00000000   Code   RO         2315    .ARM.Collect$$$$0000000D  mc_w.l(entry10a.o)
    0x08000140   0x00000000   Code   RO         2317    .ARM.Collect$$$$0000000F  mc_w.l(entry11a.o)
    0x08000140   0x00000004   Code   RO         2306    .ARM.Collect$$$$00002712  mc_w.l(entry2.o)
    0x08000144   0x00000024   Code   RO         1047    .text               startup_gd32f10x_hd.o
    0x08000168   0x00000024   Code   RO         2319    .text               mc_w.l(init.o)
    0x0800018c   0x00000056   Code   RO         2329    .text               mc_w.l(__dczerorl2.o)
    0x080001e2   0x00000002   PAD
    0x080001e4   0x00000028   Code   RO          440    i.BufferCopyToUser  usb_buf.o
    0x0800020c   0x00000030   Code   RO          476    i.DR_Init           usb_core.o
    0x0800023c   0x00000034   Code   RO          359    i.EXTI15_10_IRQHandler  gd32_it.o
    0x08000270   0x0000000c   Code   RO         1139    i.EXTI_ClearIntBitState  gd32f10x_exti.o
    0x0800027c   0x00000020   Code   RO         1142    i.EXTI_GetIntBitState  gd32f10x_exti.o
    0x0800029c   0x00000094   Code   RO         1143    i.EXTI_Init         gd32f10x_exti.o
    0x08000330   0x0000004c   Code   RO          441    i.FreeUserBuffer    usb_buf.o
    0x0800037c   0x00000020   Code   RO         2197    i.GD_EVAL_KeyGetState  gd32103c_eval.o
    0x0800039c   0x000000b0   Code   RO         2198    i.GD_EVAL_KeyInit   gd32103c_eval.o
    0x0800044c   0x00000098   Code   RO         1201    i.GPIO_EXTILineConfig  gd32f10x_gpio.o
    0x080004e4   0x00000116   Code   RO         1204    i.GPIO_Init         gd32f10x_gpio.o
    0x080005fa   0x00000012   Code   RO         1208    i.GPIO_ReadInputBit  gd32f10x_gpio.o
    0x0800060c   0x00000004   Code   RO         1212    i.GPIO_ResetBits    gd32f10x_gpio.o
    0x08000610   0x00000004   Code   RO         1213    i.GPIO_SetBits      gd32f10x_gpio.o
    0x08000614   0x00000020   Code   RO          181    i.Get_SerialString  usbd_desc.o
    0x08000634   0x00000004   Code   RO          360    i.HardFault_Handler  gd32_it.o
    0x08000638   0x00000042   Code   RO          892    i.LeaveLowPowerMode  usbd_pwr.o
    0x0800067a   0x0000002a   Code   RO          361    i.MouseState        gd32_it.o
    0x080006a4   0x00000002   Code   RO          362    i.NMI_Handler       gd32_it.o
    0x080006a6   0x00000002   PAD
    0x080006a8   0x000000cc   Code   RO         1324    i.NVIC_Init         gd32f10x_misc.o
    0x08000774   0x00000014   Code   RO         1325    i.NVIC_PRIGroup_Enable  gd32f10x_misc.o
    0x08000788   0x00000020   Code   RO         1326    i.NVIC_SystemLowPowerConfig  gd32f10x_misc.o
    0x080007a8   0x00000044   Code   RO         1374    i.PWR_DEEPSLEEPMode_Entry  gd32f10x_pwr.o
    0x080007ec   0x00000002   Code   RO          363    i.PendSV_Handler    gd32_it.o
    0x080007ee   0x00000002   PAD
    0x080007f0   0x00000020   Code   RO         1448    i.RCC_APB1PeriphClock_Enable  gd32f10x_rcc.o
    0x08000810   0x00000020   Code   RO         1451    i.RCC_APB2PeriphClock_Enable  gd32f10x_rcc.o
    0x08000830   0x00000018   Code   RO         1456    i.RCC_CK_SYSConfig  gd32f10x_rcc.o
    0x08000848   0x00000038   Code   RO         1460    i.RCC_GetBitState   gd32f10x_rcc.o
    0x08000880   0x00000010   Code   RO         1461    i.RCC_GetCK_SYSSource  gd32f10x_rcc.o
    0x08000890   0x0000001c   Code   RO         1465    i.RCC_HSEConfig     gd32f10x_rcc.o
    0x080008ac   0x00000024   Code   RO         1472    i.RCC_PLL_Enable    gd32f10x_rcc.o
    0x080008d0   0x0000001c   Code   RO         1475    i.RCC_USBCLKConfig  gd32f10x_rcc.o
    0x080008ec   0x00000028   Code   RO          893    i.ResumeMCU         usbd_pwr.o
    0x08000914   0x00000002   Code   RO          364    i.SVC_Handler       gd32_it.o
    0x08000916   0x00000008   Code   RO         1001    i.SetSysClock       system_gd32f10x.o
    0x0800091e   0x00000002   PAD
    0x08000920   0x000000c4   Code   RO         1002    i.SetSysClockTo72   system_gd32f10x.o
    0x080009e4   0x00000020   Code   RO          365    i.SysTick_Handler   gd32_it.o
    0x08000a04   0x00000058   Code   RO         1004    i.SystemInit        system_gd32f10x.o
    0x08000a5c   0x000000c8   Code   RO          703    i.USBD_ClearFeature  usbd_enum.o
    0x08000b24   0x00000014   Code   RO          630    i.USBD_ClrCfg       usbd_core.o
    0x08000b38   0x00000010   Code   RO          631    i.USBD_Connect      usbd_core.o
    0x08000b48   0x000000c8   Code   RO          632    i.USBD_DataInStage  usbd_core.o
    0x08000c10   0x00000088   Code   RO          633    i.USBD_DataOutStage  usbd_core.o
    0x08000c98   0x00000006   Code   RO          634    i.USBD_DeInit       usbd_core.o
    0x08000c9e   0x00000046   Code   RO          704    i.USBD_DevClsReq    usbd_enum.o
    0x08000ce4   0x00000010   Code   RO          705    i.USBD_EnumError    usbd_enum.o
    0x08000cf4   0x00000044   Code   RO          706    i.USBD_GetConfiguration  usbd_enum.o
    0x08000d38   0x00000122   Code   RO          707    i.USBD_GetDescriptor  usbd_enum.o
    0x08000e5a   0x0000003e   Code   RO          708    i.USBD_GetInterface  usbd_enum.o
    0x08000e98   0x000000f4   Code   RO          709    i.USBD_GetStatus    usbd_enum.o
    0x08000f8c   0x00000038   Code   RO          710    i.USBD_GetUnicodeString  usbd_enum.o
    0x08000fc4   0x00000064   Code   RO          935    i.USBD_HID_ClassReqHandle  usbd_hid_core.o
    0x08001028   0x0000001a   Code   RO          936    i.USBD_HID_DeInit   usbd_hid_core.o
    0x08001042   0x00000002   PAD
    0x08001044   0x00000010   Code   RO          937    i.USBD_HID_GetCfgDesc  usbd_hid_core.o
    0x08001054   0x00000058   Code   RO          938    i.USBD_HID_GetClassDescriptor  usbd_hid_core.o
    0x080010ac   0x00000018   Code   RO          939    i.USBD_HID_GetInterface  usbd_hid_core.o
    0x080010c4   0x0000002e   Code   RO          940    i.USBD_HID_Init     usbd_hid_core.o
    0x080010f2   0x0000001e   Code   RO          941    i.USBD_HID_SendReport  usbd_hid_core.o
    0x08001110   0x00000010   Code   RO          942    i.USBD_HID_SetInterface  usbd_hid_core.o
    0x08001120   0x00000032   Code   RO          636    i.USBD_Init         usbd_core.o
    0x08001152   0x00000002   PAD
    0x08001154   0x0000003c   Code   RO          366    i.USBD_MOUSE_GetPos  gd32_it.o
    0x08001190   0x0000002c   Code   RO          711    i.USBD_ParseSetupRequest  usbd_enum.o
    0x080011bc   0x00000002   Code   RO          712    i.USBD_Reserved     usbd_enum.o
    0x080011be   0x00000002   PAD
    0x080011c0   0x000000a8   Code   RO          894    i.USBD_Resume       usbd_pwr.o
    0x08001268   0x00000050   Code   RO          713    i.USBD_SetAddress   usbd_enum.o
    0x080012b8   0x0000001a   Code   RO          637    i.USBD_SetCfg       usbd_core.o
    0x080012d2   0x00000002   PAD
    0x080012d4   0x000000b4   Code   RO          714    i.USBD_SetConfiguration  usbd_enum.o
    0x08001388   0x00000002   Code   RO          715    i.USBD_SetDescriptor  usbd_enum.o
    0x0800138a   0x000000b4   Code   RO          716    i.USBD_SetFeature   usbd_enum.o
    0x0800143e   0x0000003e   Code   RO          717    i.USBD_SetInterface  usbd_enum.o
    0x0800147c   0x0000004e   Code   RO          638    i.USBD_SetupStage   usbd_core.o
    0x080014ca   0x00000002   PAD
    0x080014cc   0x0000001c   Code   RO          718    i.USBD_StdReq       usbd_enum.o
    0x080014e8   0x00000044   Code   RO          895    i.USBD_Suspend      usbd_pwr.o
    0x0800152c   0x00000002   Code   RO          719    i.USBD_SynchFrame   usbd_enum.o
    0x0800152e   0x00000002   PAD
    0x08001530   0x0000002c   Code   RO          182    i.USBD_USER_ConfigStrDesc  usbd_desc.o
    0x0800155c   0x00000010   Code   RO          183    i.USBD_USER_DevDesc  usbd_desc.o
    0x0800156c   0x00000002   Code   RO          259    i.USBD_USER_DeviceConfigured  usbd_user.o
    0x0800156e   0x00000002   PAD
    0x08001570   0x0000005c   Code   RO          260    i.USBD_USER_DeviceInit  usbd_user.o
    0x080015cc   0x00000002   Code   RO          261    i.USBD_USER_DeviceReset  usbd_user.o
    0x080015ce   0x00000002   Code   RO          262    i.USBD_USER_DeviceResumed  usbd_user.o
    0x080015d0   0x00000002   Code   RO          263    i.USBD_USER_DeviceSuspended  usbd_user.o
    0x080015d2   0x00000002   PAD
    0x080015d4   0x0000002c   Code   RO          184    i.USBD_USER_ItfStrDesc  usbd_desc.o
    0x08001600   0x00000010   Code   RO          185    i.USBD_USER_LANGIDStrDesc  usbd_desc.o
    0x08001610   0x00000030   Code   RO          186    i.USBD_USER_MFCStrDesc  usbd_desc.o
    0x08001640   0x00000034   Code   RO          187    i.USBD_USER_ProdStrDesc  usbd_desc.o
    0x08001674   0x00000010   Code   RO          188    i.USBD_USER_SerialStrDesc  usbd_desc.o
    0x08001684   0x00000006   Code   RO          720    i.USBD_VdrDefReq    usbd_enum.o
    0x0800168a   0x0000000e   Code   RO          825    i.USBINT_ESOF       usbd_it.o
    0x08001698   0x00000006   Code   RO          826    i.USBINT_Error      usbd_it.o
    0x0800169e   0x00000002   PAD
    0x080016a0   0x0000022c   Code   RO          827    i.USBINT_HPST       usbd_it.o
    0x080018cc   0x00000168   Code   RO          828    i.USBINT_LPST       usbd_it.o
    0x08001a34   0x00000006   Code   RO          829    i.USBINT_PMOU       usbd_it.o
    0x08001a3a   0x0000004c   Code   RO          830    i.USBINT_Reset      usbd_it.o
    0x08001a86   0x00000016   Code   RO          831    i.USBINT_SOF        usbd_it.o
    0x08001a9c   0x0000002c   Code   RO          832    i.USBINT_Suspend    usbd_it.o
    0x08001ac8   0x00000018   Code   RO          833    i.USBINT_WakeUp     usbd_it.o
    0x08001ae0   0x0000000c   Code   RO          367    i.USBWakeUp_IRQHandler  gd32_it.o
    0x08001aec   0x00000024   Code   RO          317    i.USB_Cable_Config  usb_hwp.o
    0x08001b10   0x00000018   Code   RO          478    i.USB_CtlContinueRx  usb_core.o
    0x08001b28   0x00000018   Code   RO          479    i.USB_CtlContinueTx  usb_core.o
    0x08001b40   0x00000030   Code   RO          480    i.USB_CtlReceiveStatus  usb_core.o
    0x08001b70   0x00000018   Code   RO          482    i.USB_CtlTransmitStatus  usb_core.o
    0x08001b88   0x0000001c   Code   RO          483    i.USB_CtlTx         usb_core.o
    0x08001ba4   0x0000009c   Code   RO          484    i.USB_EP_BufConfig  usb_core.o
    0x08001c40   0x000000cc   Code   RO          485    i.USB_EP_ClrStall   usb_core.o
    0x08001d0c   0x00000198   Code   RO          486    i.USB_EP_DeInit     usb_core.o
    0x08001ea4   0x000002e0   Code   RO          488    i.USB_EP_Init       usb_core.o
    0x08002184   0x000001a8   Code   RO          489    i.USB_EP_Rx         usb_core.o
    0x0800232c   0x00000040   Code   RO          490    i.USB_EP_SetAddress  usb_core.o
    0x0800236c   0x0000009c   Code   RO          491    i.USB_EP_Stall      usb_core.o
    0x08002408   0x000000ec   Code   RO          492    i.USB_EP_Tx         usb_core.o
    0x080024f4   0x00000012   Code   RO          318    i.USB_HWP_ClockConfig  usb_hwp.o
    0x08002506   0x00000002   PAD
    0x08002508   0x0000007c   Code   RO          319    i.USB_HWP_Init      usb_hwp.o
    0x08002584   0x00000046   Code   RO          320    i.USB_HWP_USBINTConfig  usb_hwp.o
    0x080025ca   0x00000002   PAD
    0x080025cc   0x0000012c   Code   RO          605    i.USB_Ifr           usb_int.o
    0x080026f8   0x00000008   Code   RO          368    i.USB_LP_CAN1_RX0_IRQHandler  gd32_it.o
    0x08002700   0x00000030   Code   RO          442    i.UserCopyToBuffer  usb_buf.o
    0x08002730   0x0000000e   Code   RO         2323    i.__scatterload_copy  mc_w.l(handlers.o)
    0x0800273e   0x00000002   Code   RO         2324    i.__scatterload_null  mc_w.l(handlers.o)
    0x08002740   0x0000000e   Code   RO         2325    i.__scatterload_zeroinit  mc_w.l(handlers.o)
    0x0800274e   0x00000002   PAD
    0x08002750   0x00000034   Code   RO            4    i.main              app.o
    0x08002784   0x00000016   Data   RO          189    .constdata          usbd_desc.o
    0x0800279a   0x00000037   Data   RO          943    .constdata          usbd_hid_core.o
    0x080027d1   0x00000003   PAD
    0x080027d4   0x00000074   Data   RO         2210    .constdata          gd32103c_eval.o
    0x08002848   0x00000020   Data   RO         2321    Region$$Table       anon$$obj.o


    Execution Region RW_IRAM1 (Base: 0x20000000, Size: 0x000005f0, Max: 0x00010000, ABSOLUTE, COMPRESSED[0x000000bc])

    Base Addr    Size         Type   Attr      Idx    E Section Name        Object

    0x20000000   0x00000022   Data   RW          190    .data               usbd_desc.o
    0x20000022   0x00000002   PAD
    0x20000024   0x00000014   Data   RW          264    .data               usbd_user.o
    0x20000038   0x00000002   Data   RW          369    .data               gd32_it.o
    0x2000003a   0x00000002   PAD
    0x2000003c   0x00000004   Data   RW          494    .data               usb_core.o
    0x20000040   0x00000039   Data   RW          722    .data               usbd_enum.o
    0x20000079   0x00000003   PAD
    0x2000007c   0x00000028   Data   RW          834    .data               usbd_it.o
    0x200000a4   0x00000004   Data   RW          896    .data               usbd_pwr.o
    0x200000a8   0x00000040   Data   RW          944    .data               usbd_hid_core.o
    0x200000e8   0x00000014   Data   RW         1005    .data               system_gd32f10x.o
    0x200000fc   0x00000038   Data   RW         2211    .data               gd32103c_eval.o
    0x20000134   0x0000007c   Zero   RW            5    .bss                app.o
    0x200001b0   0x00000040   Zero   RW          721    .bss                usbd_enum.o
    0x200001f0   0x00000400   Zero   RW         1044    STACK               startup_gd32f10x_hd.o


==============================================================================

Image component sizes


      Code (inc. data)   RO Data    RW Data    ZI Data      Debug   Object Name

        52         18          0          0        124     258988   app.o
       208         38        116         56          0       6840   gd32103c_eval.o
       216         14          0          2          0       4999   gd32_it.o
       192         16          0          0          0       2542   gd32f10x_exti.o
       456          6          0          0          0       4710   gd32f10x_gpio.o
       256         28          0          0          0       2495   gd32f10x_misc.o
        68         10          0          0          0        702   gd32f10x_pwr.o
       252         46          0          0          0       4885   gd32f10x_rcc.o
        36          8        304          0       1024        844   startup_gd32f10x_hd.o
       292         26          0         20          0       3117   system_gd32f10x.o
       164         14          0          0          0       2495   usb_buf.o
      2580         92          0          4          0      12155   usb_core.o
       248         12          0          0          0       2083   usb_hwp.o
       300         18          0          0          0       1175   usb_int.o
       532         10          0          0          0       5873   usbd_core.o
       268        134         22         34          0       6118   usbd_desc.o
      1592         30          0         57         64      12938   usbd_enum.o
       346         42         55         64          0       6352   usbd_hid_core.o
      1108         36          0         40          0       6879   usbd_it.o
       342         34          0          4          0       3141   usbd_pwr.o
       100         12          0         20          0      24843   usbd_user.o

    ----------------------------------------------------------------------
      9636        644        532        308       1212     374174   Object Totals
         0          0         32          0          0          0   (incl. Generated)
        28          0          3          7          0          0   (incl. Padding)

    ----------------------------------------------------------------------

      Code (inc. data)   RO Data    RW Data    ZI Data      Debug   Library Member Name

        86          0          0          0          0          0   __dczerorl2.o
         0          0          0          0          0          0   entry.o
         0          0          0          0          0          0   entry10a.o
         0          0          0          0          0          0   entry11a.o
         8          4          0          0          0          0   entry2.o
         4          0          0          0          0          0   entry5.o
         0          0          0          0          0          0   entry7b.o
         0          0          0          0          0          0   entry8b.o
         8          4          0          0          0          0   entry9a.o
        30          0          0          0          0          0   handlers.o
        36          8          0          0          0         68   init.o

    ----------------------------------------------------------------------
       176         16          0          0          0         68   Library Totals
         4          0          0          0          0          0   (incl. Padding)

    ----------------------------------------------------------------------

      Code (inc. data)   RO Data    RW Data    ZI Data      Debug   Library Name

       172         16          0          0          0         68   mc_w.l

    ----------------------------------------------------------------------
       176         16          0          0          0         68   Library Totals

    ----------------------------------------------------------------------

==============================================================================


      Code (inc. data)   RO Data    RW Data    ZI Data      Debug   

      9812        660        532        308       1212     368598   Grand Totals
      9812        660        532        188       1212     368598   ELF Image Totals (compressed)
      9812        660        532        188          0          0   ROM Totals

==============================================================================

    Total RO  Size (Code + RO Data)                10344 (  10.10kB)
    Total RW  Size (RW Data + ZI Data)              1520 (   1.48kB)
    Total ROM Size (Code + RO Data + RW Data)      10532 (  10.29kB)

==============================================================================

