<!doctype html public "-//w3c//dtd html 4.0 transitional//en">
<html><head>
<title>Static Call Graph - [.\GD32F103C-OBJ\MSC.axf]</title></head>
<body><HR>
<H1>Static Call Graph for image .\GD32F103C-OBJ\MSC.axf</H1><HR>
<BR><P>#&#060CALLGRAPH&#062# ARM Linker, 5050106: Last Updated: Tue Mar 08 22:42:02 2016
<BR><P>
<H3>Maximum Stack Usage =        172 bytes + Unknown(Functions without stacksize, Cycles, Untraceable Function Pointers)</H3><H3>
Call chain for Maximum Stack Depth:</H3>
USBD_MSC_DataOut &rArr; MSC_BBB_DataOut &rArr; MSC_BBB_CBW_Decode &rArr; SCSI_ProcessCmd &rArr; SCSI_Write10 &rArr; SCSI_ProcessWrite &rArr; MSC_BBB_SendCSW &rArr; USB_EP_Tx &rArr; UserCopyToBuffer
<P>
<H3>
Functions with no stack information
</H3><UL>
 <LI><a href="#[8e]">__user_initial_stackheap</a>
</UL>
</UL>
<P>
<H3>
Mutually Recursive functions
</H3> <LI><a href="#[6]">MemManage_Handler</a>&nbsp;&nbsp;&nbsp;&rArr;&nbsp;&nbsp;&nbsp;<a href="#[6]">MemManage_Handler</a><BR>
 <LI><a href="#[7]">BusFault_Handler</a>&nbsp;&nbsp;&nbsp;&rArr;&nbsp;&nbsp;&nbsp;<a href="#[7]">BusFault_Handler</a><BR>
 <LI><a href="#[8]">UsageFault_Handler</a>&nbsp;&nbsp;&nbsp;&rArr;&nbsp;&nbsp;&nbsp;<a href="#[8]">UsageFault_Handler</a><BR>
 <LI><a href="#[a]">DebugMon_Handler</a>&nbsp;&nbsp;&nbsp;&rArr;&nbsp;&nbsp;&nbsp;<a href="#[a]">DebugMon_Handler</a><BR>
 <LI><a href="#[1f]">ADC1_2_IRQHandler</a>&nbsp;&nbsp;&nbsp;&rArr;&nbsp;&nbsp;&nbsp;<a href="#[1f]">ADC1_2_IRQHandler</a><BR>
</UL>
<P>
<H3>
Function Pointers
</H3><UL>
 <LI><a href="#[1f]">ADC1_2_IRQHandler</a> from startup_gd32f10x_hd.o(.text) referenced from startup_gd32f10x_hd.o(RESET)
 <LI><a href="#[3c]">ADC3_IRQHandler</a> from startup_gd32f10x_hd.o(.text) referenced from startup_gd32f10x_hd.o(RESET)
 <LI><a href="#[7]">BusFault_Handler</a> from startup_gd32f10x_hd.o(.text) referenced from startup_gd32f10x_hd.o(RESET)
 <LI><a href="#[22]">CAN1_RX1_IRQHandler</a> from startup_gd32f10x_hd.o(.text) referenced from startup_gd32f10x_hd.o(RESET)
 <LI><a href="#[23]">CAN1_SCE_IRQHandler</a> from startup_gd32f10x_hd.o(.text) referenced from startup_gd32f10x_hd.o(RESET)
 <LI><a href="#[18]">DMA1_Channel1_IRQHandler</a> from startup_gd32f10x_hd.o(.text) referenced from startup_gd32f10x_hd.o(RESET)
 <LI><a href="#[19]">DMA1_Channel2_IRQHandler</a> from startup_gd32f10x_hd.o(.text) referenced from startup_gd32f10x_hd.o(RESET)
 <LI><a href="#[1a]">DMA1_Channel3_IRQHandler</a> from startup_gd32f10x_hd.o(.text) referenced from startup_gd32f10x_hd.o(RESET)
 <LI><a href="#[1b]">DMA1_Channel4_IRQHandler</a> from startup_gd32f10x_hd.o(.text) referenced from startup_gd32f10x_hd.o(RESET)
 <LI><a href="#[1c]">DMA1_Channel5_IRQHandler</a> from startup_gd32f10x_hd.o(.text) referenced from startup_gd32f10x_hd.o(RESET)
 <LI><a href="#[1d]">DMA1_Channel6_IRQHandler</a> from startup_gd32f10x_hd.o(.text) referenced from startup_gd32f10x_hd.o(RESET)
 <LI><a href="#[1e]">DMA1_Channel7_IRQHandler</a> from startup_gd32f10x_hd.o(.text) referenced from startup_gd32f10x_hd.o(RESET)
 <LI><a href="#[45]">DMA2_Channel1_IRQHandler</a> from startup_gd32f10x_hd.o(.text) referenced from startup_gd32f10x_hd.o(RESET)
 <LI><a href="#[46]">DMA2_Channel2_IRQHandler</a> from startup_gd32f10x_hd.o(.text) referenced from startup_gd32f10x_hd.o(RESET)
 <LI><a href="#[47]">DMA2_Channel3_IRQHandler</a> from startup_gd32f10x_hd.o(.text) referenced from startup_gd32f10x_hd.o(RESET)
 <LI><a href="#[48]">DMA2_Channel4_5_IRQHandler</a> from startup_gd32f10x_hd.o(.text) referenced from startup_gd32f10x_hd.o(RESET)
 <LI><a href="#[a]">DebugMon_Handler</a> from startup_gd32f10x_hd.o(.text) referenced from startup_gd32f10x_hd.o(RESET)
 <LI><a href="#[3d]">EXMC_IRQHandler</a> from startup_gd32f10x_hd.o(.text) referenced from startup_gd32f10x_hd.o(RESET)
 <LI><a href="#[13]">EXTI0_IRQHandler</a> from startup_gd32f10x_hd.o(.text) referenced from startup_gd32f10x_hd.o(RESET)
 <LI><a href="#[35]">EXTI15_10_IRQHandler</a> from startup_gd32f10x_hd.o(.text) referenced from startup_gd32f10x_hd.o(RESET)
 <LI><a href="#[14]">EXTI1_IRQHandler</a> from startup_gd32f10x_hd.o(.text) referenced from startup_gd32f10x_hd.o(RESET)
 <LI><a href="#[15]">EXTI2_IRQHandler</a> from startup_gd32f10x_hd.o(.text) referenced from startup_gd32f10x_hd.o(RESET)
 <LI><a href="#[16]">EXTI3_IRQHandler</a> from startup_gd32f10x_hd.o(.text) referenced from startup_gd32f10x_hd.o(RESET)
 <LI><a href="#[17]">EXTI4_IRQHandler</a> from startup_gd32f10x_hd.o(.text) referenced from startup_gd32f10x_hd.o(RESET)
 <LI><a href="#[24]">EXTI9_5_IRQHandler</a> from startup_gd32f10x_hd.o(.text) referenced from startup_gd32f10x_hd.o(RESET)
 <LI><a href="#[11]">FMC_IRQHandler</a> from startup_gd32f10x_hd.o(.text) referenced from startup_gd32f10x_hd.o(RESET)
 <LI><a href="#[5]">HardFault_Handler</a> from gd32_it.o(i.HardFault_Handler) referenced from startup_gd32f10x_hd.o(RESET)
 <LI><a href="#[2d]">I2C1_ER_IRQHandler</a> from startup_gd32f10x_hd.o(.text) referenced from startup_gd32f10x_hd.o(RESET)
 <LI><a href="#[2c]">I2C1_EV_IRQHandler</a> from startup_gd32f10x_hd.o(.text) referenced from startup_gd32f10x_hd.o(RESET)
 <LI><a href="#[2f]">I2C2_ER_IRQHandler</a> from startup_gd32f10x_hd.o(.text) referenced from startup_gd32f10x_hd.o(RESET)
 <LI><a href="#[2e]">I2C2_EV_IRQHandler</a> from startup_gd32f10x_hd.o(.text) referenced from startup_gd32f10x_hd.o(RESET)
 <LI><a href="#[e]">LVD_IRQHandler</a> from startup_gd32f10x_hd.o(.text) referenced from startup_gd32f10x_hd.o(RESET)
 <LI><a href="#[6]">MemManage_Handler</a> from startup_gd32f10x_hd.o(.text) referenced from startup_gd32f10x_hd.o(RESET)
 <LI><a href="#[4]">NMI_Handler</a> from gd32_it.o(i.NMI_Handler) referenced from startup_gd32f10x_hd.o(RESET)
 <LI><a href="#[b]">PendSV_Handler</a> from gd32_it.o(i.PendSV_Handler) referenced from startup_gd32f10x_hd.o(RESET)
 <LI><a href="#[12]">RCC_IRQHandler</a> from startup_gd32f10x_hd.o(.text) referenced from startup_gd32f10x_hd.o(RESET)
 <LI><a href="#[36]">RTCAlarm_IRQHandler</a> from startup_gd32f10x_hd.o(.text) referenced from startup_gd32f10x_hd.o(RESET)
 <LI><a href="#[10]">RTC_IRQHandler</a> from startup_gd32f10x_hd.o(.text) referenced from startup_gd32f10x_hd.o(RESET)
 <LI><a href="#[3]">Reset_Handler</a> from startup_gd32f10x_hd.o(.text) referenced from startup_gd32f10x_hd.o(RESET)
 <LI><a href="#[3e]">SDIO_IRQHandler</a> from startup_gd32f10x_hd.o(.text) referenced from startup_gd32f10x_hd.o(RESET)
 <LI><a href="#[30]">SPI1_IRQHandler</a> from startup_gd32f10x_hd.o(.text) referenced from startup_gd32f10x_hd.o(RESET)
 <LI><a href="#[31]">SPI2_IRQHandler</a> from startup_gd32f10x_hd.o(.text) referenced from startup_gd32f10x_hd.o(RESET)
 <LI><a href="#[40]">SPI3_IRQHandler</a> from startup_gd32f10x_hd.o(.text) referenced from startup_gd32f10x_hd.o(RESET)
 <LI><a href="#[53]">STORAGE_GetCapacity</a> from usbd_storage_msd.o(i.STORAGE_GetCapacity) referenced from usbd_storage_msd.o(.data)
 <LI><a href="#[58]">STORAGE_GetMaxLun</a> from usbd_storage_msd.o(i.STORAGE_GetMaxLun) referenced from usbd_storage_msd.o(.data)
 <LI><a href="#[52]">STORAGE_Init</a> from usbd_storage_msd.o(i.STORAGE_Init) referenced from usbd_storage_msd.o(.data)
 <LI><a href="#[54]">STORAGE_IsReady</a> from usbd_storage_msd.o(i.STORAGE_IsReady) referenced from usbd_storage_msd.o(.data)
 <LI><a href="#[55]">STORAGE_IsWriteProtected</a> from usbd_storage_msd.o(i.STORAGE_IsWriteProtected) referenced from usbd_storage_msd.o(.data)
 <LI><a href="#[56]">STORAGE_Read</a> from usbd_storage_msd.o(i.STORAGE_Read) referenced from usbd_storage_msd.o(.data)
 <LI><a href="#[57]">STORAGE_Write</a> from usbd_storage_msd.o(i.STORAGE_Write) referenced from usbd_storage_msd.o(.data)
 <LI><a href="#[9]">SVC_Handler</a> from gd32_it.o(i.SVC_Handler) referenced from startup_gd32f10x_hd.o(RESET)
 <LI><a href="#[c]">SysTick_Handler</a> from gd32_it.o(i.SysTick_Handler) referenced from startup_gd32f10x_hd.o(RESET)
 <LI><a href="#[49]">SystemInit</a> from system_gd32f10x.o(i.SystemInit) referenced from startup_gd32f10x_hd.o(.text)
 <LI><a href="#[f]">TAMPER_IRQHandler</a> from startup_gd32f10x_hd.o(.text) referenced from startup_gd32f10x_hd.o(RESET)
 <LI><a href="#[25]">TIMER1_BRK_IRQHandler</a> from startup_gd32f10x_hd.o(.text) referenced from startup_gd32f10x_hd.o(RESET)
 <LI><a href="#[28]">TIMER1_CC_IRQHandler</a> from startup_gd32f10x_hd.o(.text) referenced from startup_gd32f10x_hd.o(RESET)
 <LI><a href="#[27]">TIMER1_TRG_COM_IRQHandler</a> from startup_gd32f10x_hd.o(.text) referenced from startup_gd32f10x_hd.o(RESET)
 <LI><a href="#[26]">TIMER1_UP_IRQHandler</a> from startup_gd32f10x_hd.o(.text) referenced from startup_gd32f10x_hd.o(RESET)
 <LI><a href="#[29]">TIMER2_IRQHandler</a> from startup_gd32f10x_hd.o(.text) referenced from startup_gd32f10x_hd.o(RESET)
 <LI><a href="#[2a]">TIMER3_IRQHandler</a> from startup_gd32f10x_hd.o(.text) referenced from startup_gd32f10x_hd.o(RESET)
 <LI><a href="#[2b]">TIMER4_IRQHandler</a> from startup_gd32f10x_hd.o(.text) referenced from startup_gd32f10x_hd.o(RESET)
 <LI><a href="#[3f]">TIMER5_IRQHandler</a> from startup_gd32f10x_hd.o(.text) referenced from startup_gd32f10x_hd.o(RESET)
 <LI><a href="#[43]">TIMER6_IRQHandler</a> from startup_gd32f10x_hd.o(.text) referenced from startup_gd32f10x_hd.o(RESET)
 <LI><a href="#[44]">TIMER7_IRQHandler</a> from startup_gd32f10x_hd.o(.text) referenced from startup_gd32f10x_hd.o(RESET)
 <LI><a href="#[38]">TIMER8_BRK_IRQHandler</a> from startup_gd32f10x_hd.o(.text) referenced from startup_gd32f10x_hd.o(RESET)
 <LI><a href="#[3b]">TIMER8_CC_IRQHandler</a> from startup_gd32f10x_hd.o(.text) referenced from startup_gd32f10x_hd.o(RESET)
 <LI><a href="#[3a]">TIMER8_TRG_COM_IRQHandler</a> from startup_gd32f10x_hd.o(.text) referenced from startup_gd32f10x_hd.o(RESET)
 <LI><a href="#[39]">TIMER8_UP_IRQHandler</a> from startup_gd32f10x_hd.o(.text) referenced from startup_gd32f10x_hd.o(RESET)
 <LI><a href="#[41]">UART4_IRQHandler</a> from startup_gd32f10x_hd.o(.text) referenced from startup_gd32f10x_hd.o(RESET)
 <LI><a href="#[42]">UART5_IRQHandler</a> from startup_gd32f10x_hd.o(.text) referenced from startup_gd32f10x_hd.o(RESET)
 <LI><a href="#[32]">USART1_IRQHandler</a> from startup_gd32f10x_hd.o(.text) referenced from startup_gd32f10x_hd.o(RESET)
 <LI><a href="#[33]">USART2_IRQHandler</a> from startup_gd32f10x_hd.o(.text) referenced from startup_gd32f10x_hd.o(RESET)
 <LI><a href="#[34]">USART3_IRQHandler</a> from startup_gd32f10x_hd.o(.text) referenced from startup_gd32f10x_hd.o(RESET)
 <LI><a href="#[5f]">USBD_ClearFeature</a> from usbd_enum.o(i.USBD_ClearFeature) referenced from usbd_enum.o(.data)
 <LI><a href="#[65]">USBD_GetConfiguration</a> from usbd_enum.o(i.USBD_GetConfiguration) referenced from usbd_enum.o(.data)
 <LI><a href="#[63]">USBD_GetDescriptor</a> from usbd_enum.o(i.USBD_GetDescriptor) referenced from usbd_enum.o(.data)
 <LI><a href="#[67]">USBD_GetInterface</a> from usbd_enum.o(i.USBD_GetInterface) referenced from usbd_enum.o(.data)
 <LI><a href="#[5e]">USBD_GetStatus</a> from usbd_enum.o(i.USBD_GetStatus) referenced from usbd_enum.o(.data)
 <LI><a href="#[76]">USBD_MSC_ClassReqHandle</a> from usbd_msc_core.o(i.USBD_MSC_ClassReqHandle) referenced from usbd_msc_core.o(.data)
 <LI><a href="#[7c]">USBD_MSC_ClearFeature</a> from usbd_msc_core.o(i.USBD_MSC_ClearFeature) referenced from usbd_msc_core.o(.data)
 <LI><a href="#[79]">USBD_MSC_DataIn</a> from usbd_msc_core.o(i.USBD_MSC_DataIn) referenced from usbd_msc_core.o(.data)
 <LI><a href="#[7a]">USBD_MSC_DataOut</a> from usbd_msc_core.o(i.USBD_MSC_DataOut) referenced from usbd_msc_core.o(.data)
 <LI><a href="#[74]">USBD_MSC_DeInit</a> from usbd_msc_core.o(i.USBD_MSC_DeInit) referenced from usbd_msc_core.o(.data)
 <LI><a href="#[7b]">USBD_MSC_GetCfgDesc</a> from usbd_msc_core.o(i.USBD_MSC_GetCfgDesc) referenced from usbd_msc_core.o(.data)
 <LI><a href="#[75]">USBD_MSC_GetClassDescriptor</a> from usbd_msc_core.o(i.USBD_MSC_GetClassDescriptor) referenced from usbd_msc_core.o(.data)
 <LI><a href="#[77]">USBD_MSC_GetInterface</a> from usbd_msc_core.o(i.USBD_MSC_GetInterface) referenced from usbd_msc_core.o(.data)
 <LI><a href="#[73]">USBD_MSC_Init</a> from usbd_msc_core.o(i.USBD_MSC_Init) referenced from usbd_msc_core.o(.data)
 <LI><a href="#[78]">USBD_MSC_SetInterface</a> from usbd_msc_core.o(i.USBD_MSC_SetInterface) referenced from usbd_msc_core.o(.data)
 <LI><a href="#[60]">USBD_Reserved</a> from usbd_enum.o(i.USBD_Reserved) referenced 2 times from usbd_enum.o(.data)
 <LI><a href="#[62]">USBD_SetAddress</a> from usbd_enum.o(i.USBD_SetAddress) referenced from usbd_enum.o(.data)
 <LI><a href="#[66]">USBD_SetConfiguration</a> from usbd_enum.o(i.USBD_SetConfiguration) referenced from usbd_enum.o(.data)
 <LI><a href="#[64]">USBD_SetDescriptor</a> from usbd_enum.o(i.USBD_SetDescriptor) referenced from usbd_enum.o(.data)
 <LI><a href="#[61]">USBD_SetFeature</a> from usbd_enum.o(i.USBD_SetFeature) referenced from usbd_enum.o(.data)
 <LI><a href="#[68]">USBD_SetInterface</a> from usbd_enum.o(i.USBD_SetInterface) referenced from usbd_enum.o(.data)
 <LI><a href="#[69]">USBD_SynchFrame</a> from usbd_enum.o(i.USBD_SynchFrame) referenced from usbd_enum.o(.data)
 <LI><a href="#[50]">USBD_USER_ConfigStrDesc</a> from usbd_desc.o(i.USBD_USER_ConfigStrDesc) referenced from usbd_desc.o(.data)
 <LI><a href="#[4b]">USBD_USER_DevDesc</a> from usbd_desc.o(i.USBD_USER_DevDesc) referenced from usbd_desc.o(.data)
 <LI><a href="#[5b]">USBD_USER_DeviceConfigured</a> from usbd_user.o(i.USBD_USER_DeviceConfigured) referenced from usbd_user.o(.data)
 <LI><a href="#[59]">USBD_USER_DeviceInit</a> from usbd_user.o(i.USBD_USER_DeviceInit) referenced from usbd_user.o(.data)
 <LI><a href="#[5a]">USBD_USER_DeviceReset</a> from usbd_user.o(i.USBD_USER_DeviceReset) referenced from usbd_user.o(.data)
 <LI><a href="#[5d]">USBD_USER_DeviceResumed</a> from usbd_user.o(i.USBD_USER_DeviceResumed) referenced from usbd_user.o(.data)
 <LI><a href="#[5c]">USBD_USER_DeviceSuspended</a> from usbd_user.o(i.USBD_USER_DeviceSuspended) referenced from usbd_user.o(.data)
 <LI><a href="#[51]">USBD_USER_ItfStrDesc</a> from usbd_desc.o(i.USBD_USER_ItfStrDesc) referenced from usbd_desc.o(.data)
 <LI><a href="#[4c]">USBD_USER_LANGIDStrDesc</a> from usbd_desc.o(i.USBD_USER_LANGIDStrDesc) referenced from usbd_desc.o(.data)
 <LI><a href="#[4d]">USBD_USER_MFCStrDesc</a> from usbd_desc.o(i.USBD_USER_MFCStrDesc) referenced from usbd_desc.o(.data)
 <LI><a href="#[4e]">USBD_USER_ProdStrDesc</a> from usbd_desc.o(i.USBD_USER_ProdStrDesc) referenced from usbd_desc.o(.data)
 <LI><a href="#[4f]">USBD_USER_SerialStrDesc</a> from usbd_desc.o(i.USBD_USER_SerialStrDesc) referenced from usbd_desc.o(.data)
 <LI><a href="#[70]">USBINT_ESOF</a> from usbd_it.o(i.USBINT_ESOF) referenced from usbd_it.o(.data)
 <LI><a href="#[6d]">USBINT_Error</a> from usbd_it.o(i.USBINT_Error) referenced from usbd_it.o(.data)
 <LI><a href="#[6a]">USBINT_HPST</a> from usbd_it.o(i.USBINT_HPST) referenced from usbd_it.o(.data)
 <LI><a href="#[6b]">USBINT_LPST</a> from usbd_it.o(i.USBINT_LPST) referenced from usbd_it.o(.data)
 <LI><a href="#[6c]">USBINT_PMOU</a> from usbd_it.o(i.USBINT_PMOU) referenced from usbd_it.o(.data)
 <LI><a href="#[6e]">USBINT_Reset</a> from usbd_it.o(i.USBINT_Reset) referenced from usbd_it.o(.data)
 <LI><a href="#[6f]">USBINT_SOF</a> from usbd_it.o(i.USBINT_SOF) referenced from usbd_it.o(.data)
 <LI><a href="#[71]">USBINT_Suspend</a> from usbd_it.o(i.USBINT_Suspend) referenced from usbd_it.o(.data)
 <LI><a href="#[72]">USBINT_WakeUp</a> from usbd_it.o(i.USBINT_WakeUp) referenced from usbd_it.o(.data)
 <LI><a href="#[37]">USBWakeUp_IRQHandler</a> from startup_gd32f10x_hd.o(.text) referenced from startup_gd32f10x_hd.o(RESET)
 <LI><a href="#[20]">USB_HP_CAN1_TX_IRQHandler</a> from startup_gd32f10x_hd.o(.text) referenced from startup_gd32f10x_hd.o(RESET)
 <LI><a href="#[21]">USB_LP_CAN1_RX0_IRQHandler</a> from gd32_it.o(i.USB_LP_CAN1_RX0_IRQHandler) referenced from startup_gd32f10x_hd.o(RESET)
 <LI><a href="#[8]">UsageFault_Handler</a> from startup_gd32f10x_hd.o(.text) referenced from startup_gd32f10x_hd.o(RESET)
 <LI><a href="#[d]">WWDG_IRQHandler</a> from startup_gd32f10x_hd.o(.text) referenced from startup_gd32f10x_hd.o(RESET)
 <LI><a href="#[7d]">__main</a> from __main.o(!!!main) referenced from startup_gd32f10x_hd.o(.text)
</UL>
<P>
<H3>
Global Symbols
</H3>
<P><STRONG><a name="[7d]"></a>__main</STRONG> (Thumb, 8 bytes, Stack size 0 bytes, __main.o(!!!main))
<BR><BR>[Calls]<UL><LI><a href="#[7e]">&gt;&gt;</a>&nbsp;&nbsp;&nbsp;__scatterload
<LI><a href="#[7f]">&gt;&gt;</a>&nbsp;&nbsp;&nbsp;__rt_entry
</UL>

<P><STRONG><a name="[7e]"></a>__scatterload</STRONG> (Thumb, 0 bytes, Stack size unknown bytes, __scatter.o(!!!scatter))
<BR><BR>[Called By]<UL><LI><a href="#[7d]">&gt;&gt;</a>&nbsp;&nbsp;&nbsp;__main
</UL>

<P><STRONG><a name="[80]"></a>__scatterload_rt2</STRONG> (Thumb, 44 bytes, Stack size unknown bytes, __scatter.o(!!!scatter), UNUSED)
<BR><BR>[Calls]<UL><LI><a href="#[7f]">&gt;&gt;</a>&nbsp;&nbsp;&nbsp;__rt_entry
</UL>

<P><STRONG><a name="[e6]"></a>__scatterload_rt2_thumb_only</STRONG> (Thumb, 0 bytes, Stack size unknown bytes, __scatter.o(!!!scatter), UNUSED)

<P><STRONG><a name="[e7]"></a>__scatterload_null</STRONG> (Thumb, 0 bytes, Stack size unknown bytes, __scatter.o(!!!scatter), UNUSED)

<P><STRONG><a name="[81]"></a>__scatterload_copy</STRONG> (Thumb, 26 bytes, Stack size unknown bytes, __scatter_copy.o(!!handler_copy), UNUSED)
<BR><BR>[Calls]<UL><LI><a href="#[81]">&gt;&gt;</a>&nbsp;&nbsp;&nbsp;__scatterload_copy
</UL>
<BR>[Called By]<UL><LI><a href="#[81]">&gt;&gt;</a>&nbsp;&nbsp;&nbsp;__scatterload_copy
</UL>

<P><STRONG><a name="[e8]"></a>__scatterload_zeroinit</STRONG> (Thumb, 28 bytes, Stack size unknown bytes, __scatter_zi.o(!!handler_zi), UNUSED)

<P><STRONG><a name="[85]"></a>__rt_lib_init</STRONG> (Thumb, 0 bytes, Stack size unknown bytes, libinit.o(.ARM.Collect$$libinit$$00000000))
<BR><BR>[Called By]<UL><LI><a href="#[84]">&gt;&gt;</a>&nbsp;&nbsp;&nbsp;__rt_entry_li
</UL>

<P><STRONG><a name="[e9]"></a>__rt_lib_init_alloca_1</STRONG> (Thumb, 0 bytes, Stack size unknown bytes, libinit2.o(.ARM.Collect$$libinit$$0000002E))

<P><STRONG><a name="[ea]"></a>__rt_lib_init_argv_1</STRONG> (Thumb, 0 bytes, Stack size unknown bytes, libinit2.o(.ARM.Collect$$libinit$$0000002C))

<P><STRONG><a name="[eb]"></a>__rt_lib_init_atexit_1</STRONG> (Thumb, 0 bytes, Stack size unknown bytes, libinit2.o(.ARM.Collect$$libinit$$0000001B))

<P><STRONG><a name="[ec]"></a>__rt_lib_init_clock_1</STRONG> (Thumb, 0 bytes, Stack size unknown bytes, libinit2.o(.ARM.Collect$$libinit$$00000021))

<P><STRONG><a name="[ed]"></a>__rt_lib_init_cpp_1</STRONG> (Thumb, 0 bytes, Stack size unknown bytes, libinit2.o(.ARM.Collect$$libinit$$00000032))

<P><STRONG><a name="[ee]"></a>__rt_lib_init_exceptions_1</STRONG> (Thumb, 0 bytes, Stack size unknown bytes, libinit2.o(.ARM.Collect$$libinit$$00000030))

<P><STRONG><a name="[ef]"></a>__rt_lib_init_fp_1</STRONG> (Thumb, 0 bytes, Stack size unknown bytes, libinit2.o(.ARM.Collect$$libinit$$00000002))

<P><STRONG><a name="[f0]"></a>__rt_lib_init_fp_trap_1</STRONG> (Thumb, 0 bytes, Stack size unknown bytes, libinit2.o(.ARM.Collect$$libinit$$0000001F))

<P><STRONG><a name="[f1]"></a>__rt_lib_init_getenv_1</STRONG> (Thumb, 0 bytes, Stack size unknown bytes, libinit2.o(.ARM.Collect$$libinit$$00000023))

<P><STRONG><a name="[f2]"></a>__rt_lib_init_heap_1</STRONG> (Thumb, 0 bytes, Stack size unknown bytes, libinit2.o(.ARM.Collect$$libinit$$0000000A))

<P><STRONG><a name="[f3]"></a>__rt_lib_init_lc_collate_1</STRONG> (Thumb, 0 bytes, Stack size unknown bytes, libinit2.o(.ARM.Collect$$libinit$$00000011))

<P><STRONG><a name="[f4]"></a>__rt_lib_init_lc_ctype_1</STRONG> (Thumb, 0 bytes, Stack size unknown bytes, libinit2.o(.ARM.Collect$$libinit$$00000013))

<P><STRONG><a name="[f5]"></a>__rt_lib_init_lc_monetary_1</STRONG> (Thumb, 0 bytes, Stack size unknown bytes, libinit2.o(.ARM.Collect$$libinit$$00000015))

<P><STRONG><a name="[f6]"></a>__rt_lib_init_lc_numeric_1</STRONG> (Thumb, 0 bytes, Stack size unknown bytes, libinit2.o(.ARM.Collect$$libinit$$00000017))

<P><STRONG><a name="[f7]"></a>__rt_lib_init_lc_time_1</STRONG> (Thumb, 0 bytes, Stack size unknown bytes, libinit2.o(.ARM.Collect$$libinit$$00000019))

<P><STRONG><a name="[f8]"></a>__rt_lib_init_preinit_1</STRONG> (Thumb, 0 bytes, Stack size unknown bytes, libinit2.o(.ARM.Collect$$libinit$$00000004))

<P><STRONG><a name="[f9]"></a>__rt_lib_init_rand_1</STRONG> (Thumb, 0 bytes, Stack size unknown bytes, libinit2.o(.ARM.Collect$$libinit$$0000000E))

<P><STRONG><a name="[fa]"></a>__rt_lib_init_return</STRONG> (Thumb, 0 bytes, Stack size unknown bytes, libinit2.o(.ARM.Collect$$libinit$$00000033))

<P><STRONG><a name="[fb]"></a>__rt_lib_init_signal_1</STRONG> (Thumb, 0 bytes, Stack size unknown bytes, libinit2.o(.ARM.Collect$$libinit$$0000001D))

<P><STRONG><a name="[fc]"></a>__rt_lib_init_stdio_1</STRONG> (Thumb, 0 bytes, Stack size unknown bytes, libinit2.o(.ARM.Collect$$libinit$$00000025))

<P><STRONG><a name="[fd]"></a>__rt_lib_init_user_alloc_1</STRONG> (Thumb, 0 bytes, Stack size unknown bytes, libinit2.o(.ARM.Collect$$libinit$$0000000C))

<P><STRONG><a name="[8a]"></a>__rt_lib_shutdown</STRONG> (Thumb, 0 bytes, Stack size unknown bytes, libshutdown.o(.ARM.Collect$$libshutdown$$00000000))
<BR><BR>[Called By]<UL><LI><a href="#[89]">&gt;&gt;</a>&nbsp;&nbsp;&nbsp;__rt_exit_ls
</UL>

<P><STRONG><a name="[fe]"></a>__rt_lib_shutdown_fp_trap_1</STRONG> (Thumb, 0 bytes, Stack size unknown bytes, libshutdown2.o(.ARM.Collect$$libshutdown$$00000006))

<P><STRONG><a name="[ff]"></a>__rt_lib_shutdown_heap_1</STRONG> (Thumb, 0 bytes, Stack size unknown bytes, libshutdown2.o(.ARM.Collect$$libshutdown$$0000000E))

<P><STRONG><a name="[100]"></a>__rt_lib_shutdown_return</STRONG> (Thumb, 0 bytes, Stack size unknown bytes, libshutdown2.o(.ARM.Collect$$libshutdown$$0000000F))

<P><STRONG><a name="[101]"></a>__rt_lib_shutdown_signal_1</STRONG> (Thumb, 0 bytes, Stack size unknown bytes, libshutdown2.o(.ARM.Collect$$libshutdown$$00000009))

<P><STRONG><a name="[102]"></a>__rt_lib_shutdown_stdio_1</STRONG> (Thumb, 0 bytes, Stack size unknown bytes, libshutdown2.o(.ARM.Collect$$libshutdown$$00000003))

<P><STRONG><a name="[103]"></a>__rt_lib_shutdown_user_alloc_1</STRONG> (Thumb, 0 bytes, Stack size unknown bytes, libshutdown2.o(.ARM.Collect$$libshutdown$$0000000B))

<P><STRONG><a name="[7f]"></a>__rt_entry</STRONG> (Thumb, 0 bytes, Stack size unknown bytes, __rtentry.o(.ARM.Collect$$rtentry$$00000000))
<BR><BR>[Called By]<UL><LI><a href="#[80]">&gt;&gt;</a>&nbsp;&nbsp;&nbsp;__scatterload_rt2
<LI><a href="#[7d]">&gt;&gt;</a>&nbsp;&nbsp;&nbsp;__main
</UL>

<P><STRONG><a name="[104]"></a>__rt_entry_presh_1</STRONG> (Thumb, 0 bytes, Stack size unknown bytes, __rtentry2.o(.ARM.Collect$$rtentry$$00000002))

<P><STRONG><a name="[82]"></a>__rt_entry_sh</STRONG> (Thumb, 0 bytes, Stack size unknown bytes, __rtentry4.o(.ARM.Collect$$rtentry$$00000004))
<BR><BR>[Stack]<UL><LI>Max Depth = 8 + Unknown Stack Size
<LI>Call Chain = __rt_entry_sh &rArr; __user_setup_stackheap
</UL>
<BR>[Calls]<UL><LI><a href="#[83]">&gt;&gt;</a>&nbsp;&nbsp;&nbsp;__user_setup_stackheap
</UL>

<P><STRONG><a name="[84]"></a>__rt_entry_li</STRONG> (Thumb, 0 bytes, Stack size unknown bytes, __rtentry2.o(.ARM.Collect$$rtentry$$0000000A))
<BR><BR>[Calls]<UL><LI><a href="#[85]">&gt;&gt;</a>&nbsp;&nbsp;&nbsp;__rt_lib_init
</UL>

<P><STRONG><a name="[105]"></a>__rt_entry_postsh_1</STRONG> (Thumb, 0 bytes, Stack size unknown bytes, __rtentry2.o(.ARM.Collect$$rtentry$$00000009))

<P><STRONG><a name="[86]"></a>__rt_entry_main</STRONG> (Thumb, 0 bytes, Stack size unknown bytes, __rtentry2.o(.ARM.Collect$$rtentry$$0000000D))
<BR><BR>[Stack]<UL><LI>Max Depth = 32 + Unknown Stack Size
<LI>Call Chain = __rt_entry_main &rArr; main &rArr; USB_HWP_Init &rArr; GPIO_Init
</UL>
<BR>[Calls]<UL><LI><a href="#[87]">&gt;&gt;</a>&nbsp;&nbsp;&nbsp;main
<LI><a href="#[88]">&gt;&gt;</a>&nbsp;&nbsp;&nbsp;exit
</UL>

<P><STRONG><a name="[106]"></a>__rt_entry_postli_1</STRONG> (Thumb, 0 bytes, Stack size unknown bytes, __rtentry2.o(.ARM.Collect$$rtentry$$0000000C))

<P><STRONG><a name="[8f]"></a>__rt_exit</STRONG> (Thumb, 0 bytes, Stack size unknown bytes, rtexit.o(.ARM.Collect$$rtexit$$00000000))
<BR><BR>[Called By]<UL><LI><a href="#[88]">&gt;&gt;</a>&nbsp;&nbsp;&nbsp;exit
</UL>

<P><STRONG><a name="[89]"></a>__rt_exit_ls</STRONG> (Thumb, 0 bytes, Stack size unknown bytes, rtexit2.o(.ARM.Collect$$rtexit$$00000003))
<BR><BR>[Calls]<UL><LI><a href="#[8a]">&gt;&gt;</a>&nbsp;&nbsp;&nbsp;__rt_lib_shutdown
</UL>

<P><STRONG><a name="[107]"></a>__rt_exit_prels_1</STRONG> (Thumb, 0 bytes, Stack size unknown bytes, rtexit2.o(.ARM.Collect$$rtexit$$00000002))

<P><STRONG><a name="[8b]"></a>__rt_exit_exit</STRONG> (Thumb, 0 bytes, Stack size unknown bytes, rtexit2.o(.ARM.Collect$$rtexit$$00000004))
<BR><BR>[Calls]<UL><LI><a href="#[8c]">&gt;&gt;</a>&nbsp;&nbsp;&nbsp;_sys_exit
</UL>

<P><STRONG><a name="[3]"></a>Reset_Handler</STRONG> (Thumb, 8 bytes, Stack size 0 bytes, startup_gd32f10x_hd.o(.text))
<BR>[Address Reference Count : 1]<UL><LI> startup_gd32f10x_hd.o(RESET)
</UL>
<P><STRONG><a name="[6]"></a>MemManage_Handler</STRONG> (Thumb, 2 bytes, Stack size 0 bytes, startup_gd32f10x_hd.o(.text))
<BR><BR>[Calls]<UL><LI><a href="#[6]">&gt;&gt;</a>&nbsp;&nbsp;&nbsp;MemManage_Handler
</UL>
<BR>[Called By]<UL><LI><a href="#[6]">&gt;&gt;</a>&nbsp;&nbsp;&nbsp;MemManage_Handler
</UL>
<BR>[Address Reference Count : 1]<UL><LI> startup_gd32f10x_hd.o(RESET)
</UL>
<P><STRONG><a name="[7]"></a>BusFault_Handler</STRONG> (Thumb, 2 bytes, Stack size 0 bytes, startup_gd32f10x_hd.o(.text))
<BR><BR>[Calls]<UL><LI><a href="#[7]">&gt;&gt;</a>&nbsp;&nbsp;&nbsp;BusFault_Handler
</UL>
<BR>[Called By]<UL><LI><a href="#[7]">&gt;&gt;</a>&nbsp;&nbsp;&nbsp;BusFault_Handler
</UL>
<BR>[Address Reference Count : 1]<UL><LI> startup_gd32f10x_hd.o(RESET)
</UL>
<P><STRONG><a name="[8]"></a>UsageFault_Handler</STRONG> (Thumb, 2 bytes, Stack size 0 bytes, startup_gd32f10x_hd.o(.text))
<BR><BR>[Calls]<UL><LI><a href="#[8]">&gt;&gt;</a>&nbsp;&nbsp;&nbsp;UsageFault_Handler
</UL>
<BR>[Called By]<UL><LI><a href="#[8]">&gt;&gt;</a>&nbsp;&nbsp;&nbsp;UsageFault_Handler
</UL>
<BR>[Address Reference Count : 1]<UL><LI> startup_gd32f10x_hd.o(RESET)
</UL>
<P><STRONG><a name="[a]"></a>DebugMon_Handler</STRONG> (Thumb, 2 bytes, Stack size 0 bytes, startup_gd32f10x_hd.o(.text))
<BR><BR>[Calls]<UL><LI><a href="#[a]">&gt;&gt;</a>&nbsp;&nbsp;&nbsp;DebugMon_Handler
</UL>
<BR>[Called By]<UL><LI><a href="#[a]">&gt;&gt;</a>&nbsp;&nbsp;&nbsp;DebugMon_Handler
</UL>
<BR>[Address Reference Count : 1]<UL><LI> startup_gd32f10x_hd.o(RESET)
</UL>
<P><STRONG><a name="[1f]"></a>ADC1_2_IRQHandler</STRONG> (Thumb, 0 bytes, Stack size 0 bytes, startup_gd32f10x_hd.o(.text))
<BR><BR>[Calls]<UL><LI><a href="#[1f]">&gt;&gt;</a>&nbsp;&nbsp;&nbsp;ADC1_2_IRQHandler
</UL>
<BR>[Called By]<UL><LI><a href="#[1f]">&gt;&gt;</a>&nbsp;&nbsp;&nbsp;ADC1_2_IRQHandler
</UL>
<BR>[Address Reference Count : 1]<UL><LI> startup_gd32f10x_hd.o(RESET)
</UL>
<P><STRONG><a name="[3c]"></a>ADC3_IRQHandler</STRONG> (Thumb, 0 bytes, Stack size 0 bytes, startup_gd32f10x_hd.o(.text))
<BR>[Address Reference Count : 1]<UL><LI> startup_gd32f10x_hd.o(RESET)
</UL>
<P><STRONG><a name="[22]"></a>CAN1_RX1_IRQHandler</STRONG> (Thumb, 0 bytes, Stack size 0 bytes, startup_gd32f10x_hd.o(.text))
<BR>[Address Reference Count : 1]<UL><LI> startup_gd32f10x_hd.o(RESET)
</UL>
<P><STRONG><a name="[23]"></a>CAN1_SCE_IRQHandler</STRONG> (Thumb, 0 bytes, Stack size 0 bytes, startup_gd32f10x_hd.o(.text))
<BR>[Address Reference Count : 1]<UL><LI> startup_gd32f10x_hd.o(RESET)
</UL>
<P><STRONG><a name="[18]"></a>DMA1_Channel1_IRQHandler</STRONG> (Thumb, 0 bytes, Stack size 0 bytes, startup_gd32f10x_hd.o(.text))
<BR>[Address Reference Count : 1]<UL><LI> startup_gd32f10x_hd.o(RESET)
</UL>
<P><STRONG><a name="[19]"></a>DMA1_Channel2_IRQHandler</STRONG> (Thumb, 0 bytes, Stack size 0 bytes, startup_gd32f10x_hd.o(.text))
<BR>[Address Reference Count : 1]<UL><LI> startup_gd32f10x_hd.o(RESET)
</UL>
<P><STRONG><a name="[1a]"></a>DMA1_Channel3_IRQHandler</STRONG> (Thumb, 0 bytes, Stack size 0 bytes, startup_gd32f10x_hd.o(.text))
<BR>[Address Reference Count : 1]<UL><LI> startup_gd32f10x_hd.o(RESET)
</UL>
<P><STRONG><a name="[1b]"></a>DMA1_Channel4_IRQHandler</STRONG> (Thumb, 0 bytes, Stack size 0 bytes, startup_gd32f10x_hd.o(.text))
<BR>[Address Reference Count : 1]<UL><LI> startup_gd32f10x_hd.o(RESET)
</UL>
<P><STRONG><a name="[1c]"></a>DMA1_Channel5_IRQHandler</STRONG> (Thumb, 0 bytes, Stack size 0 bytes, startup_gd32f10x_hd.o(.text))
<BR>[Address Reference Count : 1]<UL><LI> startup_gd32f10x_hd.o(RESET)
</UL>
<P><STRONG><a name="[1d]"></a>DMA1_Channel6_IRQHandler</STRONG> (Thumb, 0 bytes, Stack size 0 bytes, startup_gd32f10x_hd.o(.text))
<BR>[Address Reference Count : 1]<UL><LI> startup_gd32f10x_hd.o(RESET)
</UL>
<P><STRONG><a name="[1e]"></a>DMA1_Channel7_IRQHandler</STRONG> (Thumb, 0 bytes, Stack size 0 bytes, startup_gd32f10x_hd.o(.text))
<BR>[Address Reference Count : 1]<UL><LI> startup_gd32f10x_hd.o(RESET)
</UL>
<P><STRONG><a name="[45]"></a>DMA2_Channel1_IRQHandler</STRONG> (Thumb, 0 bytes, Stack size 0 bytes, startup_gd32f10x_hd.o(.text))
<BR>[Address Reference Count : 1]<UL><LI> startup_gd32f10x_hd.o(RESET)
</UL>
<P><STRONG><a name="[46]"></a>DMA2_Channel2_IRQHandler</STRONG> (Thumb, 0 bytes, Stack size 0 bytes, startup_gd32f10x_hd.o(.text))
<BR>[Address Reference Count : 1]<UL><LI> startup_gd32f10x_hd.o(RESET)
</UL>
<P><STRONG><a name="[47]"></a>DMA2_Channel3_IRQHandler</STRONG> (Thumb, 0 bytes, Stack size 0 bytes, startup_gd32f10x_hd.o(.text))
<BR>[Address Reference Count : 1]<UL><LI> startup_gd32f10x_hd.o(RESET)
</UL>
<P><STRONG><a name="[48]"></a>DMA2_Channel4_5_IRQHandler</STRONG> (Thumb, 0 bytes, Stack size 0 bytes, startup_gd32f10x_hd.o(.text))
<BR>[Address Reference Count : 1]<UL><LI> startup_gd32f10x_hd.o(RESET)
</UL>
<P><STRONG><a name="[3d]"></a>EXMC_IRQHandler</STRONG> (Thumb, 0 bytes, Stack size 0 bytes, startup_gd32f10x_hd.o(.text))
<BR>[Address Reference Count : 1]<UL><LI> startup_gd32f10x_hd.o(RESET)
</UL>
<P><STRONG><a name="[13]"></a>EXTI0_IRQHandler</STRONG> (Thumb, 0 bytes, Stack size 0 bytes, startup_gd32f10x_hd.o(.text))
<BR>[Address Reference Count : 1]<UL><LI> startup_gd32f10x_hd.o(RESET)
</UL>
<P><STRONG><a name="[35]"></a>EXTI15_10_IRQHandler</STRONG> (Thumb, 0 bytes, Stack size 0 bytes, startup_gd32f10x_hd.o(.text))
<BR>[Address Reference Count : 1]<UL><LI> startup_gd32f10x_hd.o(RESET)
</UL>
<P><STRONG><a name="[14]"></a>EXTI1_IRQHandler</STRONG> (Thumb, 0 bytes, Stack size 0 bytes, startup_gd32f10x_hd.o(.text))
<BR>[Address Reference Count : 1]<UL><LI> startup_gd32f10x_hd.o(RESET)
</UL>
<P><STRONG><a name="[15]"></a>EXTI2_IRQHandler</STRONG> (Thumb, 0 bytes, Stack size 0 bytes, startup_gd32f10x_hd.o(.text))
<BR>[Address Reference Count : 1]<UL><LI> startup_gd32f10x_hd.o(RESET)
</UL>
<P><STRONG><a name="[16]"></a>EXTI3_IRQHandler</STRONG> (Thumb, 0 bytes, Stack size 0 bytes, startup_gd32f10x_hd.o(.text))
<BR>[Address Reference Count : 1]<UL><LI> startup_gd32f10x_hd.o(RESET)
</UL>
<P><STRONG><a name="[17]"></a>EXTI4_IRQHandler</STRONG> (Thumb, 0 bytes, Stack size 0 bytes, startup_gd32f10x_hd.o(.text))
<BR>[Address Reference Count : 1]<UL><LI> startup_gd32f10x_hd.o(RESET)
</UL>
<P><STRONG><a name="[24]"></a>EXTI9_5_IRQHandler</STRONG> (Thumb, 0 bytes, Stack size 0 bytes, startup_gd32f10x_hd.o(.text))
<BR>[Address Reference Count : 1]<UL><LI> startup_gd32f10x_hd.o(RESET)
</UL>
<P><STRONG><a name="[11]"></a>FMC_IRQHandler</STRONG> (Thumb, 0 bytes, Stack size 0 bytes, startup_gd32f10x_hd.o(.text))
<BR>[Address Reference Count : 1]<UL><LI> startup_gd32f10x_hd.o(RESET)
</UL>
<P><STRONG><a name="[2d]"></a>I2C1_ER_IRQHandler</STRONG> (Thumb, 0 bytes, Stack size 0 bytes, startup_gd32f10x_hd.o(.text))
<BR>[Address Reference Count : 1]<UL><LI> startup_gd32f10x_hd.o(RESET)
</UL>
<P><STRONG><a name="[2c]"></a>I2C1_EV_IRQHandler</STRONG> (Thumb, 0 bytes, Stack size 0 bytes, startup_gd32f10x_hd.o(.text))
<BR>[Address Reference Count : 1]<UL><LI> startup_gd32f10x_hd.o(RESET)
</UL>
<P><STRONG><a name="[2f]"></a>I2C2_ER_IRQHandler</STRONG> (Thumb, 0 bytes, Stack size 0 bytes, startup_gd32f10x_hd.o(.text))
<BR>[Address Reference Count : 1]<UL><LI> startup_gd32f10x_hd.o(RESET)
</UL>
<P><STRONG><a name="[2e]"></a>I2C2_EV_IRQHandler</STRONG> (Thumb, 0 bytes, Stack size 0 bytes, startup_gd32f10x_hd.o(.text))
<BR>[Address Reference Count : 1]<UL><LI> startup_gd32f10x_hd.o(RESET)
</UL>
<P><STRONG><a name="[e]"></a>LVD_IRQHandler</STRONG> (Thumb, 0 bytes, Stack size 0 bytes, startup_gd32f10x_hd.o(.text))
<BR>[Address Reference Count : 1]<UL><LI> startup_gd32f10x_hd.o(RESET)
</UL>
<P><STRONG><a name="[12]"></a>RCC_IRQHandler</STRONG> (Thumb, 0 bytes, Stack size 0 bytes, startup_gd32f10x_hd.o(.text))
<BR>[Address Reference Count : 1]<UL><LI> startup_gd32f10x_hd.o(RESET)
</UL>
<P><STRONG><a name="[36]"></a>RTCAlarm_IRQHandler</STRONG> (Thumb, 0 bytes, Stack size 0 bytes, startup_gd32f10x_hd.o(.text))
<BR>[Address Reference Count : 1]<UL><LI> startup_gd32f10x_hd.o(RESET)
</UL>
<P><STRONG><a name="[10]"></a>RTC_IRQHandler</STRONG> (Thumb, 0 bytes, Stack size 0 bytes, startup_gd32f10x_hd.o(.text))
<BR>[Address Reference Count : 1]<UL><LI> startup_gd32f10x_hd.o(RESET)
</UL>
<P><STRONG><a name="[3e]"></a>SDIO_IRQHandler</STRONG> (Thumb, 0 bytes, Stack size 0 bytes, startup_gd32f10x_hd.o(.text))
<BR>[Address Reference Count : 1]<UL><LI> startup_gd32f10x_hd.o(RESET)
</UL>
<P><STRONG><a name="[30]"></a>SPI1_IRQHandler</STRONG> (Thumb, 0 bytes, Stack size 0 bytes, startup_gd32f10x_hd.o(.text))
<BR>[Address Reference Count : 1]<UL><LI> startup_gd32f10x_hd.o(RESET)
</UL>
<P><STRONG><a name="[31]"></a>SPI2_IRQHandler</STRONG> (Thumb, 0 bytes, Stack size 0 bytes, startup_gd32f10x_hd.o(.text))
<BR>[Address Reference Count : 1]<UL><LI> startup_gd32f10x_hd.o(RESET)
</UL>
<P><STRONG><a name="[40]"></a>SPI3_IRQHandler</STRONG> (Thumb, 0 bytes, Stack size 0 bytes, startup_gd32f10x_hd.o(.text))
<BR>[Address Reference Count : 1]<UL><LI> startup_gd32f10x_hd.o(RESET)
</UL>
<P><STRONG><a name="[f]"></a>TAMPER_IRQHandler</STRONG> (Thumb, 0 bytes, Stack size 0 bytes, startup_gd32f10x_hd.o(.text))
<BR>[Address Reference Count : 1]<UL><LI> startup_gd32f10x_hd.o(RESET)
</UL>
<P><STRONG><a name="[25]"></a>TIMER1_BRK_IRQHandler</STRONG> (Thumb, 0 bytes, Stack size 0 bytes, startup_gd32f10x_hd.o(.text))
<BR>[Address Reference Count : 1]<UL><LI> startup_gd32f10x_hd.o(RESET)
</UL>
<P><STRONG><a name="[28]"></a>TIMER1_CC_IRQHandler</STRONG> (Thumb, 0 bytes, Stack size 0 bytes, startup_gd32f10x_hd.o(.text))
<BR>[Address Reference Count : 1]<UL><LI> startup_gd32f10x_hd.o(RESET)
</UL>
<P><STRONG><a name="[27]"></a>TIMER1_TRG_COM_IRQHandler</STRONG> (Thumb, 0 bytes, Stack size 0 bytes, startup_gd32f10x_hd.o(.text))
<BR>[Address Reference Count : 1]<UL><LI> startup_gd32f10x_hd.o(RESET)
</UL>
<P><STRONG><a name="[26]"></a>TIMER1_UP_IRQHandler</STRONG> (Thumb, 0 bytes, Stack size 0 bytes, startup_gd32f10x_hd.o(.text))
<BR>[Address Reference Count : 1]<UL><LI> startup_gd32f10x_hd.o(RESET)
</UL>
<P><STRONG><a name="[29]"></a>TIMER2_IRQHandler</STRONG> (Thumb, 0 bytes, Stack size 0 bytes, startup_gd32f10x_hd.o(.text))
<BR>[Address Reference Count : 1]<UL><LI> startup_gd32f10x_hd.o(RESET)
</UL>
<P><STRONG><a name="[2a]"></a>TIMER3_IRQHandler</STRONG> (Thumb, 0 bytes, Stack size 0 bytes, startup_gd32f10x_hd.o(.text))
<BR>[Address Reference Count : 1]<UL><LI> startup_gd32f10x_hd.o(RESET)
</UL>
<P><STRONG><a name="[2b]"></a>TIMER4_IRQHandler</STRONG> (Thumb, 0 bytes, Stack size 0 bytes, startup_gd32f10x_hd.o(.text))
<BR>[Address Reference Count : 1]<UL><LI> startup_gd32f10x_hd.o(RESET)
</UL>
<P><STRONG><a name="[3f]"></a>TIMER5_IRQHandler</STRONG> (Thumb, 0 bytes, Stack size 0 bytes, startup_gd32f10x_hd.o(.text))
<BR>[Address Reference Count : 1]<UL><LI> startup_gd32f10x_hd.o(RESET)
</UL>
<P><STRONG><a name="[43]"></a>TIMER6_IRQHandler</STRONG> (Thumb, 0 bytes, Stack size 0 bytes, startup_gd32f10x_hd.o(.text))
<BR>[Address Reference Count : 1]<UL><LI> startup_gd32f10x_hd.o(RESET)
</UL>
<P><STRONG><a name="[44]"></a>TIMER7_IRQHandler</STRONG> (Thumb, 0 bytes, Stack size 0 bytes, startup_gd32f10x_hd.o(.text))
<BR>[Address Reference Count : 1]<UL><LI> startup_gd32f10x_hd.o(RESET)
</UL>
<P><STRONG><a name="[38]"></a>TIMER8_BRK_IRQHandler</STRONG> (Thumb, 0 bytes, Stack size 0 bytes, startup_gd32f10x_hd.o(.text))
<BR>[Address Reference Count : 1]<UL><LI> startup_gd32f10x_hd.o(RESET)
</UL>
<P><STRONG><a name="[3b]"></a>TIMER8_CC_IRQHandler</STRONG> (Thumb, 0 bytes, Stack size 0 bytes, startup_gd32f10x_hd.o(.text))
<BR>[Address Reference Count : 1]<UL><LI> startup_gd32f10x_hd.o(RESET)
</UL>
<P><STRONG><a name="[3a]"></a>TIMER8_TRG_COM_IRQHandler</STRONG> (Thumb, 0 bytes, Stack size 0 bytes, startup_gd32f10x_hd.o(.text))
<BR>[Address Reference Count : 1]<UL><LI> startup_gd32f10x_hd.o(RESET)
</UL>
<P><STRONG><a name="[39]"></a>TIMER8_UP_IRQHandler</STRONG> (Thumb, 0 bytes, Stack size 0 bytes, startup_gd32f10x_hd.o(.text))
<BR>[Address Reference Count : 1]<UL><LI> startup_gd32f10x_hd.o(RESET)
</UL>
<P><STRONG><a name="[41]"></a>UART4_IRQHandler</STRONG> (Thumb, 0 bytes, Stack size 0 bytes, startup_gd32f10x_hd.o(.text))
<BR>[Address Reference Count : 1]<UL><LI> startup_gd32f10x_hd.o(RESET)
</UL>
<P><STRONG><a name="[42]"></a>UART5_IRQHandler</STRONG> (Thumb, 0 bytes, Stack size 0 bytes, startup_gd32f10x_hd.o(.text))
<BR>[Address Reference Count : 1]<UL><LI> startup_gd32f10x_hd.o(RESET)
</UL>
<P><STRONG><a name="[32]"></a>USART1_IRQHandler</STRONG> (Thumb, 0 bytes, Stack size 0 bytes, startup_gd32f10x_hd.o(.text))
<BR>[Address Reference Count : 1]<UL><LI> startup_gd32f10x_hd.o(RESET)
</UL>
<P><STRONG><a name="[33]"></a>USART2_IRQHandler</STRONG> (Thumb, 0 bytes, Stack size 0 bytes, startup_gd32f10x_hd.o(.text))
<BR>[Address Reference Count : 1]<UL><LI> startup_gd32f10x_hd.o(RESET)
</UL>
<P><STRONG><a name="[34]"></a>USART3_IRQHandler</STRONG> (Thumb, 0 bytes, Stack size 0 bytes, startup_gd32f10x_hd.o(.text))
<BR>[Address Reference Count : 1]<UL><LI> startup_gd32f10x_hd.o(RESET)
</UL>
<P><STRONG><a name="[37]"></a>USBWakeUp_IRQHandler</STRONG> (Thumb, 0 bytes, Stack size 0 bytes, startup_gd32f10x_hd.o(.text))
<BR>[Address Reference Count : 1]<UL><LI> startup_gd32f10x_hd.o(RESET)
</UL>
<P><STRONG><a name="[20]"></a>USB_HP_CAN1_TX_IRQHandler</STRONG> (Thumb, 0 bytes, Stack size 0 bytes, startup_gd32f10x_hd.o(.text))
<BR>[Address Reference Count : 1]<UL><LI> startup_gd32f10x_hd.o(RESET)
</UL>
<P><STRONG><a name="[d]"></a>WWDG_IRQHandler</STRONG> (Thumb, 0 bytes, Stack size 0 bytes, startup_gd32f10x_hd.o(.text))
<BR>[Address Reference Count : 1]<UL><LI> startup_gd32f10x_hd.o(RESET)
</UL>
<P><STRONG><a name="[8e]"></a>__user_initial_stackheap</STRONG> (Thumb, 0 bytes, Stack size unknown bytes, startup_gd32f10x_hd.o(.text))
<BR><BR>[Called By]<UL><LI><a href="#[83]">&gt;&gt;</a>&nbsp;&nbsp;&nbsp;__user_setup_stackheap
</UL>

<P><STRONG><a name="[108]"></a>__use_two_region_memory</STRONG> (Thumb, 2 bytes, Stack size 0 bytes, heapauxi.o(.text), UNUSED)

<P><STRONG><a name="[109]"></a>__rt_heap_escrow$2region</STRONG> (Thumb, 2 bytes, Stack size 0 bytes, heapauxi.o(.text), UNUSED)

<P><STRONG><a name="[10a]"></a>__rt_heap_expand$2region</STRONG> (Thumb, 2 bytes, Stack size 0 bytes, heapauxi.o(.text), UNUSED)

<P><STRONG><a name="[83]"></a>__user_setup_stackheap</STRONG> (Thumb, 74 bytes, Stack size 8 bytes, sys_stackheap_outer.o(.text))
<BR><BR>[Stack]<UL><LI>Max Depth = 8 + Unknown Stack Size
<LI>Call Chain = __user_setup_stackheap
</UL>
<BR>[Calls]<UL><LI><a href="#[8e]">&gt;&gt;</a>&nbsp;&nbsp;&nbsp;__user_initial_stackheap
<LI><a href="#[8d]">&gt;&gt;</a>&nbsp;&nbsp;&nbsp;__user_perproc_libspace
</UL>
<BR>[Called By]<UL><LI><a href="#[82]">&gt;&gt;</a>&nbsp;&nbsp;&nbsp;__rt_entry_sh
</UL>

<P><STRONG><a name="[88]"></a>exit</STRONG> (Thumb, 12 bytes, Stack size 0 bytes, exit.o(.text))
<BR><BR>[Calls]<UL><LI><a href="#[8f]">&gt;&gt;</a>&nbsp;&nbsp;&nbsp;__rt_exit
</UL>
<BR>[Called By]<UL><LI><a href="#[86]">&gt;&gt;</a>&nbsp;&nbsp;&nbsp;__rt_entry_main
</UL>

<P><STRONG><a name="[10b]"></a>__user_libspace</STRONG> (Thumb, 8 bytes, Stack size 0 bytes, libspace.o(.text), UNUSED)

<P><STRONG><a name="[8d]"></a>__user_perproc_libspace</STRONG> (Thumb, 0 bytes, Stack size 0 bytes, libspace.o(.text))
<BR><BR>[Called By]<UL><LI><a href="#[83]">&gt;&gt;</a>&nbsp;&nbsp;&nbsp;__user_setup_stackheap
</UL>

<P><STRONG><a name="[10c]"></a>__user_perthread_libspace</STRONG> (Thumb, 0 bytes, Stack size 0 bytes, libspace.o(.text), UNUSED)

<P><STRONG><a name="[8c]"></a>_sys_exit</STRONG> (Thumb, 8 bytes, Stack size 0 bytes, sys_exit.o(.text))
<BR><BR>[Called By]<UL><LI><a href="#[8b]">&gt;&gt;</a>&nbsp;&nbsp;&nbsp;__rt_exit_exit
</UL>

<P><STRONG><a name="[10d]"></a>__I$use$semihosting</STRONG> (Thumb, 0 bytes, Stack size 0 bytes, use_no_semi.o(.text), UNUSED)

<P><STRONG><a name="[10e]"></a>__use_no_semihosting_swi</STRONG> (Thumb, 2 bytes, Stack size 0 bytes, use_no_semi.o(.text), UNUSED)

<P><STRONG><a name="[10f]"></a>__semihosting_library_function</STRONG> (Thumb, 0 bytes, Stack size unknown bytes, indicate_semi.o(.text), UNUSED)

<P><STRONG><a name="[d8]"></a>BufferCopyToUser</STRONG> (Thumb, 34 bytes, Stack size 20 bytes, usb_buf.o(i.BufferCopyToUser))
<BR><BR>[Stack]<UL><LI>Max Depth = 20<LI>Call Chain = BufferCopyToUser
</UL>
<BR>[Called By]<UL><LI><a href="#[6b]">&gt;&gt;</a>&nbsp;&nbsp;&nbsp;USBINT_LPST
<LI><a href="#[6a]">&gt;&gt;</a>&nbsp;&nbsp;&nbsp;USBINT_HPST
</UL>

<P><STRONG><a name="[c8]"></a>DR_Init</STRONG> (Thumb, 40 bytes, Stack size 0 bytes, usb_core.o(i.DR_Init))
<BR><BR>[Called By]<UL><LI><a href="#[c5]">&gt;&gt;</a>&nbsp;&nbsp;&nbsp;USBD_Init
</UL>

<P><STRONG><a name="[90]"></a>FMC_ErasePage</STRONG> (Thumb, 66 bytes, Stack size 12 bytes, gd32f10x_fmc.o(i.FMC_ErasePage))
<BR><BR>[Stack]<UL><LI>Max Depth = 16<LI>Call Chain = FMC_ErasePage &rArr; FMC_WaitReady
</UL>
<BR>[Calls]<UL><LI><a href="#[91]">&gt;&gt;</a>&nbsp;&nbsp;&nbsp;FMC_WaitReady
</UL>
<BR>[Called By]<UL><LI><a href="#[96]">&gt;&gt;</a>&nbsp;&nbsp;&nbsp;Flash_WriteMultiBlocks
</UL>

<P><STRONG><a name="[93]"></a>FMC_GetState</STRONG> (Thumb, 48 bytes, Stack size 0 bytes, gd32f10x_fmc.o(i.FMC_GetState))
<BR><BR>[Called By]<UL><LI><a href="#[91]">&gt;&gt;</a>&nbsp;&nbsp;&nbsp;FMC_WaitReady
</UL>

<P><STRONG><a name="[92]"></a>FMC_ProgramWord</STRONG> (Thumb, 58 bytes, Stack size 16 bytes, gd32f10x_fmc.o(i.FMC_ProgramWord))
<BR><BR>[Stack]<UL><LI>Max Depth = 20<LI>Call Chain = FMC_ProgramWord &rArr; FMC_WaitReady
</UL>
<BR>[Calls]<UL><LI><a href="#[91]">&gt;&gt;</a>&nbsp;&nbsp;&nbsp;FMC_WaitReady
</UL>
<BR>[Called By]<UL><LI><a href="#[96]">&gt;&gt;</a>&nbsp;&nbsp;&nbsp;Flash_WriteMultiBlocks
</UL>

<P><STRONG><a name="[95]"></a>FMC_Unlock</STRONG> (Thumb, 22 bytes, Stack size 0 bytes, gd32f10x_fmc.o(i.FMC_Unlock))
<BR><BR>[Called By]<UL><LI><a href="#[94]">&gt;&gt;</a>&nbsp;&nbsp;&nbsp;Flash_Init
</UL>

<P><STRONG><a name="[91]"></a>FMC_WaitReady</STRONG> (Thumb, 34 bytes, Stack size 4 bytes, gd32f10x_fmc.o(i.FMC_WaitReady))
<BR><BR>[Stack]<UL><LI>Max Depth = 4<LI>Call Chain = FMC_WaitReady
</UL>
<BR>[Calls]<UL><LI><a href="#[93]">&gt;&gt;</a>&nbsp;&nbsp;&nbsp;FMC_GetState
</UL>
<BR>[Called By]<UL><LI><a href="#[92]">&gt;&gt;</a>&nbsp;&nbsp;&nbsp;FMC_ProgramWord
<LI><a href="#[90]">&gt;&gt;</a>&nbsp;&nbsp;&nbsp;FMC_ErasePage
</UL>

<P><STRONG><a name="[94]"></a>Flash_Init</STRONG> (Thumb, 10 bytes, Stack size 8 bytes, flash_msd.o(i.Flash_Init))
<BR><BR>[Stack]<UL><LI>Max Depth = 8<LI>Call Chain = Flash_Init
</UL>
<BR>[Calls]<UL><LI><a href="#[95]">&gt;&gt;</a>&nbsp;&nbsp;&nbsp;FMC_Unlock
</UL>
<BR>[Called By]<UL><LI><a href="#[52]">&gt;&gt;</a>&nbsp;&nbsp;&nbsp;STORAGE_Init
</UL>

<P><STRONG><a name="[b5]"></a>Flash_ReadMultiBlocks</STRONG> (Thumb, 38 bytes, Stack size 20 bytes, flash_msd.o(i.Flash_ReadMultiBlocks))
<BR><BR>[Stack]<UL><LI>Max Depth = 20<LI>Call Chain = Flash_ReadMultiBlocks
</UL>
<BR>[Called By]<UL><LI><a href="#[56]">&gt;&gt;</a>&nbsp;&nbsp;&nbsp;STORAGE_Read
</UL>

<P><STRONG><a name="[96]"></a>Flash_WriteMultiBlocks</STRONG> (Thumb, 242 bytes, Stack size 40 bytes, flash_msd.o(i.Flash_WriteMultiBlocks))
<BR><BR>[Stack]<UL><LI>Max Depth = 60<LI>Call Chain = Flash_WriteMultiBlocks &rArr; FMC_ProgramWord &rArr; FMC_WaitReady
</UL>
<BR>[Calls]<UL><LI><a href="#[92]">&gt;&gt;</a>&nbsp;&nbsp;&nbsp;FMC_ProgramWord
<LI><a href="#[90]">&gt;&gt;</a>&nbsp;&nbsp;&nbsp;FMC_ErasePage
</UL>
<BR>[Called By]<UL><LI><a href="#[57]">&gt;&gt;</a>&nbsp;&nbsp;&nbsp;STORAGE_Write
</UL>

<P><STRONG><a name="[d7]"></a>FreeUserBuffer</STRONG> (Thumb, 72 bytes, Stack size 8 bytes, usb_buf.o(i.FreeUserBuffer))
<BR><BR>[Stack]<UL><LI>Max Depth = 8<LI>Call Chain = FreeUserBuffer
</UL>
<BR>[Called By]<UL><LI><a href="#[a4]">&gt;&gt;</a>&nbsp;&nbsp;&nbsp;USB_EP_Tx
<LI><a href="#[6a]">&gt;&gt;</a>&nbsp;&nbsp;&nbsp;USBINT_HPST
</UL>

<P><STRONG><a name="[e1]"></a>GPIO_Init</STRONG> (Thumb, 278 bytes, Stack size 24 bytes, gd32f10x_gpio.o(i.GPIO_Init))
<BR><BR>[Stack]<UL><LI>Max Depth = 24<LI>Call Chain = GPIO_Init
</UL>
<BR>[Called By]<UL><LI><a href="#[df]">&gt;&gt;</a>&nbsp;&nbsp;&nbsp;USB_HWP_Init
</UL>

<P><STRONG><a name="[db]"></a>GPIO_ResetBits</STRONG> (Thumb, 4 bytes, Stack size 0 bytes, gd32f10x_gpio.o(i.GPIO_ResetBits))
<BR><BR>[Called By]<UL><LI><a href="#[bc]">&gt;&gt;</a>&nbsp;&nbsp;&nbsp;USB_Cable_Config
</UL>

<P><STRONG><a name="[da]"></a>GPIO_SetBits</STRONG> (Thumb, 4 bytes, Stack size 0 bytes, gd32f10x_gpio.o(i.GPIO_SetBits))
<BR><BR>[Called By]<UL><LI><a href="#[bc]">&gt;&gt;</a>&nbsp;&nbsp;&nbsp;USB_Cable_Config
</UL>

<P><STRONG><a name="[c7]"></a>Get_SerialString</STRONG> (Thumb, 24 bytes, Stack size 0 bytes, usbd_desc.o(i.Get_SerialString))
<BR><BR>[Called By]<UL><LI><a href="#[c5]">&gt;&gt;</a>&nbsp;&nbsp;&nbsp;USBD_Init
</UL>

<P><STRONG><a name="[5]"></a>HardFault_Handler</STRONG> (Thumb, 4 bytes, Stack size 0 bytes, gd32_it.o(i.HardFault_Handler))
<BR>[Address Reference Count : 1]<UL><LI> startup_gd32f10x_hd.o(RESET)
</UL>
<P><STRONG><a name="[9f]"></a>MSC_BBB_CplClrFeature</STRONG> (Thumb, 56 bytes, Stack size 16 bytes, usbd_msc_bot.o(i.MSC_BBB_CplClrFeature))
<BR><BR>[Stack]<UL><LI>Max Depth = 84<LI>Call Chain = MSC_BBB_CplClrFeature &rArr; MSC_BBB_SendCSW &rArr; USB_EP_Tx &rArr; UserCopyToBuffer
</UL>
<BR>[Calls]<UL><LI><a href="#[98]">&gt;&gt;</a>&nbsp;&nbsp;&nbsp;USB_EP_Stall
<LI><a href="#[9e]">&gt;&gt;</a>&nbsp;&nbsp;&nbsp;MSC_BBB_SendCSW
</UL>
<BR>[Called By]<UL><LI><a href="#[7c]">&gt;&gt;</a>&nbsp;&nbsp;&nbsp;USBD_MSC_ClearFeature
</UL>

<P><STRONG><a name="[a0]"></a>MSC_BBB_DataIn</STRONG> (Thumb, 70 bytes, Stack size 16 bytes, usbd_msc_bot.o(i.MSC_BBB_DataIn))
<BR><BR>[Stack]<UL><LI>Max Depth = 140<LI>Call Chain = MSC_BBB_DataIn &rArr; SCSI_ProcessCmd &rArr; SCSI_Write10 &rArr; SCSI_ProcessWrite &rArr; MSC_BBB_SendCSW &rArr; USB_EP_Tx &rArr; UserCopyToBuffer
</UL>
<BR>[Calls]<UL><LI><a href="#[9c]">&gt;&gt;</a>&nbsp;&nbsp;&nbsp;SCSI_ProcessCmd
<LI><a href="#[9e]">&gt;&gt;</a>&nbsp;&nbsp;&nbsp;MSC_BBB_SendCSW
</UL>
<BR>[Called By]<UL><LI><a href="#[79]">&gt;&gt;</a>&nbsp;&nbsp;&nbsp;USBD_MSC_DataIn
</UL>

<P><STRONG><a name="[a1]"></a>MSC_BBB_DataOut</STRONG> (Thumb, 60 bytes, Stack size 16 bytes, usbd_msc_bot.o(i.MSC_BBB_DataOut))
<BR><BR>[Stack]<UL><LI>Max Depth = 156<LI>Call Chain = MSC_BBB_DataOut &rArr; MSC_BBB_CBW_Decode &rArr; SCSI_ProcessCmd &rArr; SCSI_Write10 &rArr; SCSI_ProcessWrite &rArr; MSC_BBB_SendCSW &rArr; USB_EP_Tx &rArr; UserCopyToBuffer
</UL>
<BR>[Calls]<UL><LI><a href="#[9c]">&gt;&gt;</a>&nbsp;&nbsp;&nbsp;SCSI_ProcessCmd
<LI><a href="#[9e]">&gt;&gt;</a>&nbsp;&nbsp;&nbsp;MSC_BBB_SendCSW
<LI><a href="#[9a]">&gt;&gt;</a>&nbsp;&nbsp;&nbsp;MSC_BBB_CBW_Decode
</UL>
<BR>[Called By]<UL><LI><a href="#[7a]">&gt;&gt;</a>&nbsp;&nbsp;&nbsp;USBD_MSC_DataOut
</UL>

<P><STRONG><a name="[ca]"></a>MSC_BBB_DeInit</STRONG> (Thumb, 8 bytes, Stack size 0 bytes, usbd_msc_bot.o(i.MSC_BBB_DeInit))
<BR><BR>[Called By]<UL><LI><a href="#[74]">&gt;&gt;</a>&nbsp;&nbsp;&nbsp;USBD_MSC_DeInit
</UL>

<P><STRONG><a name="[a2]"></a>MSC_BBB_Init</STRONG> (Thumb, 38 bytes, Stack size 8 bytes, usbd_msc_bot.o(i.MSC_BBB_Init))
<BR><BR>[Stack]<UL><LI>Max Depth = 32<LI>Call Chain = MSC_BBB_Init &rArr; USB_EP_Rx
</UL>
<BR>[Calls]<UL><LI><a href="#[99]">&gt;&gt;</a>&nbsp;&nbsp;&nbsp;USB_EP_Rx
</UL>
<BR>[Called By]<UL><LI><a href="#[73]">&gt;&gt;</a>&nbsp;&nbsp;&nbsp;USBD_MSC_Init
</UL>

<P><STRONG><a name="[a3]"></a>MSC_BBB_Reset</STRONG> (Thumb, 30 bytes, Stack size 8 bytes, usbd_msc_bot.o(i.MSC_BBB_Reset))
<BR><BR>[Stack]<UL><LI>Max Depth = 32<LI>Call Chain = MSC_BBB_Reset &rArr; USB_EP_Rx
</UL>
<BR>[Calls]<UL><LI><a href="#[99]">&gt;&gt;</a>&nbsp;&nbsp;&nbsp;USB_EP_Rx
</UL>
<BR>[Called By]<UL><LI><a href="#[76]">&gt;&gt;</a>&nbsp;&nbsp;&nbsp;USBD_MSC_ClassReqHandle
</UL>

<P><STRONG><a name="[9e]"></a>MSC_BBB_SendCSW</STRONG> (Thumb, 48 bytes, Stack size 16 bytes, usbd_msc_bot.o(i.MSC_BBB_SendCSW))
<BR><BR>[Stack]<UL><LI>Max Depth = 68<LI>Call Chain = MSC_BBB_SendCSW &rArr; USB_EP_Tx &rArr; UserCopyToBuffer
</UL>
<BR>[Calls]<UL><LI><a href="#[a4]">&gt;&gt;</a>&nbsp;&nbsp;&nbsp;USB_EP_Tx
<LI><a href="#[99]">&gt;&gt;</a>&nbsp;&nbsp;&nbsp;USB_EP_Rx
</UL>
<BR>[Called By]<UL><LI><a href="#[b4]">&gt;&gt;</a>&nbsp;&nbsp;&nbsp;SCSI_ProcessWrite
<LI><a href="#[a1]">&gt;&gt;</a>&nbsp;&nbsp;&nbsp;MSC_BBB_DataOut
<LI><a href="#[a0]">&gt;&gt;</a>&nbsp;&nbsp;&nbsp;MSC_BBB_DataIn
<LI><a href="#[9f]">&gt;&gt;</a>&nbsp;&nbsp;&nbsp;MSC_BBB_CplClrFeature
<LI><a href="#[9a]">&gt;&gt;</a>&nbsp;&nbsp;&nbsp;MSC_BBB_CBW_Decode
</UL>

<P><STRONG><a name="[4]"></a>NMI_Handler</STRONG> (Thumb, 2 bytes, Stack size 0 bytes, gd32_it.o(i.NMI_Handler))
<BR>[Address Reference Count : 1]<UL><LI> startup_gd32f10x_hd.o(RESET)
</UL>
<P><STRONG><a name="[e4]"></a>NVIC_Init</STRONG> (Thumb, 192 bytes, Stack size 16 bytes, gd32f10x_misc.o(i.NVIC_Init))
<BR><BR>[Stack]<UL><LI>Max Depth = 16<LI>Call Chain = NVIC_Init
</UL>
<BR>[Called By]<UL><LI><a href="#[e2]">&gt;&gt;</a>&nbsp;&nbsp;&nbsp;USB_HWP_USBINTConfig
</UL>

<P><STRONG><a name="[e3]"></a>NVIC_PRIGroup_Enable</STRONG> (Thumb, 10 bytes, Stack size 0 bytes, gd32f10x_misc.o(i.NVIC_PRIGroup_Enable))
<BR><BR>[Called By]<UL><LI><a href="#[e2]">&gt;&gt;</a>&nbsp;&nbsp;&nbsp;USB_HWP_USBINTConfig
</UL>

<P><STRONG><a name="[b]"></a>PendSV_Handler</STRONG> (Thumb, 2 bytes, Stack size 0 bytes, gd32_it.o(i.PendSV_Handler))
<BR>[Address Reference Count : 1]<UL><LI> startup_gd32f10x_hd.o(RESET)
</UL>
<P><STRONG><a name="[de]"></a>RCC_APB1PeriphClock_Enable</STRONG> (Thumb, 26 bytes, Stack size 0 bytes, gd32f10x_rcc.o(i.RCC_APB1PeriphClock_Enable))
<BR><BR>[Called By]<UL><LI><a href="#[dc]">&gt;&gt;</a>&nbsp;&nbsp;&nbsp;USB_HWP_ClockConfig
</UL>

<P><STRONG><a name="[e0]"></a>RCC_APB2PeriphClock_Enable</STRONG> (Thumb, 26 bytes, Stack size 0 bytes, gd32f10x_rcc.o(i.RCC_APB2PeriphClock_Enable))
<BR><BR>[Called By]<UL><LI><a href="#[df]">&gt;&gt;</a>&nbsp;&nbsp;&nbsp;USB_HWP_Init
</UL>

<P><STRONG><a name="[dd]"></a>RCC_USBCLKConfig</STRONG> (Thumb, 22 bytes, Stack size 0 bytes, gd32f10x_rcc.o(i.RCC_USBCLKConfig))
<BR><BR>[Called By]<UL><LI><a href="#[dc]">&gt;&gt;</a>&nbsp;&nbsp;&nbsp;USB_HWP_ClockConfig
</UL>

<P><STRONG><a name="[9c]"></a>SCSI_ProcessCmd</STRONG> (Thumb, 222 bytes, Stack size 16 bytes, usbd_msc_scsi.o(i.SCSI_ProcessCmd))
<BR><BR>[Stack]<UL><LI>Max Depth = 124<LI>Call Chain = SCSI_ProcessCmd &rArr; SCSI_Write10 &rArr; SCSI_ProcessWrite &rArr; MSC_BBB_SendCSW &rArr; USB_EP_Tx &rArr; UserCopyToBuffer
</UL>
<BR>[Calls]<UL><LI><a href="#[b0]">&gt;&gt;</a>&nbsp;&nbsp;&nbsp;SCSI_Write10
<LI><a href="#[b1]">&gt;&gt;</a>&nbsp;&nbsp;&nbsp;SCSI_Verify10
<LI><a href="#[a6]">&gt;&gt;</a>&nbsp;&nbsp;&nbsp;SCSI_TestUnitReady
<LI><a href="#[a9]">&gt;&gt;</a>&nbsp;&nbsp;&nbsp;SCSI_StartStopUnit
<LI><a href="#[a7]">&gt;&gt;</a>&nbsp;&nbsp;&nbsp;SCSI_RequestSense
<LI><a href="#[ad]">&gt;&gt;</a>&nbsp;&nbsp;&nbsp;SCSI_ReadFormatCapacity
<LI><a href="#[ae]">&gt;&gt;</a>&nbsp;&nbsp;&nbsp;SCSI_ReadCapacity10
<LI><a href="#[af]">&gt;&gt;</a>&nbsp;&nbsp;&nbsp;SCSI_Read10
<LI><a href="#[ab]">&gt;&gt;</a>&nbsp;&nbsp;&nbsp;SCSI_ModeSense6
<LI><a href="#[ac]">&gt;&gt;</a>&nbsp;&nbsp;&nbsp;SCSI_ModeSense10
<LI><a href="#[a8]">&gt;&gt;</a>&nbsp;&nbsp;&nbsp;SCSI_Inquiry
<LI><a href="#[b2]">&gt;&gt;</a>&nbsp;&nbsp;&nbsp;SCSI_Format_Cmd
<LI><a href="#[aa]">&gt;&gt;</a>&nbsp;&nbsp;&nbsp;SCSI_AllowMediumRemoval
<LI><a href="#[9b]">&gt;&gt;</a>&nbsp;&nbsp;&nbsp;SCSI_SenseCode
</UL>
<BR>[Called By]<UL><LI><a href="#[a1]">&gt;&gt;</a>&nbsp;&nbsp;&nbsp;MSC_BBB_DataOut
<LI><a href="#[a0]">&gt;&gt;</a>&nbsp;&nbsp;&nbsp;MSC_BBB_DataIn
<LI><a href="#[9a]">&gt;&gt;</a>&nbsp;&nbsp;&nbsp;MSC_BBB_CBW_Decode
</UL>

<P><STRONG><a name="[b3]"></a>SCSI_ProcessRead</STRONG> (Thumb, 138 bytes, Stack size 24 bytes, usbd_msc_scsi.o(i.SCSI_ProcessRead))
<BR><BR>[Stack]<UL><LI>Max Depth = 76<LI>Call Chain = SCSI_ProcessRead &rArr; USB_EP_Tx &rArr; UserCopyToBuffer
</UL>
<BR>[Calls]<UL><LI><a href="#[a4]">&gt;&gt;</a>&nbsp;&nbsp;&nbsp;USB_EP_Tx
<LI><a href="#[9b]">&gt;&gt;</a>&nbsp;&nbsp;&nbsp;SCSI_SenseCode
</UL>
<BR>[Called By]<UL><LI><a href="#[af]">&gt;&gt;</a>&nbsp;&nbsp;&nbsp;SCSI_Read10
</UL>

<P><STRONG><a name="[b4]"></a>SCSI_ProcessWrite</STRONG> (Thumb, 164 bytes, Stack size 24 bytes, usbd_msc_scsi.o(i.SCSI_ProcessWrite))
<BR><BR>[Stack]<UL><LI>Max Depth = 92<LI>Call Chain = SCSI_ProcessWrite &rArr; MSC_BBB_SendCSW &rArr; USB_EP_Tx &rArr; UserCopyToBuffer
</UL>
<BR>[Calls]<UL><LI><a href="#[99]">&gt;&gt;</a>&nbsp;&nbsp;&nbsp;USB_EP_Rx
<LI><a href="#[9b]">&gt;&gt;</a>&nbsp;&nbsp;&nbsp;SCSI_SenseCode
<LI><a href="#[9e]">&gt;&gt;</a>&nbsp;&nbsp;&nbsp;MSC_BBB_SendCSW
</UL>
<BR>[Called By]<UL><LI><a href="#[b0]">&gt;&gt;</a>&nbsp;&nbsp;&nbsp;SCSI_Write10
</UL>

<P><STRONG><a name="[9b]"></a>SCSI_SenseCode</STRONG> (Thumb, 58 bytes, Stack size 12 bytes, usbd_msc_scsi.o(i.SCSI_SenseCode))
<BR><BR>[Stack]<UL><LI>Max Depth = 12<LI>Call Chain = SCSI_SenseCode
</UL>
<BR>[Called By]<UL><LI><a href="#[b4]">&gt;&gt;</a>&nbsp;&nbsp;&nbsp;SCSI_ProcessWrite
<LI><a href="#[b3]">&gt;&gt;</a>&nbsp;&nbsp;&nbsp;SCSI_ProcessRead
<LI><a href="#[b0]">&gt;&gt;</a>&nbsp;&nbsp;&nbsp;SCSI_Write10
<LI><a href="#[b1]">&gt;&gt;</a>&nbsp;&nbsp;&nbsp;SCSI_Verify10
<LI><a href="#[a6]">&gt;&gt;</a>&nbsp;&nbsp;&nbsp;SCSI_TestUnitReady
<LI><a href="#[ad]">&gt;&gt;</a>&nbsp;&nbsp;&nbsp;SCSI_ReadFormatCapacity
<LI><a href="#[ae]">&gt;&gt;</a>&nbsp;&nbsp;&nbsp;SCSI_ReadCapacity10
<LI><a href="#[af]">&gt;&gt;</a>&nbsp;&nbsp;&nbsp;SCSI_Read10
<LI><a href="#[a5]">&gt;&gt;</a>&nbsp;&nbsp;&nbsp;SCSI_CheckAddressRange
<LI><a href="#[9c]">&gt;&gt;</a>&nbsp;&nbsp;&nbsp;SCSI_ProcessCmd
<LI><a href="#[9a]">&gt;&gt;</a>&nbsp;&nbsp;&nbsp;MSC_BBB_CBW_Decode
</UL>

<P><STRONG><a name="[9]"></a>SVC_Handler</STRONG> (Thumb, 2 bytes, Stack size 0 bytes, gd32_it.o(i.SVC_Handler))
<BR>[Address Reference Count : 1]<UL><LI> startup_gd32f10x_hd.o(RESET)
</UL>
<P><STRONG><a name="[c]"></a>SysTick_Handler</STRONG> (Thumb, 2 bytes, Stack size 0 bytes, gd32_it.o(i.SysTick_Handler))
<BR>[Address Reference Count : 1]<UL><LI> startup_gd32f10x_hd.o(RESET)
</UL>
<P><STRONG><a name="[49]"></a>SystemInit</STRONG> (Thumb, 72 bytes, Stack size 8 bytes, system_gd32f10x.o(i.SystemInit))
<BR><BR>[Stack]<UL><LI>Max Depth = 28<LI>Call Chain = SystemInit &rArr; SetSysClock &rArr; SetSysClockTo72
</UL>
<BR>[Calls]<UL><LI><a href="#[b6]">&gt;&gt;</a>&nbsp;&nbsp;&nbsp;SetSysClock
</UL>
<BR>[Address Reference Count : 1]<UL><LI> startup_gd32f10x_hd.o(.text)
</UL>
<P><STRONG><a name="[d0]"></a>USBD_ClrCfg</STRONG> (Thumb, 22 bytes, Stack size 16 bytes, usbd_core.o(i.USBD_ClrCfg))
<BR><BR>[Stack]<UL><LI>Max Depth = 16<LI>Call Chain = USBD_ClrCfg
</UL>
<BR>[Called By]<UL><LI><a href="#[66]">&gt;&gt;</a>&nbsp;&nbsp;&nbsp;USBD_SetConfiguration
</UL>

<P><STRONG><a name="[bb]"></a>USBD_Connect</STRONG> (Thumb, 16 bytes, Stack size 8 bytes, usbd_core.o(i.USBD_Connect))
<BR><BR>[Stack]<UL><LI>Max Depth = 16<LI>Call Chain = USBD_Connect &rArr; USB_Cable_Config
</UL>
<BR>[Calls]<UL><LI><a href="#[bc]">&gt;&gt;</a>&nbsp;&nbsp;&nbsp;USB_Cable_Config
</UL>
<BR>[Called By]<UL><LI><a href="#[87]">&gt;&gt;</a>&nbsp;&nbsp;&nbsp;main
</UL>

<P><STRONG><a name="[bd]"></a>USBD_DataInStage</STRONG> (Thumb, 202 bytes, Stack size 16 bytes, usbd_core.o(i.USBD_DataInStage))
<BR><BR>[Stack]<UL><LI>Max Depth = 84<LI>Call Chain = USBD_DataInStage &rArr; USB_CtlContinueTx &rArr; USB_EP_Tx &rArr; UserCopyToBuffer
</UL>
<BR>[Calls]<UL><LI><a href="#[a4]">&gt;&gt;</a>&nbsp;&nbsp;&nbsp;USB_EP_Tx
<LI><a href="#[c0]">&gt;&gt;</a>&nbsp;&nbsp;&nbsp;USB_EP_SetAddress
<LI><a href="#[bf]">&gt;&gt;</a>&nbsp;&nbsp;&nbsp;USB_CtlReceiveStatus
<LI><a href="#[be]">&gt;&gt;</a>&nbsp;&nbsp;&nbsp;USB_CtlContinueTx
</UL>
<BR>[Called By]<UL><LI><a href="#[6b]">&gt;&gt;</a>&nbsp;&nbsp;&nbsp;USBINT_LPST
</UL>

<P><STRONG><a name="[c1]"></a>USBD_DataOutStage</STRONG> (Thumb, 140 bytes, Stack size 16 bytes, usbd_core.o(i.USBD_DataOutStage))
<BR><BR>[Stack]<UL><LI>Max Depth = 76<LI>Call Chain = USBD_DataOutStage &rArr; USB_CtlTransmitStatus &rArr; USB_EP_Tx &rArr; UserCopyToBuffer
</UL>
<BR>[Calls]<UL><LI><a href="#[b8]">&gt;&gt;</a>&nbsp;&nbsp;&nbsp;USB_CtlTransmitStatus
<LI><a href="#[c2]">&gt;&gt;</a>&nbsp;&nbsp;&nbsp;USB_CtlContinueRx
</UL>
<BR>[Called By]<UL><LI><a href="#[6b]">&gt;&gt;</a>&nbsp;&nbsp;&nbsp;USBINT_LPST
</UL>

<P><STRONG><a name="[c6]"></a>USBD_DeInit</STRONG> (Thumb, 6 bytes, Stack size 0 bytes, usbd_core.o(i.USBD_DeInit))
<BR><BR>[Called By]<UL><LI><a href="#[c5]">&gt;&gt;</a>&nbsp;&nbsp;&nbsp;USBD_Init
</UL>

<P><STRONG><a name="[c3]"></a>USBD_DevClsReq</STRONG> (Thumb, 72 bytes, Stack size 16 bytes, usbd_enum.o(i.USBD_DevClsReq))
<BR><BR>[Stack]<UL><LI>Max Depth = 76<LI>Call Chain = USBD_DevClsReq &rArr; USB_CtlTransmitStatus &rArr; USB_EP_Tx &rArr; UserCopyToBuffer
</UL>
<BR>[Calls]<UL><LI><a href="#[b8]">&gt;&gt;</a>&nbsp;&nbsp;&nbsp;USB_CtlTransmitStatus
<LI><a href="#[b9]">&gt;&gt;</a>&nbsp;&nbsp;&nbsp;USBD_EnumError
</UL>
<BR>[Called By]<UL><LI><a href="#[d1]">&gt;&gt;</a>&nbsp;&nbsp;&nbsp;USBD_SetupStage
</UL>

<P><STRONG><a name="[b9]"></a>USBD_EnumError</STRONG> (Thumb, 16 bytes, Stack size 16 bytes, usbd_enum.o(i.USBD_EnumError))
<BR><BR>[Stack]<UL><LI>Max Depth = 36<LI>Call Chain = USBD_EnumError &rArr; USB_EP_Stall
</UL>
<BR>[Calls]<UL><LI><a href="#[98]">&gt;&gt;</a>&nbsp;&nbsp;&nbsp;USB_EP_Stall
</UL>
<BR>[Called By]<UL><LI><a href="#[76]">&gt;&gt;</a>&nbsp;&nbsp;&nbsp;USBD_MSC_ClassReqHandle
<LI><a href="#[68]">&gt;&gt;</a>&nbsp;&nbsp;&nbsp;USBD_SetInterface
<LI><a href="#[61]">&gt;&gt;</a>&nbsp;&nbsp;&nbsp;USBD_SetFeature
<LI><a href="#[66]">&gt;&gt;</a>&nbsp;&nbsp;&nbsp;USBD_SetConfiguration
<LI><a href="#[62]">&gt;&gt;</a>&nbsp;&nbsp;&nbsp;USBD_SetAddress
<LI><a href="#[5e]">&gt;&gt;</a>&nbsp;&nbsp;&nbsp;USBD_GetStatus
<LI><a href="#[67]">&gt;&gt;</a>&nbsp;&nbsp;&nbsp;USBD_GetInterface
<LI><a href="#[63]">&gt;&gt;</a>&nbsp;&nbsp;&nbsp;USBD_GetDescriptor
<LI><a href="#[65]">&gt;&gt;</a>&nbsp;&nbsp;&nbsp;USBD_GetConfiguration
<LI><a href="#[5f]">&gt;&gt;</a>&nbsp;&nbsp;&nbsp;USBD_ClearFeature
<LI><a href="#[c3]">&gt;&gt;</a>&nbsp;&nbsp;&nbsp;USBD_DevClsReq
</UL>

<P><STRONG><a name="[d5]"></a>USBD_GetUnicodeString</STRONG> (Thumb, 56 bytes, Stack size 16 bytes, usbd_enum.o(i.USBD_GetUnicodeString))
<BR><BR>[Stack]<UL><LI>Max Depth = 16<LI>Call Chain = USBD_GetUnicodeString
</UL>
<BR>[Called By]<UL><LI><a href="#[4e]">&gt;&gt;</a>&nbsp;&nbsp;&nbsp;USBD_USER_ProdStrDesc
<LI><a href="#[4d]">&gt;&gt;</a>&nbsp;&nbsp;&nbsp;USBD_USER_MFCStrDesc
<LI><a href="#[51]">&gt;&gt;</a>&nbsp;&nbsp;&nbsp;USBD_USER_ItfStrDesc
<LI><a href="#[50]">&gt;&gt;</a>&nbsp;&nbsp;&nbsp;USBD_USER_ConfigStrDesc
</UL>

<P><STRONG><a name="[c5]"></a>USBD_Init</STRONG> (Thumb, 58 bytes, Stack size 24 bytes, usbd_core.o(i.USBD_Init))
<BR><BR>[Stack]<UL><LI>Max Depth = 24<LI>Call Chain = USBD_Init
</UL>
<BR>[Calls]<UL><LI><a href="#[c6]">&gt;&gt;</a>&nbsp;&nbsp;&nbsp;USBD_DeInit
<LI><a href="#[c8]">&gt;&gt;</a>&nbsp;&nbsp;&nbsp;DR_Init
<LI><a href="#[c7]">&gt;&gt;</a>&nbsp;&nbsp;&nbsp;Get_SerialString
</UL>
<BR>[Called By]<UL><LI><a href="#[87]">&gt;&gt;</a>&nbsp;&nbsp;&nbsp;main
</UL>

<P><STRONG><a name="[d2]"></a>USBD_ParseSetupRequest</STRONG> (Thumb, 44 bytes, Stack size 0 bytes, usbd_enum.o(i.USBD_ParseSetupRequest))
<BR><BR>[Called By]<UL><LI><a href="#[d1]">&gt;&gt;</a>&nbsp;&nbsp;&nbsp;USBD_SetupStage
</UL>

<P><STRONG><a name="[cd]"></a>USBD_Resume</STRONG> (Thumb, 150 bytes, Stack size 8 bytes, usbd_pwr.o(i.USBD_Resume))
<BR><BR>[Stack]<UL><LI>Max Depth = 8<LI>Call Chain = USBD_Resume
</UL>
<BR>[Calls]<UL><LI><a href="#[ce]">&gt;&gt;</a>&nbsp;&nbsp;&nbsp;ResumeMCU
</UL>
<BR>[Called By]<UL><LI><a href="#[72]">&gt;&gt;</a>&nbsp;&nbsp;&nbsp;USBINT_WakeUp
<LI><a href="#[71]">&gt;&gt;</a>&nbsp;&nbsp;&nbsp;USBINT_Suspend
<LI><a href="#[70]">&gt;&gt;</a>&nbsp;&nbsp;&nbsp;USBINT_ESOF
</UL>

<P><STRONG><a name="[cf]"></a>USBD_SetCfg</STRONG> (Thumb, 30 bytes, Stack size 16 bytes, usbd_core.o(i.USBD_SetCfg))
<BR><BR>[Stack]<UL><LI>Max Depth = 16<LI>Call Chain = USBD_SetCfg
</UL>
<BR>[Called By]<UL><LI><a href="#[66]">&gt;&gt;</a>&nbsp;&nbsp;&nbsp;USBD_SetConfiguration
</UL>

<P><STRONG><a name="[d1]"></a>USBD_SetupStage</STRONG> (Thumb, 78 bytes, Stack size 16 bytes, usbd_core.o(i.USBD_SetupStage))
<BR><BR>[Stack]<UL><LI>Max Depth = 92<LI>Call Chain = USBD_SetupStage &rArr; USBD_DevClsReq &rArr; USB_CtlTransmitStatus &rArr; USB_EP_Tx &rArr; UserCopyToBuffer
</UL>
<BR>[Calls]<UL><LI><a href="#[98]">&gt;&gt;</a>&nbsp;&nbsp;&nbsp;USB_EP_Stall
<LI><a href="#[d4]">&gt;&gt;</a>&nbsp;&nbsp;&nbsp;USBD_VdrDefReq
<LI><a href="#[d3]">&gt;&gt;</a>&nbsp;&nbsp;&nbsp;USBD_StdReq
<LI><a href="#[d2]">&gt;&gt;</a>&nbsp;&nbsp;&nbsp;USBD_ParseSetupRequest
<LI><a href="#[c3]">&gt;&gt;</a>&nbsp;&nbsp;&nbsp;USBD_DevClsReq
</UL>
<BR>[Called By]<UL><LI><a href="#[6b]">&gt;&gt;</a>&nbsp;&nbsp;&nbsp;USBINT_LPST
</UL>

<P><STRONG><a name="[d3]"></a>USBD_StdReq</STRONG> (Thumb, 24 bytes, Stack size 16 bytes, usbd_enum.o(i.USBD_StdReq))
<BR><BR>[Stack]<UL><LI>Max Depth = 16<LI>Call Chain = USBD_StdReq
</UL>
<BR>[Called By]<UL><LI><a href="#[d1]">&gt;&gt;</a>&nbsp;&nbsp;&nbsp;USBD_SetupStage
</UL>

<P><STRONG><a name="[d9]"></a>USBD_Suspend</STRONG> (Thumb, 16 bytes, Stack size 0 bytes, usbd_pwr.o(i.USBD_Suspend))
<BR><BR>[Called By]<UL><LI><a href="#[71]">&gt;&gt;</a>&nbsp;&nbsp;&nbsp;USBINT_Suspend
</UL>

<P><STRONG><a name="[50]"></a>USBD_USER_ConfigStrDesc</STRONG> (Thumb, 20 bytes, Stack size 16 bytes, usbd_desc.o(i.USBD_USER_ConfigStrDesc))
<BR><BR>[Stack]<UL><LI>Max Depth = 32<LI>Call Chain = USBD_USER_ConfigStrDesc &rArr; USBD_GetUnicodeString
</UL>
<BR>[Calls]<UL><LI><a href="#[d5]">&gt;&gt;</a>&nbsp;&nbsp;&nbsp;USBD_GetUnicodeString
</UL>
<BR>[Address Reference Count : 1]<UL><LI> usbd_desc.o(.data)
</UL>
<P><STRONG><a name="[4b]"></a>USBD_USER_DevDesc</STRONG> (Thumb, 10 bytes, Stack size 0 bytes, usbd_desc.o(i.USBD_USER_DevDesc))
<BR>[Address Reference Count : 1]<UL><LI> usbd_desc.o(.data)
</UL>
<P><STRONG><a name="[5b]"></a>USBD_USER_DeviceConfigured</STRONG> (Thumb, 2 bytes, Stack size 0 bytes, usbd_user.o(i.USBD_USER_DeviceConfigured))
<BR>[Address Reference Count : 1]<UL><LI> usbd_user.o(.data)
</UL>
<P><STRONG><a name="[59]"></a>USBD_USER_DeviceInit</STRONG> (Thumb, 2 bytes, Stack size 0 bytes, usbd_user.o(i.USBD_USER_DeviceInit))
<BR>[Address Reference Count : 1]<UL><LI> usbd_user.o(.data)
</UL>
<P><STRONG><a name="[5a]"></a>USBD_USER_DeviceReset</STRONG> (Thumb, 2 bytes, Stack size 0 bytes, usbd_user.o(i.USBD_USER_DeviceReset))
<BR>[Address Reference Count : 1]<UL><LI> usbd_user.o(.data)
</UL>
<P><STRONG><a name="[5d]"></a>USBD_USER_DeviceResumed</STRONG> (Thumb, 2 bytes, Stack size 0 bytes, usbd_user.o(i.USBD_USER_DeviceResumed))
<BR>[Address Reference Count : 1]<UL><LI> usbd_user.o(.data)
</UL>
<P><STRONG><a name="[5c]"></a>USBD_USER_DeviceSuspended</STRONG> (Thumb, 2 bytes, Stack size 0 bytes, usbd_user.o(i.USBD_USER_DeviceSuspended))
<BR>[Address Reference Count : 1]<UL><LI> usbd_user.o(.data)
</UL>
<P><STRONG><a name="[51]"></a>USBD_USER_ItfStrDesc</STRONG> (Thumb, 20 bytes, Stack size 16 bytes, usbd_desc.o(i.USBD_USER_ItfStrDesc))
<BR><BR>[Stack]<UL><LI>Max Depth = 32<LI>Call Chain = USBD_USER_ItfStrDesc &rArr; USBD_GetUnicodeString
</UL>
<BR>[Calls]<UL><LI><a href="#[d5]">&gt;&gt;</a>&nbsp;&nbsp;&nbsp;USBD_GetUnicodeString
</UL>
<BR>[Address Reference Count : 1]<UL><LI> usbd_desc.o(.data)
</UL>
<P><STRONG><a name="[4c]"></a>USBD_USER_LANGIDStrDesc</STRONG> (Thumb, 10 bytes, Stack size 0 bytes, usbd_desc.o(i.USBD_USER_LANGIDStrDesc))
<BR>[Address Reference Count : 1]<UL><LI> usbd_desc.o(.data)
</UL>
<P><STRONG><a name="[4d]"></a>USBD_USER_MFCStrDesc</STRONG> (Thumb, 20 bytes, Stack size 16 bytes, usbd_desc.o(i.USBD_USER_MFCStrDesc))
<BR><BR>[Stack]<UL><LI>Max Depth = 32<LI>Call Chain = USBD_USER_MFCStrDesc &rArr; USBD_GetUnicodeString
</UL>
<BR>[Calls]<UL><LI><a href="#[d5]">&gt;&gt;</a>&nbsp;&nbsp;&nbsp;USBD_GetUnicodeString
</UL>
<BR>[Address Reference Count : 1]<UL><LI> usbd_desc.o(.data)
</UL>
<P><STRONG><a name="[4e]"></a>USBD_USER_ProdStrDesc</STRONG> (Thumb, 20 bytes, Stack size 16 bytes, usbd_desc.o(i.USBD_USER_ProdStrDesc))
<BR><BR>[Stack]<UL><LI>Max Depth = 32<LI>Call Chain = USBD_USER_ProdStrDesc &rArr; USBD_GetUnicodeString
</UL>
<BR>[Calls]<UL><LI><a href="#[d5]">&gt;&gt;</a>&nbsp;&nbsp;&nbsp;USBD_GetUnicodeString
</UL>
<BR>[Address Reference Count : 1]<UL><LI> usbd_desc.o(.data)
</UL>
<P><STRONG><a name="[4f]"></a>USBD_USER_SerialStrDesc</STRONG> (Thumb, 10 bytes, Stack size 0 bytes, usbd_desc.o(i.USBD_USER_SerialStrDesc))
<BR>[Address Reference Count : 1]<UL><LI> usbd_desc.o(.data)
</UL>
<P><STRONG><a name="[d4]"></a>USBD_VdrDefReq</STRONG> (Thumb, 6 bytes, Stack size 0 bytes, usbd_enum.o(i.USBD_VdrDefReq))
<BR><BR>[Called By]<UL><LI><a href="#[d1]">&gt;&gt;</a>&nbsp;&nbsp;&nbsp;USBD_SetupStage
</UL>

<P><STRONG><a name="[bc]"></a>USB_Cable_Config</STRONG> (Thumb, 30 bytes, Stack size 8 bytes, usb_hwp.o(i.USB_Cable_Config))
<BR><BR>[Stack]<UL><LI>Max Depth = 8<LI>Call Chain = USB_Cable_Config
</UL>
<BR>[Calls]<UL><LI><a href="#[da]">&gt;&gt;</a>&nbsp;&nbsp;&nbsp;GPIO_SetBits
<LI><a href="#[db]">&gt;&gt;</a>&nbsp;&nbsp;&nbsp;GPIO_ResetBits
</UL>
<BR>[Called By]<UL><LI><a href="#[bb]">&gt;&gt;</a>&nbsp;&nbsp;&nbsp;USBD_Connect
</UL>

<P><STRONG><a name="[c2]"></a>USB_CtlContinueRx</STRONG> (Thumb, 24 bytes, Stack size 16 bytes, usb_core.o(i.USB_CtlContinueRx))
<BR><BR>[Stack]<UL><LI>Max Depth = 40<LI>Call Chain = USB_CtlContinueRx &rArr; USB_EP_Rx
</UL>
<BR>[Calls]<UL><LI><a href="#[99]">&gt;&gt;</a>&nbsp;&nbsp;&nbsp;USB_EP_Rx
</UL>
<BR>[Called By]<UL><LI><a href="#[c1]">&gt;&gt;</a>&nbsp;&nbsp;&nbsp;USBD_DataOutStage
</UL>

<P><STRONG><a name="[be]"></a>USB_CtlContinueTx</STRONG> (Thumb, 24 bytes, Stack size 16 bytes, usb_core.o(i.USB_CtlContinueTx))
<BR><BR>[Stack]<UL><LI>Max Depth = 68<LI>Call Chain = USB_CtlContinueTx &rArr; USB_EP_Tx &rArr; UserCopyToBuffer
</UL>
<BR>[Calls]<UL><LI><a href="#[a4]">&gt;&gt;</a>&nbsp;&nbsp;&nbsp;USB_EP_Tx
</UL>
<BR>[Called By]<UL><LI><a href="#[bd]">&gt;&gt;</a>&nbsp;&nbsp;&nbsp;USBD_DataInStage
</UL>

<P><STRONG><a name="[bf]"></a>USB_CtlReceiveStatus</STRONG> (Thumb, 42 bytes, Stack size 8 bytes, usb_core.o(i.USB_CtlReceiveStatus))
<BR><BR>[Stack]<UL><LI>Max Depth = 32<LI>Call Chain = USB_CtlReceiveStatus &rArr; USB_EP_Rx
</UL>
<BR>[Calls]<UL><LI><a href="#[99]">&gt;&gt;</a>&nbsp;&nbsp;&nbsp;USB_EP_Rx
</UL>
<BR>[Called By]<UL><LI><a href="#[bd]">&gt;&gt;</a>&nbsp;&nbsp;&nbsp;USBD_DataInStage
</UL>

<P><STRONG><a name="[b8]"></a>USB_CtlTransmitStatus</STRONG> (Thumb, 24 bytes, Stack size 8 bytes, usb_core.o(i.USB_CtlTransmitStatus))
<BR><BR>[Stack]<UL><LI>Max Depth = 60<LI>Call Chain = USB_CtlTransmitStatus &rArr; USB_EP_Tx &rArr; UserCopyToBuffer
</UL>
<BR>[Calls]<UL><LI><a href="#[a4]">&gt;&gt;</a>&nbsp;&nbsp;&nbsp;USB_EP_Tx
</UL>
<BR>[Called By]<UL><LI><a href="#[c1]">&gt;&gt;</a>&nbsp;&nbsp;&nbsp;USBD_DataOutStage
<LI><a href="#[61]">&gt;&gt;</a>&nbsp;&nbsp;&nbsp;USBD_SetFeature
<LI><a href="#[66]">&gt;&gt;</a>&nbsp;&nbsp;&nbsp;USBD_SetConfiguration
<LI><a href="#[62]">&gt;&gt;</a>&nbsp;&nbsp;&nbsp;USBD_SetAddress
<LI><a href="#[5f]">&gt;&gt;</a>&nbsp;&nbsp;&nbsp;USBD_ClearFeature
<LI><a href="#[c3]">&gt;&gt;</a>&nbsp;&nbsp;&nbsp;USBD_DevClsReq
</UL>

<P><STRONG><a name="[c4]"></a>USB_CtlTx</STRONG> (Thumb, 28 bytes, Stack size 16 bytes, usb_core.o(i.USB_CtlTx))
<BR><BR>[Stack]<UL><LI>Max Depth = 68<LI>Call Chain = USB_CtlTx &rArr; USB_EP_Tx &rArr; UserCopyToBuffer
</UL>
<BR>[Calls]<UL><LI><a href="#[a4]">&gt;&gt;</a>&nbsp;&nbsp;&nbsp;USB_EP_Tx
</UL>
<BR>[Called By]<UL><LI><a href="#[77]">&gt;&gt;</a>&nbsp;&nbsp;&nbsp;USBD_MSC_GetInterface
<LI><a href="#[76]">&gt;&gt;</a>&nbsp;&nbsp;&nbsp;USBD_MSC_ClassReqHandle
<LI><a href="#[5e]">&gt;&gt;</a>&nbsp;&nbsp;&nbsp;USBD_GetStatus
<LI><a href="#[63]">&gt;&gt;</a>&nbsp;&nbsp;&nbsp;USBD_GetDescriptor
<LI><a href="#[65]">&gt;&gt;</a>&nbsp;&nbsp;&nbsp;USBD_GetConfiguration
</UL>

<P><STRONG><a name="[cb]"></a>USB_EP_BufConfig</STRONG> (Thumb, 144 bytes, Stack size 20 bytes, usb_core.o(i.USB_EP_BufConfig))
<BR><BR>[Stack]<UL><LI>Max Depth = 20<LI>Call Chain = USB_EP_BufConfig
</UL>
<BR>[Called By]<UL><LI><a href="#[73]">&gt;&gt;</a>&nbsp;&nbsp;&nbsp;USBD_MSC_Init
<LI><a href="#[6e]">&gt;&gt;</a>&nbsp;&nbsp;&nbsp;USBINT_Reset
</UL>

<P><STRONG><a name="[ba]"></a>USB_EP_ClrStall</STRONG> (Thumb, 198 bytes, Stack size 20 bytes, usb_core.o(i.USB_EP_ClrStall))
<BR><BR>[Stack]<UL><LI>Max Depth = 20<LI>Call Chain = USB_EP_ClrStall
</UL>
<BR>[Called By]<UL><LI><a href="#[5f]">&gt;&gt;</a>&nbsp;&nbsp;&nbsp;USBD_ClearFeature
</UL>

<P><STRONG><a name="[c9]"></a>USB_EP_DeInit</STRONG> (Thumb, 402 bytes, Stack size 16 bytes, usb_core.o(i.USB_EP_DeInit))
<BR><BR>[Stack]<UL><LI>Max Depth = 16<LI>Call Chain = USB_EP_DeInit
</UL>
<BR>[Called By]<UL><LI><a href="#[74]">&gt;&gt;</a>&nbsp;&nbsp;&nbsp;USBD_MSC_DeInit
</UL>

<P><STRONG><a name="[cc]"></a>USB_EP_Init</STRONG> (Thumb, 722 bytes, Stack size 24 bytes, usb_core.o(i.USB_EP_Init))
<BR><BR>[Stack]<UL><LI>Max Depth = 24<LI>Call Chain = USB_EP_Init
</UL>
<BR>[Called By]<UL><LI><a href="#[73]">&gt;&gt;</a>&nbsp;&nbsp;&nbsp;USBD_MSC_Init
<LI><a href="#[6e]">&gt;&gt;</a>&nbsp;&nbsp;&nbsp;USBINT_Reset
</UL>

<P><STRONG><a name="[99]"></a>USB_EP_Rx</STRONG> (Thumb, 412 bytes, Stack size 24 bytes, usb_core.o(i.USB_EP_Rx))
<BR><BR>[Stack]<UL><LI>Max Depth = 24<LI>Call Chain = USB_EP_Rx
</UL>
<BR>[Called By]<UL><LI><a href="#[bf]">&gt;&gt;</a>&nbsp;&nbsp;&nbsp;USB_CtlReceiveStatus
<LI><a href="#[c2]">&gt;&gt;</a>&nbsp;&nbsp;&nbsp;USB_CtlContinueRx
<LI><a href="#[b4]">&gt;&gt;</a>&nbsp;&nbsp;&nbsp;SCSI_ProcessWrite
<LI><a href="#[b0]">&gt;&gt;</a>&nbsp;&nbsp;&nbsp;SCSI_Write10
<LI><a href="#[9e]">&gt;&gt;</a>&nbsp;&nbsp;&nbsp;MSC_BBB_SendCSW
<LI><a href="#[a3]">&gt;&gt;</a>&nbsp;&nbsp;&nbsp;MSC_BBB_Reset
<LI><a href="#[a2]">&gt;&gt;</a>&nbsp;&nbsp;&nbsp;MSC_BBB_Init
<LI><a href="#[97]">&gt;&gt;</a>&nbsp;&nbsp;&nbsp;MSC_BBB_Abort
<LI><a href="#[6b]">&gt;&gt;</a>&nbsp;&nbsp;&nbsp;USBINT_LPST
</UL>

<P><STRONG><a name="[c0]"></a>USB_EP_SetAddress</STRONG> (Thumb, 54 bytes, Stack size 12 bytes, usb_core.o(i.USB_EP_SetAddress))
<BR><BR>[Stack]<UL><LI>Max Depth = 12<LI>Call Chain = USB_EP_SetAddress
</UL>
<BR>[Called By]<UL><LI><a href="#[bd]">&gt;&gt;</a>&nbsp;&nbsp;&nbsp;USBD_DataInStage
<LI><a href="#[6e]">&gt;&gt;</a>&nbsp;&nbsp;&nbsp;USBINT_Reset
</UL>

<P><STRONG><a name="[98]"></a>USB_EP_Stall</STRONG> (Thumb, 150 bytes, Stack size 20 bytes, usb_core.o(i.USB_EP_Stall))
<BR><BR>[Stack]<UL><LI>Max Depth = 20<LI>Call Chain = USB_EP_Stall
</UL>
<BR>[Called By]<UL><LI><a href="#[9f]">&gt;&gt;</a>&nbsp;&nbsp;&nbsp;MSC_BBB_CplClrFeature
<LI><a href="#[97]">&gt;&gt;</a>&nbsp;&nbsp;&nbsp;MSC_BBB_Abort
<LI><a href="#[b9]">&gt;&gt;</a>&nbsp;&nbsp;&nbsp;USBD_EnumError
<LI><a href="#[61]">&gt;&gt;</a>&nbsp;&nbsp;&nbsp;USBD_SetFeature
<LI><a href="#[d1]">&gt;&gt;</a>&nbsp;&nbsp;&nbsp;USBD_SetupStage
</UL>

<P><STRONG><a name="[a4]"></a>USB_EP_Tx</STRONG> (Thumb, 224 bytes, Stack size 32 bytes, usb_core.o(i.USB_EP_Tx))
<BR><BR>[Stack]<UL><LI>Max Depth = 52<LI>Call Chain = USB_EP_Tx &rArr; UserCopyToBuffer
</UL>
<BR>[Calls]<UL><LI><a href="#[d6]">&gt;&gt;</a>&nbsp;&nbsp;&nbsp;UserCopyToBuffer
<LI><a href="#[d7]">&gt;&gt;</a>&nbsp;&nbsp;&nbsp;FreeUserBuffer
</UL>
<BR>[Called By]<UL><LI><a href="#[bd]">&gt;&gt;</a>&nbsp;&nbsp;&nbsp;USBD_DataInStage
<LI><a href="#[c4]">&gt;&gt;</a>&nbsp;&nbsp;&nbsp;USB_CtlTx
<LI><a href="#[b8]">&gt;&gt;</a>&nbsp;&nbsp;&nbsp;USB_CtlTransmitStatus
<LI><a href="#[be]">&gt;&gt;</a>&nbsp;&nbsp;&nbsp;USB_CtlContinueTx
<LI><a href="#[b3]">&gt;&gt;</a>&nbsp;&nbsp;&nbsp;SCSI_ProcessRead
<LI><a href="#[9e]">&gt;&gt;</a>&nbsp;&nbsp;&nbsp;MSC_BBB_SendCSW
<LI><a href="#[9d]">&gt;&gt;</a>&nbsp;&nbsp;&nbsp;MSC_BBB_SendData
</UL>

<P><STRONG><a name="[dc]"></a>USB_HWP_ClockConfig</STRONG> (Thumb, 18 bytes, Stack size 8 bytes, usb_hwp.o(i.USB_HWP_ClockConfig))
<BR><BR>[Stack]<UL><LI>Max Depth = 8<LI>Call Chain = USB_HWP_ClockConfig
</UL>
<BR>[Calls]<UL><LI><a href="#[dd]">&gt;&gt;</a>&nbsp;&nbsp;&nbsp;RCC_USBCLKConfig
<LI><a href="#[de]">&gt;&gt;</a>&nbsp;&nbsp;&nbsp;RCC_APB1PeriphClock_Enable
</UL>
<BR>[Called By]<UL><LI><a href="#[87]">&gt;&gt;</a>&nbsp;&nbsp;&nbsp;main
</UL>

<P><STRONG><a name="[df]"></a>USB_HWP_Init</STRONG> (Thumb, 40 bytes, Stack size 8 bytes, usb_hwp.o(i.USB_HWP_Init))
<BR><BR>[Stack]<UL><LI>Max Depth = 32<LI>Call Chain = USB_HWP_Init &rArr; GPIO_Init
</UL>
<BR>[Calls]<UL><LI><a href="#[e0]">&gt;&gt;</a>&nbsp;&nbsp;&nbsp;RCC_APB2PeriphClock_Enable
<LI><a href="#[e1]">&gt;&gt;</a>&nbsp;&nbsp;&nbsp;GPIO_Init
</UL>
<BR>[Called By]<UL><LI><a href="#[87]">&gt;&gt;</a>&nbsp;&nbsp;&nbsp;main
</UL>

<P><STRONG><a name="[e2]"></a>USB_HWP_USBINTConfig</STRONG> (Thumb, 42 bytes, Stack size 8 bytes, usb_hwp.o(i.USB_HWP_USBINTConfig))
<BR><BR>[Stack]<UL><LI>Max Depth = 24<LI>Call Chain = USB_HWP_USBINTConfig &rArr; NVIC_Init
</UL>
<BR>[Calls]<UL><LI><a href="#[e3]">&gt;&gt;</a>&nbsp;&nbsp;&nbsp;NVIC_PRIGroup_Enable
<LI><a href="#[e4]">&gt;&gt;</a>&nbsp;&nbsp;&nbsp;NVIC_Init
</UL>
<BR>[Called By]<UL><LI><a href="#[87]">&gt;&gt;</a>&nbsp;&nbsp;&nbsp;main
</UL>

<P><STRONG><a name="[e5]"></a>USB_Ifr</STRONG> (Thumb, 282 bytes, Stack size 16 bytes, usb_int.o(i.USB_Ifr))
<BR><BR>[Stack]<UL><LI>Max Depth = 16<LI>Call Chain = USB_Ifr
</UL>
<BR>[Called By]<UL><LI><a href="#[21]">&gt;&gt;</a>&nbsp;&nbsp;&nbsp;USB_LP_CAN1_RX0_IRQHandler
</UL>

<P><STRONG><a name="[21]"></a>USB_LP_CAN1_RX0_IRQHandler</STRONG> (Thumb, 8 bytes, Stack size 8 bytes, gd32_it.o(i.USB_LP_CAN1_RX0_IRQHandler))
<BR><BR>[Stack]<UL><LI>Max Depth = 24<LI>Call Chain = USB_LP_CAN1_RX0_IRQHandler &rArr; USB_Ifr
</UL>
<BR>[Calls]<UL><LI><a href="#[e5]">&gt;&gt;</a>&nbsp;&nbsp;&nbsp;USB_Ifr
</UL>
<BR>[Address Reference Count : 1]<UL><LI> startup_gd32f10x_hd.o(RESET)
</UL>
<P><STRONG><a name="[d6]"></a>UserCopyToBuffer</STRONG> (Thumb, 44 bytes, Stack size 20 bytes, usb_buf.o(i.UserCopyToBuffer))
<BR><BR>[Stack]<UL><LI>Max Depth = 20<LI>Call Chain = UserCopyToBuffer
</UL>
<BR>[Called By]<UL><LI><a href="#[a4]">&gt;&gt;</a>&nbsp;&nbsp;&nbsp;USB_EP_Tx
<LI><a href="#[6a]">&gt;&gt;</a>&nbsp;&nbsp;&nbsp;USBINT_HPST
</UL>

<P><STRONG><a name="[87]"></a>main</STRONG> (Thumb, 34 bytes, Stack size 0 bytes, app.o(i.main))
<BR><BR>[Stack]<UL><LI>Max Depth = 32<LI>Call Chain = main &rArr; USB_HWP_Init &rArr; GPIO_Init
</UL>
<BR>[Calls]<UL><LI><a href="#[e2]">&gt;&gt;</a>&nbsp;&nbsp;&nbsp;USB_HWP_USBINTConfig
<LI><a href="#[df]">&gt;&gt;</a>&nbsp;&nbsp;&nbsp;USB_HWP_Init
<LI><a href="#[dc]">&gt;&gt;</a>&nbsp;&nbsp;&nbsp;USB_HWP_ClockConfig
<LI><a href="#[c5]">&gt;&gt;</a>&nbsp;&nbsp;&nbsp;USBD_Init
<LI><a href="#[bb]">&gt;&gt;</a>&nbsp;&nbsp;&nbsp;USBD_Connect
</UL>
<BR>[Called By]<UL><LI><a href="#[86]">&gt;&gt;</a>&nbsp;&nbsp;&nbsp;__rt_entry_main
</UL>
<P>
<H3>
Local Symbols
</H3>
<P><STRONG><a name="[53]"></a>STORAGE_GetCapacity</STRONG> (Thumb, 18 bytes, Stack size 0 bytes, usbd_storage_msd.o(i.STORAGE_GetCapacity))
<BR>[Address Reference Count : 1]<UL><LI> usbd_storage_msd.o(.data)
</UL>
<P><STRONG><a name="[58]"></a>STORAGE_GetMaxLun</STRONG> (Thumb, 4 bytes, Stack size 0 bytes, usbd_storage_msd.o(i.STORAGE_GetMaxLun))
<BR>[Address Reference Count : 1]<UL><LI> usbd_storage_msd.o(.data)
</UL>
<P><STRONG><a name="[52]"></a>STORAGE_Init</STRONG> (Thumb, 20 bytes, Stack size 8 bytes, usbd_storage_msd.o(i.STORAGE_Init))
<BR><BR>[Stack]<UL><LI>Max Depth = 16<LI>Call Chain = STORAGE_Init &rArr; Flash_Init
</UL>
<BR>[Calls]<UL><LI><a href="#[94]">&gt;&gt;</a>&nbsp;&nbsp;&nbsp;Flash_Init
</UL>
<BR>[Address Reference Count : 1]<UL><LI> usbd_storage_msd.o(.data)
</UL>
<P><STRONG><a name="[54]"></a>STORAGE_IsReady</STRONG> (Thumb, 6 bytes, Stack size 0 bytes, usbd_storage_msd.o(i.STORAGE_IsReady))
<BR>[Address Reference Count : 1]<UL><LI> usbd_storage_msd.o(.data)
</UL>
<P><STRONG><a name="[55]"></a>STORAGE_IsWriteProtected</STRONG> (Thumb, 6 bytes, Stack size 0 bytes, usbd_storage_msd.o(i.STORAGE_IsWriteProtected))
<BR>[Address Reference Count : 1]<UL><LI> usbd_storage_msd.o(.data)
</UL>
<P><STRONG><a name="[56]"></a>STORAGE_Read</STRONG> (Thumb, 38 bytes, Stack size 24 bytes, usbd_storage_msd.o(i.STORAGE_Read))
<BR><BR>[Stack]<UL><LI>Max Depth = 44<LI>Call Chain = STORAGE_Read &rArr; Flash_ReadMultiBlocks
</UL>
<BR>[Calls]<UL><LI><a href="#[b5]">&gt;&gt;</a>&nbsp;&nbsp;&nbsp;Flash_ReadMultiBlocks
</UL>
<BR>[Address Reference Count : 1]<UL><LI> usbd_storage_msd.o(.data)
</UL>
<P><STRONG><a name="[57]"></a>STORAGE_Write</STRONG> (Thumb, 38 bytes, Stack size 24 bytes, usbd_storage_msd.o(i.STORAGE_Write))
<BR><BR>[Stack]<UL><LI>Max Depth = 84<LI>Call Chain = STORAGE_Write &rArr; Flash_WriteMultiBlocks &rArr; FMC_ProgramWord &rArr; FMC_WaitReady
</UL>
<BR>[Calls]<UL><LI><a href="#[96]">&gt;&gt;</a>&nbsp;&nbsp;&nbsp;Flash_WriteMultiBlocks
</UL>
<BR>[Address Reference Count : 1]<UL><LI> usbd_storage_msd.o(.data)
</UL>
<P><STRONG><a name="[5f]"></a>USBD_ClearFeature</STRONG> (Thumb, 200 bytes, Stack size 16 bytes, usbd_enum.o(i.USBD_ClearFeature))
<BR><BR>[Stack]<UL><LI>Max Depth = 76<LI>Call Chain = USBD_ClearFeature &rArr; USB_CtlTransmitStatus &rArr; USB_EP_Tx &rArr; UserCopyToBuffer
</UL>
<BR>[Calls]<UL><LI><a href="#[ba]">&gt;&gt;</a>&nbsp;&nbsp;&nbsp;USB_EP_ClrStall
<LI><a href="#[b8]">&gt;&gt;</a>&nbsp;&nbsp;&nbsp;USB_CtlTransmitStatus
<LI><a href="#[b9]">&gt;&gt;</a>&nbsp;&nbsp;&nbsp;USBD_EnumError
</UL>
<BR>[Address Reference Count : 1]<UL><LI> usbd_enum.o(.data)
</UL>
<P><STRONG><a name="[65]"></a>USBD_GetConfiguration</STRONG> (Thumb, 68 bytes, Stack size 16 bytes, usbd_enum.o(i.USBD_GetConfiguration))
<BR><BR>[Stack]<UL><LI>Max Depth = 84<LI>Call Chain = USBD_GetConfiguration &rArr; USB_CtlTx &rArr; USB_EP_Tx &rArr; UserCopyToBuffer
</UL>
<BR>[Calls]<UL><LI><a href="#[c4]">&gt;&gt;</a>&nbsp;&nbsp;&nbsp;USB_CtlTx
<LI><a href="#[b9]">&gt;&gt;</a>&nbsp;&nbsp;&nbsp;USBD_EnumError
</UL>
<BR>[Address Reference Count : 1]<UL><LI> usbd_enum.o(.data)
</UL>
<P><STRONG><a name="[63]"></a>USBD_GetDescriptor</STRONG> (Thumb, 308 bytes, Stack size 24 bytes, usbd_enum.o(i.USBD_GetDescriptor))
<BR><BR>[Stack]<UL><LI>Max Depth = 92<LI>Call Chain = USBD_GetDescriptor &rArr; USB_CtlTx &rArr; USB_EP_Tx &rArr; UserCopyToBuffer
</UL>
<BR>[Calls]<UL><LI><a href="#[c4]">&gt;&gt;</a>&nbsp;&nbsp;&nbsp;USB_CtlTx
<LI><a href="#[b9]">&gt;&gt;</a>&nbsp;&nbsp;&nbsp;USBD_EnumError
</UL>
<BR>[Address Reference Count : 1]<UL><LI> usbd_enum.o(.data)
</UL>
<P><STRONG><a name="[67]"></a>USBD_GetInterface</STRONG> (Thumb, 64 bytes, Stack size 16 bytes, usbd_enum.o(i.USBD_GetInterface))
<BR><BR>[Stack]<UL><LI>Max Depth = 52<LI>Call Chain = USBD_GetInterface &rArr; USBD_EnumError &rArr; USB_EP_Stall
</UL>
<BR>[Calls]<UL><LI><a href="#[b9]">&gt;&gt;</a>&nbsp;&nbsp;&nbsp;USBD_EnumError
</UL>
<BR>[Address Reference Count : 1]<UL><LI> usbd_enum.o(.data)
</UL>
<P><STRONG><a name="[5e]"></a>USBD_GetStatus</STRONG> (Thumb, 244 bytes, Stack size 24 bytes, usbd_enum.o(i.USBD_GetStatus))
<BR><BR>[Stack]<UL><LI>Max Depth = 92<LI>Call Chain = USBD_GetStatus &rArr; USB_CtlTx &rArr; USB_EP_Tx &rArr; UserCopyToBuffer
</UL>
<BR>[Calls]<UL><LI><a href="#[c4]">&gt;&gt;</a>&nbsp;&nbsp;&nbsp;USB_CtlTx
<LI><a href="#[b9]">&gt;&gt;</a>&nbsp;&nbsp;&nbsp;USBD_EnumError
</UL>
<BR>[Address Reference Count : 1]<UL><LI> usbd_enum.o(.data)
</UL>
<P><STRONG><a name="[60]"></a>USBD_Reserved</STRONG> (Thumb, 2 bytes, Stack size 0 bytes, usbd_enum.o(i.USBD_Reserved))
<BR>[Address Reference Count : 1]<UL><LI> usbd_enum.o(.data)
</UL>
<P><STRONG><a name="[62]"></a>USBD_SetAddress</STRONG> (Thumb, 74 bytes, Stack size 16 bytes, usbd_enum.o(i.USBD_SetAddress))
<BR><BR>[Stack]<UL><LI>Max Depth = 76<LI>Call Chain = USBD_SetAddress &rArr; USB_CtlTransmitStatus &rArr; USB_EP_Tx &rArr; UserCopyToBuffer
</UL>
<BR>[Calls]<UL><LI><a href="#[b8]">&gt;&gt;</a>&nbsp;&nbsp;&nbsp;USB_CtlTransmitStatus
<LI><a href="#[b9]">&gt;&gt;</a>&nbsp;&nbsp;&nbsp;USBD_EnumError
</UL>
<BR>[Address Reference Count : 1]<UL><LI> usbd_enum.o(.data)
</UL>
<P><STRONG><a name="[66]"></a>USBD_SetConfiguration</STRONG> (Thumb, 174 bytes, Stack size 16 bytes, usbd_enum.o(i.USBD_SetConfiguration))
<BR><BR>[Stack]<UL><LI>Max Depth = 76<LI>Call Chain = USBD_SetConfiguration &rArr; USB_CtlTransmitStatus &rArr; USB_EP_Tx &rArr; UserCopyToBuffer
</UL>
<BR>[Calls]<UL><LI><a href="#[cf]">&gt;&gt;</a>&nbsp;&nbsp;&nbsp;USBD_SetCfg
<LI><a href="#[d0]">&gt;&gt;</a>&nbsp;&nbsp;&nbsp;USBD_ClrCfg
<LI><a href="#[b8]">&gt;&gt;</a>&nbsp;&nbsp;&nbsp;USB_CtlTransmitStatus
<LI><a href="#[b9]">&gt;&gt;</a>&nbsp;&nbsp;&nbsp;USBD_EnumError
</UL>
<BR>[Address Reference Count : 1]<UL><LI> usbd_enum.o(.data)
</UL>
<P><STRONG><a name="[64]"></a>USBD_SetDescriptor</STRONG> (Thumb, 2 bytes, Stack size 0 bytes, usbd_enum.o(i.USBD_SetDescriptor))
<BR>[Address Reference Count : 1]<UL><LI> usbd_enum.o(.data)
</UL>
<P><STRONG><a name="[61]"></a>USBD_SetFeature</STRONG> (Thumb, 180 bytes, Stack size 16 bytes, usbd_enum.o(i.USBD_SetFeature))
<BR><BR>[Stack]<UL><LI>Max Depth = 76<LI>Call Chain = USBD_SetFeature &rArr; USB_CtlTransmitStatus &rArr; USB_EP_Tx &rArr; UserCopyToBuffer
</UL>
<BR>[Calls]<UL><LI><a href="#[98]">&gt;&gt;</a>&nbsp;&nbsp;&nbsp;USB_EP_Stall
<LI><a href="#[b8]">&gt;&gt;</a>&nbsp;&nbsp;&nbsp;USB_CtlTransmitStatus
<LI><a href="#[b9]">&gt;&gt;</a>&nbsp;&nbsp;&nbsp;USBD_EnumError
</UL>
<BR>[Address Reference Count : 1]<UL><LI> usbd_enum.o(.data)
</UL>
<P><STRONG><a name="[68]"></a>USBD_SetInterface</STRONG> (Thumb, 64 bytes, Stack size 16 bytes, usbd_enum.o(i.USBD_SetInterface))
<BR><BR>[Stack]<UL><LI>Max Depth = 52<LI>Call Chain = USBD_SetInterface &rArr; USBD_EnumError &rArr; USB_EP_Stall
</UL>
<BR>[Calls]<UL><LI><a href="#[b9]">&gt;&gt;</a>&nbsp;&nbsp;&nbsp;USBD_EnumError
</UL>
<BR>[Address Reference Count : 1]<UL><LI> usbd_enum.o(.data)
</UL>
<P><STRONG><a name="[69]"></a>USBD_SynchFrame</STRONG> (Thumb, 2 bytes, Stack size 0 bytes, usbd_enum.o(i.USBD_SynchFrame))
<BR>[Address Reference Count : 1]<UL><LI> usbd_enum.o(.data)
</UL>
<P><STRONG><a name="[70]"></a>USBINT_ESOF</STRONG> (Thumb, 14 bytes, Stack size 8 bytes, usbd_it.o(i.USBINT_ESOF))
<BR><BR>[Stack]<UL><LI>Max Depth = 16<LI>Call Chain = USBINT_ESOF &rArr; USBD_Resume
</UL>
<BR>[Calls]<UL><LI><a href="#[cd]">&gt;&gt;</a>&nbsp;&nbsp;&nbsp;USBD_Resume
</UL>
<BR>[Address Reference Count : 1]<UL><LI> usbd_it.o(.data)
</UL>
<P><STRONG><a name="[6d]"></a>USBINT_Error</STRONG> (Thumb, 6 bytes, Stack size 0 bytes, usbd_it.o(i.USBINT_Error))
<BR>[Address Reference Count : 1]<UL><LI> usbd_it.o(.data)
</UL>
<P><STRONG><a name="[6a]"></a>USBINT_HPST</STRONG> (Thumb, 542 bytes, Stack size 32 bytes, usbd_it.o(i.USBINT_HPST))
<BR><BR>[Stack]<UL><LI>Max Depth = 52<LI>Call Chain = USBINT_HPST &rArr; UserCopyToBuffer
</UL>
<BR>[Calls]<UL><LI><a href="#[d6]">&gt;&gt;</a>&nbsp;&nbsp;&nbsp;UserCopyToBuffer
<LI><a href="#[d7]">&gt;&gt;</a>&nbsp;&nbsp;&nbsp;FreeUserBuffer
<LI><a href="#[d8]">&gt;&gt;</a>&nbsp;&nbsp;&nbsp;BufferCopyToUser
</UL>
<BR>[Address Reference Count : 1]<UL><LI> usbd_it.o(.data)
</UL>
<P><STRONG><a name="[6b]"></a>USBINT_LPST</STRONG> (Thumb, 346 bytes, Stack size 32 bytes, usbd_it.o(i.USBINT_LPST))
<BR><BR>[Stack]<UL><LI>Max Depth = 124<LI>Call Chain = USBINT_LPST &rArr; USBD_SetupStage &rArr; USBD_DevClsReq &rArr; USB_CtlTransmitStatus &rArr; USB_EP_Tx &rArr; UserCopyToBuffer
</UL>
<BR>[Calls]<UL><LI><a href="#[c1]">&gt;&gt;</a>&nbsp;&nbsp;&nbsp;USBD_DataOutStage
<LI><a href="#[bd]">&gt;&gt;</a>&nbsp;&nbsp;&nbsp;USBD_DataInStage
<LI><a href="#[99]">&gt;&gt;</a>&nbsp;&nbsp;&nbsp;USB_EP_Rx
<LI><a href="#[d8]">&gt;&gt;</a>&nbsp;&nbsp;&nbsp;BufferCopyToUser
<LI><a href="#[d1]">&gt;&gt;</a>&nbsp;&nbsp;&nbsp;USBD_SetupStage
</UL>
<BR>[Address Reference Count : 1]<UL><LI> usbd_it.o(.data)
</UL>
<P><STRONG><a name="[6c]"></a>USBINT_PMOU</STRONG> (Thumb, 6 bytes, Stack size 0 bytes, usbd_it.o(i.USBINT_PMOU))
<BR>[Address Reference Count : 1]<UL><LI> usbd_it.o(.data)
</UL>
<P><STRONG><a name="[6e]"></a>USBINT_Reset</STRONG> (Thumb, 78 bytes, Stack size 8 bytes, usbd_it.o(i.USBINT_Reset))
<BR><BR>[Stack]<UL><LI>Max Depth = 32<LI>Call Chain = USBINT_Reset &rArr; USB_EP_Init
</UL>
<BR>[Calls]<UL><LI><a href="#[c0]">&gt;&gt;</a>&nbsp;&nbsp;&nbsp;USB_EP_SetAddress
<LI><a href="#[cc]">&gt;&gt;</a>&nbsp;&nbsp;&nbsp;USB_EP_Init
<LI><a href="#[cb]">&gt;&gt;</a>&nbsp;&nbsp;&nbsp;USB_EP_BufConfig
</UL>
<BR>[Address Reference Count : 1]<UL><LI> usbd_it.o(.data)
</UL>
<P><STRONG><a name="[6f]"></a>USBINT_SOF</STRONG> (Thumb, 26 bytes, Stack size 8 bytes, usbd_it.o(i.USBINT_SOF))
<BR><BR>[Stack]<UL><LI>Max Depth = 8<LI>Call Chain = USBINT_SOF
</UL>
<BR>[Address Reference Count : 1]<UL><LI> usbd_it.o(.data)
</UL>
<P><STRONG><a name="[71]"></a>USBINT_Suspend</STRONG> (Thumb, 42 bytes, Stack size 8 bytes, usbd_it.o(i.USBINT_Suspend))
<BR><BR>[Stack]<UL><LI>Max Depth = 16<LI>Call Chain = USBINT_Suspend &rArr; USBD_Resume
</UL>
<BR>[Calls]<UL><LI><a href="#[d9]">&gt;&gt;</a>&nbsp;&nbsp;&nbsp;USBD_Suspend
<LI><a href="#[cd]">&gt;&gt;</a>&nbsp;&nbsp;&nbsp;USBD_Resume
</UL>
<BR>[Address Reference Count : 1]<UL><LI> usbd_it.o(.data)
</UL>
<P><STRONG><a name="[72]"></a>USBINT_WakeUp</STRONG> (Thumb, 26 bytes, Stack size 8 bytes, usbd_it.o(i.USBINT_WakeUp))
<BR><BR>[Stack]<UL><LI>Max Depth = 16<LI>Call Chain = USBINT_WakeUp &rArr; USBD_Resume
</UL>
<BR>[Calls]<UL><LI><a href="#[cd]">&gt;&gt;</a>&nbsp;&nbsp;&nbsp;USBD_Resume
</UL>
<BR>[Address Reference Count : 1]<UL><LI> usbd_it.o(.data)
</UL>
<P><STRONG><a name="[ce]"></a>ResumeMCU</STRONG> (Thumb, 28 bytes, Stack size 0 bytes, usbd_pwr.o(i.ResumeMCU))
<BR><BR>[Called By]<UL><LI><a href="#[cd]">&gt;&gt;</a>&nbsp;&nbsp;&nbsp;USBD_Resume
</UL>

<P><STRONG><a name="[97]"></a>MSC_BBB_Abort</STRONG> (Thumb, 60 bytes, Stack size 8 bytes, usbd_msc_bot.o(i.MSC_BBB_Abort))
<BR><BR>[Stack]<UL><LI>Max Depth = 32<LI>Call Chain = MSC_BBB_Abort &rArr; USB_EP_Rx
</UL>
<BR>[Calls]<UL><LI><a href="#[98]">&gt;&gt;</a>&nbsp;&nbsp;&nbsp;USB_EP_Stall
<LI><a href="#[99]">&gt;&gt;</a>&nbsp;&nbsp;&nbsp;USB_EP_Rx
</UL>
<BR>[Called By]<UL><LI><a href="#[9a]">&gt;&gt;</a>&nbsp;&nbsp;&nbsp;MSC_BBB_CBW_Decode
</UL>

<P><STRONG><a name="[9a]"></a>MSC_BBB_CBW_Decode</STRONG> (Thumb, 176 bytes, Stack size 16 bytes, usbd_msc_bot.o(i.MSC_BBB_CBW_Decode))
<BR><BR>[Stack]<UL><LI>Max Depth = 140<LI>Call Chain = MSC_BBB_CBW_Decode &rArr; SCSI_ProcessCmd &rArr; SCSI_Write10 &rArr; SCSI_ProcessWrite &rArr; MSC_BBB_SendCSW &rArr; USB_EP_Tx &rArr; UserCopyToBuffer
</UL>
<BR>[Calls]<UL><LI><a href="#[9b]">&gt;&gt;</a>&nbsp;&nbsp;&nbsp;SCSI_SenseCode
<LI><a href="#[9c]">&gt;&gt;</a>&nbsp;&nbsp;&nbsp;SCSI_ProcessCmd
<LI><a href="#[9e]">&gt;&gt;</a>&nbsp;&nbsp;&nbsp;MSC_BBB_SendCSW
<LI><a href="#[9d]">&gt;&gt;</a>&nbsp;&nbsp;&nbsp;MSC_BBB_SendData
<LI><a href="#[97]">&gt;&gt;</a>&nbsp;&nbsp;&nbsp;MSC_BBB_Abort
</UL>
<BR>[Called By]<UL><LI><a href="#[a1]">&gt;&gt;</a>&nbsp;&nbsp;&nbsp;MSC_BBB_DataOut
</UL>

<P><STRONG><a name="[9d]"></a>MSC_BBB_SendData</STRONG> (Thumb, 60 bytes, Stack size 16 bytes, usbd_msc_bot.o(i.MSC_BBB_SendData))
<BR><BR>[Stack]<UL><LI>Max Depth = 68<LI>Call Chain = MSC_BBB_SendData &rArr; USB_EP_Tx &rArr; UserCopyToBuffer
</UL>
<BR>[Calls]<UL><LI><a href="#[a4]">&gt;&gt;</a>&nbsp;&nbsp;&nbsp;USB_EP_Tx
</UL>
<BR>[Called By]<UL><LI><a href="#[9a]">&gt;&gt;</a>&nbsp;&nbsp;&nbsp;MSC_BBB_CBW_Decode
</UL>

<P><STRONG><a name="[76]"></a>USBD_MSC_ClassReqHandle</STRONG> (Thumb, 152 bytes, Stack size 16 bytes, usbd_msc_core.o(i.USBD_MSC_ClassReqHandle))
<BR><BR>[Stack]<UL><LI>Max Depth = 84<LI>Call Chain = USBD_MSC_ClassReqHandle &rArr; USB_CtlTx &rArr; USB_EP_Tx &rArr; UserCopyToBuffer
</UL>
<BR>[Calls]<UL><LI><a href="#[c4]">&gt;&gt;</a>&nbsp;&nbsp;&nbsp;USB_CtlTx
<LI><a href="#[a3]">&gt;&gt;</a>&nbsp;&nbsp;&nbsp;MSC_BBB_Reset
<LI><a href="#[b9]">&gt;&gt;</a>&nbsp;&nbsp;&nbsp;USBD_EnumError
</UL>
<BR>[Address Reference Count : 1]<UL><LI> usbd_msc_core.o(.data)
</UL>
<P><STRONG><a name="[7c]"></a>USBD_MSC_ClearFeature</STRONG> (Thumb, 18 bytes, Stack size 16 bytes, usbd_msc_core.o(i.USBD_MSC_ClearFeature))
<BR><BR>[Stack]<UL><LI>Max Depth = 100<LI>Call Chain = USBD_MSC_ClearFeature &rArr; MSC_BBB_CplClrFeature &rArr; MSC_BBB_SendCSW &rArr; USB_EP_Tx &rArr; UserCopyToBuffer
</UL>
<BR>[Calls]<UL><LI><a href="#[9f]">&gt;&gt;</a>&nbsp;&nbsp;&nbsp;MSC_BBB_CplClrFeature
</UL>
<BR>[Address Reference Count : 1]<UL><LI> usbd_msc_core.o(.data)
</UL>
<P><STRONG><a name="[79]"></a>USBD_MSC_DataIn</STRONG> (Thumb, 18 bytes, Stack size 16 bytes, usbd_msc_core.o(i.USBD_MSC_DataIn))
<BR><BR>[Stack]<UL><LI>Max Depth = 156<LI>Call Chain = USBD_MSC_DataIn &rArr; MSC_BBB_DataIn &rArr; SCSI_ProcessCmd &rArr; SCSI_Write10 &rArr; SCSI_ProcessWrite &rArr; MSC_BBB_SendCSW &rArr; USB_EP_Tx &rArr; UserCopyToBuffer
</UL>
<BR>[Calls]<UL><LI><a href="#[a0]">&gt;&gt;</a>&nbsp;&nbsp;&nbsp;MSC_BBB_DataIn
</UL>
<BR>[Address Reference Count : 1]<UL><LI> usbd_msc_core.o(.data)
</UL>
<P><STRONG><a name="[7a]"></a>USBD_MSC_DataOut</STRONG> (Thumb, 18 bytes, Stack size 16 bytes, usbd_msc_core.o(i.USBD_MSC_DataOut))
<BR><BR>[Stack]<UL><LI>Max Depth = 172<LI>Call Chain = USBD_MSC_DataOut &rArr; MSC_BBB_DataOut &rArr; MSC_BBB_CBW_Decode &rArr; SCSI_ProcessCmd &rArr; SCSI_Write10 &rArr; SCSI_ProcessWrite &rArr; MSC_BBB_SendCSW &rArr; USB_EP_Tx &rArr; UserCopyToBuffer
</UL>
<BR>[Calls]<UL><LI><a href="#[a1]">&gt;&gt;</a>&nbsp;&nbsp;&nbsp;MSC_BBB_DataOut
</UL>
<BR>[Address Reference Count : 1]<UL><LI> usbd_msc_core.o(.data)
</UL>
<P><STRONG><a name="[74]"></a>USBD_MSC_DeInit</STRONG> (Thumb, 32 bytes, Stack size 16 bytes, usbd_msc_core.o(i.USBD_MSC_DeInit))
<BR><BR>[Stack]<UL><LI>Max Depth = 32<LI>Call Chain = USBD_MSC_DeInit &rArr; USB_EP_DeInit
</UL>
<BR>[Calls]<UL><LI><a href="#[c9]">&gt;&gt;</a>&nbsp;&nbsp;&nbsp;USB_EP_DeInit
<LI><a href="#[ca]">&gt;&gt;</a>&nbsp;&nbsp;&nbsp;MSC_BBB_DeInit
</UL>
<BR>[Address Reference Count : 1]<UL><LI> usbd_msc_core.o(.data)
</UL>
<P><STRONG><a name="[7b]"></a>USBD_MSC_GetCfgDesc</STRONG> (Thumb, 10 bytes, Stack size 0 bytes, usbd_msc_core.o(i.USBD_MSC_GetCfgDesc))
<BR>[Address Reference Count : 1]<UL><LI> usbd_msc_core.o(.data)
</UL>
<P><STRONG><a name="[75]"></a>USBD_MSC_GetClassDescriptor</STRONG> (Thumb, 6 bytes, Stack size 0 bytes, usbd_msc_core.o(i.USBD_MSC_GetClassDescriptor))
<BR>[Address Reference Count : 1]<UL><LI> usbd_msc_core.o(.data)
</UL>
<P><STRONG><a name="[77]"></a>USBD_MSC_GetInterface</STRONG> (Thumb, 20 bytes, Stack size 16 bytes, usbd_msc_core.o(i.USBD_MSC_GetInterface))
<BR><BR>[Stack]<UL><LI>Max Depth = 84<LI>Call Chain = USBD_MSC_GetInterface &rArr; USB_CtlTx &rArr; USB_EP_Tx &rArr; UserCopyToBuffer
</UL>
<BR>[Calls]<UL><LI><a href="#[c4]">&gt;&gt;</a>&nbsp;&nbsp;&nbsp;USB_CtlTx
</UL>
<BR>[Address Reference Count : 1]<UL><LI> usbd_msc_core.o(.data)
</UL>
<P><STRONG><a name="[73]"></a>USBD_MSC_Init</STRONG> (Thumb, 64 bytes, Stack size 16 bytes, usbd_msc_core.o(i.USBD_MSC_Init))
<BR><BR>[Stack]<UL><LI>Max Depth = 48<LI>Call Chain = USBD_MSC_Init &rArr; MSC_BBB_Init &rArr; USB_EP_Rx
</UL>
<BR>[Calls]<UL><LI><a href="#[cc]">&gt;&gt;</a>&nbsp;&nbsp;&nbsp;USB_EP_Init
<LI><a href="#[cb]">&gt;&gt;</a>&nbsp;&nbsp;&nbsp;USB_EP_BufConfig
<LI><a href="#[a2]">&gt;&gt;</a>&nbsp;&nbsp;&nbsp;MSC_BBB_Init
</UL>
<BR>[Address Reference Count : 1]<UL><LI> usbd_msc_core.o(.data)
</UL>
<P><STRONG><a name="[78]"></a>USBD_MSC_SetInterface</STRONG> (Thumb, 12 bytes, Stack size 0 bytes, usbd_msc_core.o(i.USBD_MSC_SetInterface))
<BR>[Address Reference Count : 1]<UL><LI> usbd_msc_core.o(.data)
</UL>
<P><STRONG><a name="[aa]"></a>SCSI_AllowMediumRemoval</STRONG> (Thumb, 10 bytes, Stack size 0 bytes, usbd_msc_scsi.o(i.SCSI_AllowMediumRemoval))
<BR><BR>[Called By]<UL><LI><a href="#[9c]">&gt;&gt;</a>&nbsp;&nbsp;&nbsp;SCSI_ProcessCmd
</UL>

<P><STRONG><a name="[a5]"></a>SCSI_CheckAddressRange</STRONG> (Thumb, 38 bytes, Stack size 16 bytes, usbd_msc_scsi.o(i.SCSI_CheckAddressRange))
<BR><BR>[Stack]<UL><LI>Max Depth = 28<LI>Call Chain = SCSI_CheckAddressRange &rArr; SCSI_SenseCode
</UL>
<BR>[Calls]<UL><LI><a href="#[9b]">&gt;&gt;</a>&nbsp;&nbsp;&nbsp;SCSI_SenseCode
</UL>
<BR>[Called By]<UL><LI><a href="#[b0]">&gt;&gt;</a>&nbsp;&nbsp;&nbsp;SCSI_Write10
<LI><a href="#[b1]">&gt;&gt;</a>&nbsp;&nbsp;&nbsp;SCSI_Verify10
<LI><a href="#[af]">&gt;&gt;</a>&nbsp;&nbsp;&nbsp;SCSI_Read10
</UL>

<P><STRONG><a name="[b2]"></a>SCSI_Format_Cmd</STRONG> (Thumb, 6 bytes, Stack size 0 bytes, usbd_msc_scsi.o(i.SCSI_Format_Cmd))
<BR><BR>[Called By]<UL><LI><a href="#[9c]">&gt;&gt;</a>&nbsp;&nbsp;&nbsp;SCSI_ProcessCmd
</UL>

<P><STRONG><a name="[a8]"></a>SCSI_Inquiry</STRONG> (Thumb, 74 bytes, Stack size 12 bytes, usbd_msc_scsi.o(i.SCSI_Inquiry))
<BR><BR>[Stack]<UL><LI>Max Depth = 12<LI>Call Chain = SCSI_Inquiry
</UL>
<BR>[Called By]<UL><LI><a href="#[9c]">&gt;&gt;</a>&nbsp;&nbsp;&nbsp;SCSI_ProcessCmd
</UL>

<P><STRONG><a name="[ac]"></a>SCSI_ModeSense10</STRONG> (Thumb, 34 bytes, Stack size 8 bytes, usbd_msc_scsi.o(i.SCSI_ModeSense10))
<BR><BR>[Stack]<UL><LI>Max Depth = 8<LI>Call Chain = SCSI_ModeSense10
</UL>
<BR>[Called By]<UL><LI><a href="#[9c]">&gt;&gt;</a>&nbsp;&nbsp;&nbsp;SCSI_ProcessCmd
</UL>

<P><STRONG><a name="[ab]"></a>SCSI_ModeSense6</STRONG> (Thumb, 34 bytes, Stack size 8 bytes, usbd_msc_scsi.o(i.SCSI_ModeSense6))
<BR><BR>[Stack]<UL><LI>Max Depth = 8<LI>Call Chain = SCSI_ModeSense6
</UL>
<BR>[Called By]<UL><LI><a href="#[9c]">&gt;&gt;</a>&nbsp;&nbsp;&nbsp;SCSI_ProcessCmd
</UL>

<P><STRONG><a name="[af]"></a>SCSI_Read10</STRONG> (Thumb, 212 bytes, Stack size 16 bytes, usbd_msc_scsi.o(i.SCSI_Read10))
<BR><BR>[Stack]<UL><LI>Max Depth = 92<LI>Call Chain = SCSI_Read10 &rArr; SCSI_ProcessRead &rArr; USB_EP_Tx &rArr; UserCopyToBuffer
</UL>
<BR>[Calls]<UL><LI><a href="#[b3]">&gt;&gt;</a>&nbsp;&nbsp;&nbsp;SCSI_ProcessRead
<LI><a href="#[a5]">&gt;&gt;</a>&nbsp;&nbsp;&nbsp;SCSI_CheckAddressRange
<LI><a href="#[9b]">&gt;&gt;</a>&nbsp;&nbsp;&nbsp;SCSI_SenseCode
</UL>
<BR>[Called By]<UL><LI><a href="#[9c]">&gt;&gt;</a>&nbsp;&nbsp;&nbsp;SCSI_ProcessCmd
</UL>

<P><STRONG><a name="[ae]"></a>SCSI_ReadCapacity10</STRONG> (Thumb, 100 bytes, Stack size 16 bytes, usbd_msc_scsi.o(i.SCSI_ReadCapacity10))
<BR><BR>[Stack]<UL><LI>Max Depth = 28<LI>Call Chain = SCSI_ReadCapacity10 &rArr; SCSI_SenseCode
</UL>
<BR>[Calls]<UL><LI><a href="#[9b]">&gt;&gt;</a>&nbsp;&nbsp;&nbsp;SCSI_SenseCode
</UL>
<BR>[Called By]<UL><LI><a href="#[9c]">&gt;&gt;</a>&nbsp;&nbsp;&nbsp;SCSI_ProcessCmd
</UL>

<P><STRONG><a name="[ad]"></a>SCSI_ReadFormatCapacity</STRONG> (Thumb, 110 bytes, Stack size 24 bytes, usbd_msc_scsi.o(i.SCSI_ReadFormatCapacity))
<BR><BR>[Stack]<UL><LI>Max Depth = 36<LI>Call Chain = SCSI_ReadFormatCapacity &rArr; SCSI_SenseCode
</UL>
<BR>[Calls]<UL><LI><a href="#[9b]">&gt;&gt;</a>&nbsp;&nbsp;&nbsp;SCSI_SenseCode
</UL>
<BR>[Called By]<UL><LI><a href="#[9c]">&gt;&gt;</a>&nbsp;&nbsp;&nbsp;SCSI_ProcessCmd
</UL>

<P><STRONG><a name="[a7]"></a>SCSI_RequestSense</STRONG> (Thumb, 144 bytes, Stack size 8 bytes, usbd_msc_scsi.o(i.SCSI_RequestSense))
<BR><BR>[Stack]<UL><LI>Max Depth = 8<LI>Call Chain = SCSI_RequestSense
</UL>
<BR>[Called By]<UL><LI><a href="#[9c]">&gt;&gt;</a>&nbsp;&nbsp;&nbsp;SCSI_ProcessCmd
</UL>

<P><STRONG><a name="[a9]"></a>SCSI_StartStopUnit</STRONG> (Thumb, 10 bytes, Stack size 0 bytes, usbd_msc_scsi.o(i.SCSI_StartStopUnit))
<BR><BR>[Called By]<UL><LI><a href="#[9c]">&gt;&gt;</a>&nbsp;&nbsp;&nbsp;SCSI_ProcessCmd
</UL>

<P><STRONG><a name="[a6]"></a>SCSI_TestUnitReady</STRONG> (Thumb, 68 bytes, Stack size 16 bytes, usbd_msc_scsi.o(i.SCSI_TestUnitReady))
<BR><BR>[Stack]<UL><LI>Max Depth = 28<LI>Call Chain = SCSI_TestUnitReady &rArr; SCSI_SenseCode
</UL>
<BR>[Calls]<UL><LI><a href="#[9b]">&gt;&gt;</a>&nbsp;&nbsp;&nbsp;SCSI_SenseCode
</UL>
<BR>[Called By]<UL><LI><a href="#[9c]">&gt;&gt;</a>&nbsp;&nbsp;&nbsp;SCSI_ProcessCmd
</UL>

<P><STRONG><a name="[b1]"></a>SCSI_Verify10</STRONG> (Thumb, 68 bytes, Stack size 16 bytes, usbd_msc_scsi.o(i.SCSI_Verify10))
<BR><BR>[Stack]<UL><LI>Max Depth = 44<LI>Call Chain = SCSI_Verify10 &rArr; SCSI_CheckAddressRange &rArr; SCSI_SenseCode
</UL>
<BR>[Calls]<UL><LI><a href="#[a5]">&gt;&gt;</a>&nbsp;&nbsp;&nbsp;SCSI_CheckAddressRange
<LI><a href="#[9b]">&gt;&gt;</a>&nbsp;&nbsp;&nbsp;SCSI_SenseCode
</UL>
<BR>[Called By]<UL><LI><a href="#[9c]">&gt;&gt;</a>&nbsp;&nbsp;&nbsp;SCSI_ProcessCmd
</UL>

<P><STRONG><a name="[b0]"></a>SCSI_Write10</STRONG> (Thumb, 274 bytes, Stack size 16 bytes, usbd_msc_scsi.o(i.SCSI_Write10))
<BR><BR>[Stack]<UL><LI>Max Depth = 108<LI>Call Chain = SCSI_Write10 &rArr; SCSI_ProcessWrite &rArr; MSC_BBB_SendCSW &rArr; USB_EP_Tx &rArr; UserCopyToBuffer
</UL>
<BR>[Calls]<UL><LI><a href="#[99]">&gt;&gt;</a>&nbsp;&nbsp;&nbsp;USB_EP_Rx
<LI><a href="#[b4]">&gt;&gt;</a>&nbsp;&nbsp;&nbsp;SCSI_ProcessWrite
<LI><a href="#[a5]">&gt;&gt;</a>&nbsp;&nbsp;&nbsp;SCSI_CheckAddressRange
<LI><a href="#[9b]">&gt;&gt;</a>&nbsp;&nbsp;&nbsp;SCSI_SenseCode
</UL>
<BR>[Called By]<UL><LI><a href="#[9c]">&gt;&gt;</a>&nbsp;&nbsp;&nbsp;SCSI_ProcessCmd
</UL>

<P><STRONG><a name="[b6]"></a>SetSysClock</STRONG> (Thumb, 8 bytes, Stack size 8 bytes, system_gd32f10x.o(i.SetSysClock))
<BR><BR>[Stack]<UL><LI>Max Depth = 20<LI>Call Chain = SetSysClock &rArr; SetSysClockTo72
</UL>
<BR>[Calls]<UL><LI><a href="#[b7]">&gt;&gt;</a>&nbsp;&nbsp;&nbsp;SetSysClockTo72
</UL>
<BR>[Called By]<UL><LI><a href="#[49]">&gt;&gt;</a>&nbsp;&nbsp;&nbsp;SystemInit
</UL>

<P><STRONG><a name="[b7]"></a>SetSysClockTo72</STRONG> (Thumb, 186 bytes, Stack size 12 bytes, system_gd32f10x.o(i.SetSysClockTo72))
<BR><BR>[Stack]<UL><LI>Max Depth = 12<LI>Call Chain = SetSysClockTo72
</UL>
<BR>[Called By]<UL><LI><a href="#[b6]">&gt;&gt;</a>&nbsp;&nbsp;&nbsp;SetSysClock
</UL>
<P>
<H3>
Undefined Global Symbols
</H3><HR></body></html>
