<html>
<body>
<pre>
<h1>µVision Build Log</h1>
<h2>Tool Versions:</h2>
IDE-Version: ¦ÌVision V5.14.2
Copyright (C) 2015 ARM Ltd and ARM Germany GmbH. All rights reserved.
License Information: Cortex-M3, ITianKong.Com, LIC=TIVHL-0FPJC-TF6I4-FJIE1-9RM72-U5XLA
 
Tool Versions:
Toolchain:       MDK-ARM Standard  Version: 5.14.0.0
Toolchain Path:  D:\Keil_v5\ARM\ARMCC\Bin
C Compiler:      Armcc.exe V5.05 update 1 (build 106)
Assembler:       Armasm.exe V5.05 update 1 (build 106)
Linker/Locator:  ArmLink.exe V5.05 update 1 (build 106)
Library Manager: ArmAr.exe V5.05 update 1 (build 106)
Hex Converter:   FromElf.exe V5.05 update 1 (build 106)
CPU DLL:         SARMCM3.DLL V5.14.0.0
Dialog DLL:      DCM.DLL V1.13.1.0
Target DLL:      STLink\ST-LINKIII-KEIL_SWO.dll V2.0.14.0_KEIL
Dialog DLL:      TCM.DLL V1.14.4.0
 
<h2>Project:</h2>
E:\program\GD32\GD32F10x_USB_FS_Device_Lib_V1.0.0\Projects\USB IAP\MDK-ARM\usbd_custom_hid.uvproj
Project File Date:  03/23/2015

<h2>Output:</h2>
*** Using Compiler 'V5.05 update 1 (build 106)', folder: 'D:\Keil_v5\ARM\ARMCC\Bin'
Build target 'GD32103C_USB_IAP'
compiling main.c...
compiling usbd_desc.c...
compiling usbd_user.c...
compiling usb_hwp.c...
compiling gd32_it.c...
compiling usbd_flash_if.c...
compiling usbd_iap_core.c...
compiling usbd_iap_mal.c...
compiling usb_buf.c...
compiling usb_core.c...
compiling usb_int.c...
compiling usbd_core.c...
compiling usbd_enum.c...
compiling usbd_it.c...
compiling usbd_pwr.c...
linking...
Program Size: Code=10428 RO-data=604 RW-data=356 ZI-data=1380  
FromELF: creating hex file...
".\obj\Custom_HID.axf" - 0 Error(s), 0 Warning(s).
</pre>
</body>
</html>
